<?xml version="1.0" encoding="ISO-8859-1" ?>
<link_info>
   <banner>TI ARM Linker PC v20.2.7.LTS</banner>
   <copyright>Copyright (c) 1996-2018 Texas Instruments Incorporated</copyright>
   <link_time>0x637b921a</link_time>
   <link_errors>0x0</link_errors>
   <output_file>uart2echo_CC3220S_LAUNCHXL_nortos_ccs.out</output_file>
   <entry_point>
      <name>resetISR</name>
      <address>0x2000f86d</address>
   </entry_point>
   <input_file_list>
      <input_file id="fl-2">
         <path>.\</path>
         <kind>object</kind>
         <file>main_nortos.obj</file>
         <name>main_nortos.obj</name>
      </input_file>
      <input_file id="fl-3">
         <path>.\</path>
         <kind>object</kind>
         <file>uart2echo.obj</file>
         <name>uart2echo.obj</name>
      </input_file>
      <input_file id="fl-4">
         <path>.\syscfg\</path>
         <kind>object</kind>
         <file>ti_drivers_config.obj</file>
         <name>ti_drivers_config.obj</name>
      </input_file>
      <input_file id="fl-d">
         <kind>object</kind>
         <file>&lt;internal&gt;</file>
         <name>&lt;internal&gt;</name>
      </input_file>
      <input_file id="fl-e">
         <path>C:\ti\simplelink_cc32xx_sdk_6_10_00_05\source\ti\drivers\lib\ccs\m4\</path>
         <kind>archive</kind>
         <file>drivers_cc32xx.a</file>
         <name>UART2.oem4</name>
      </input_file>
      <input_file id="fl-f">
         <path>C:\ti\simplelink_cc32xx_sdk_6_10_00_05\source\ti\drivers\lib\ccs\m4\</path>
         <kind>archive</kind>
         <file>drivers_cc32xx.a</file>
         <name>RingBuf.oem4</name>
      </input_file>
      <input_file id="fl-10">
         <path>C:\ti\simplelink_cc32xx_sdk_6_10_00_05\source\ti\drivers\lib\ccs\m4\</path>
         <kind>archive</kind>
         <file>drivers_cc32xx.a</file>
         <name>GPIOCC32XX.oem4</name>
      </input_file>
      <input_file id="fl-11">
         <path>C:\ti\simplelink_cc32xx_sdk_6_10_00_05\source\ti\drivers\lib\ccs\m4\</path>
         <kind>archive</kind>
         <file>drivers_cc32xx.a</file>
         <name>PowerCC32XX.oem4</name>
      </input_file>
      <input_file id="fl-12">
         <path>C:\ti\simplelink_cc32xx_sdk_6_10_00_05\source\ti\drivers\lib\ccs\m4\</path>
         <kind>archive</kind>
         <file>drivers_cc32xx.a</file>
         <name>PowerCC32XX_asm.oem4</name>
      </input_file>
      <input_file id="fl-13">
         <path>C:\ti\simplelink_cc32xx_sdk_6_10_00_05\source\ti\drivers\lib\ccs\m4\</path>
         <kind>archive</kind>
         <file>drivers_cc32xx.a</file>
         <name>UART2CC32XX.oem4</name>
      </input_file>
      <input_file id="fl-14">
         <path>C:\ti\simplelink_cc32xx_sdk_6_10_00_05\source\ti\drivers\lib\ccs\m4\</path>
         <kind>archive</kind>
         <file>drivers_cc32xx.a</file>
         <name>List.oem4</name>
      </input_file>
      <input_file id="fl-15">
         <path>C:\ti\simplelink_cc32xx_sdk_6_10_00_05\source\ti\drivers\lib\ccs\m4\</path>
         <kind>archive</kind>
         <file>drivers_cc32xx.a</file>
         <name>UDMACC32XX.oem4</name>
      </input_file>
      <input_file id="fl-16">
         <path>C:\ti\simplelink_cc32xx_sdk_6_10_00_05\kernel\nortos\lib\ccs\m4\</path>
         <kind>archive</kind>
         <file>nortos_cc32xx.a</file>
         <name>NoRTOS.oem4</name>
      </input_file>
      <input_file id="fl-17">
         <path>C:\ti\simplelink_cc32xx_sdk_6_10_00_05\kernel\nortos\lib\ccs\m4\</path>
         <kind>archive</kind>
         <file>nortos_cc32xx.a</file>
         <name>SemaphoreP_nortos.oem4</name>
      </input_file>
      <input_file id="fl-18">
         <path>C:\ti\simplelink_cc32xx_sdk_6_10_00_05\kernel\nortos\lib\ccs\m4\</path>
         <kind>archive</kind>
         <file>nortos_cc32xx.a</file>
         <name>ClockPSysTick_nortos.oem4</name>
      </input_file>
      <input_file id="fl-19">
         <path>C:\ti\simplelink_cc32xx_sdk_6_10_00_05\kernel\nortos\lib\ccs\m4\</path>
         <kind>archive</kind>
         <file>nortos_cc32xx.a</file>
         <name>HwiPCC32XX_nortos.oem4</name>
      </input_file>
      <input_file id="fl-1a">
         <path>C:\ti\simplelink_cc32xx_sdk_6_10_00_05\kernel\nortos\lib\ccs\m4\</path>
         <kind>archive</kind>
         <file>nortos_cc32xx.a</file>
         <name>PowerCC32XX_nortos.oem4</name>
      </input_file>
      <input_file id="fl-1b">
         <path>C:\ti\simplelink_cc32xx_sdk_6_10_00_05\kernel\nortos\lib\ccs\m4\</path>
         <kind>archive</kind>
         <file>nortos_cc32xx.a</file>
         <name>startup_cc32xx_ccs.oem4</name>
      </input_file>
      <input_file id="fl-1c">
         <path>C:\ti\simplelink_cc32xx_sdk_6_10_00_05\kernel\nortos\lib\ccs\m4\</path>
         <kind>archive</kind>
         <file>nortos_cc32xx.a</file>
         <name>SwiP_nortos.oem4</name>
      </input_file>
      <input_file id="fl-1d">
         <path>C:\ti\simplelink_cc32xx_sdk_6_10_00_05\kernel\nortos\lib\ccs\m4\</path>
         <kind>archive</kind>
         <file>nortos_cc32xx.a</file>
         <name>QueueP_nortos.oem4</name>
      </input_file>
      <input_file id="fl-1e">
         <path>C:\ti\simplelink_cc32xx_sdk_6_10_00_05\source\ti\devices\cc32xx\driverlib\ccs\Release\</path>
         <kind>archive</kind>
         <file>driverlib.a</file>
         <name>cpu.obj</name>
      </input_file>
      <input_file id="fl-1f">
         <path>C:\ti\simplelink_cc32xx_sdk_6_10_00_05\source\ti\devices\cc32xx\driverlib\ccs\Release\</path>
         <kind>archive</kind>
         <file>driverlib.a</file>
         <name>interrupt.obj</name>
      </input_file>
      <input_file id="fl-20">
         <path>C:\ti\simplelink_cc32xx_sdk_6_10_00_05\source\ti\devices\cc32xx\driverlib\ccs\Release\</path>
         <kind>archive</kind>
         <file>driverlib.a</file>
         <name>pin.obj</name>
      </input_file>
      <input_file id="fl-21">
         <path>C:\ti\simplelink_cc32xx_sdk_6_10_00_05\source\ti\devices\cc32xx\driverlib\ccs\Release\</path>
         <kind>archive</kind>
         <file>driverlib.a</file>
         <name>prcm.obj</name>
      </input_file>
      <input_file id="fl-22">
         <path>C:\ti\simplelink_cc32xx_sdk_6_10_00_05\source\ti\devices\cc32xx\driverlib\ccs\Release\</path>
         <kind>archive</kind>
         <file>driverlib.a</file>
         <name>uart.obj</name>
      </input_file>
      <input_file id="fl-23">
         <path>C:\ti\simplelink_cc32xx_sdk_6_10_00_05\source\ti\devices\cc32xx\driverlib\ccs\Release\</path>
         <kind>archive</kind>
         <file>driverlib.a</file>
         <name>udma.obj</name>
      </input_file>
      <input_file id="fl-24">
         <path>C:\ti\simplelink_cc32xx_sdk_6_10_00_05\source\ti\devices\cc32xx\driverlib\ccs\Release\</path>
         <kind>archive</kind>
         <file>driverlib.a</file>
         <name>utils.obj</name>
      </input_file>
      <input_file id="fl-25">
         <path>C:\ti\simplelink_cc32xx_sdk_6_10_00_05\source\ti\devices\cc32xx\driverlib\ccs\Release\</path>
         <kind>archive</kind>
         <file>driverlib.a</file>
         <name>flash.obj</name>
      </input_file>
      <input_file id="fl-db">
         <path>C:\CodeComposerStudio\ccs\tools\compiler\ti-cgt-arm_20.2.7.LTS\lib\</path>
         <kind>archive</kind>
         <file>rtsv7M4_T_le_eabi.lib</file>
         <name>ll_mul_t2.asm.obj</name>
      </input_file>
      <input_file id="fl-dc">
         <path>C:\CodeComposerStudio\ccs\tools\compiler\ti-cgt-arm_20.2.7.LTS\lib\</path>
         <kind>archive</kind>
         <file>rtsv7M4_T_le_eabi.lib</file>
         <name>memcpy_t2.asm.obj</name>
      </input_file>
      <input_file id="fl-dd">
         <path>C:\CodeComposerStudio\ccs\tools\compiler\ti-cgt-arm_20.2.7.LTS\lib\</path>
         <kind>archive</kind>
         <file>rtsv7M4_T_le_eabi.lib</file>
         <name>ull_div_t2.asm.obj</name>
      </input_file>
      <input_file id="fl-de">
         <path>C:\CodeComposerStudio\ccs\tools\compiler\ti-cgt-arm_20.2.7.LTS\lib\</path>
         <kind>archive</kind>
         <file>rtsv7M4_T_le_eabi.lib</file>
         <name>copy_zero_init.c.obj</name>
      </input_file>
      <input_file id="fl-df">
         <path>C:\CodeComposerStudio\ccs\tools\compiler\ti-cgt-arm_20.2.7.LTS\lib\</path>
         <kind>archive</kind>
         <file>rtsv7M4_T_le_eabi.lib</file>
         <name>copy_decompress_none.c.obj</name>
      </input_file>
      <input_file id="fl-e0">
         <path>C:\CodeComposerStudio\ccs\tools\compiler\ti-cgt-arm_20.2.7.LTS\lib\</path>
         <kind>archive</kind>
         <file>rtsv7M4_T_le_eabi.lib</file>
         <name>copy_decompress_lzss.c.obj</name>
      </input_file>
      <input_file id="fl-e1">
         <path>C:\CodeComposerStudio\ccs\tools\compiler\ti-cgt-arm_20.2.7.LTS\lib\</path>
         <kind>archive</kind>
         <file>rtsv7M4_T_le_eabi.lib</file>
         <name>memory.c.obj</name>
      </input_file>
      <input_file id="fl-e2">
         <path>C:\CodeComposerStudio\ccs\tools\compiler\ti-cgt-arm_20.2.7.LTS\lib\</path>
         <kind>archive</kind>
         <file>rtsv7M4_T_le_eabi.lib</file>
         <name>boot_cortex_m.c.obj</name>
      </input_file>
      <input_file id="fl-e3">
         <path>C:\CodeComposerStudio\ccs\tools\compiler\ti-cgt-arm_20.2.7.LTS\lib\</path>
         <kind>archive</kind>
         <file>rtsv7M4_T_le_eabi.lib</file>
         <name>div0.asm.obj</name>
      </input_file>
      <input_file id="fl-e4">
         <path>C:\CodeComposerStudio\ccs\tools\compiler\ti-cgt-arm_20.2.7.LTS\lib\</path>
         <kind>archive</kind>
         <file>rtsv7M4_T_le_eabi.lib</file>
         <name>memset_t2.asm.obj</name>
      </input_file>
      <input_file id="fl-e5">
         <path>C:\CodeComposerStudio\ccs\tools\compiler\ti-cgt-arm_20.2.7.LTS\lib\</path>
         <kind>archive</kind>
         <file>rtsv7M4_T_le_eabi.lib</file>
         <name>autoinit.c.obj</name>
      </input_file>
      <input_file id="fl-e6">
         <path>C:\CodeComposerStudio\ccs\tools\compiler\ti-cgt-arm_20.2.7.LTS\lib\</path>
         <kind>archive</kind>
         <file>rtsv7M4_T_le_eabi.lib</file>
         <name>pre_init.c.obj</name>
      </input_file>
      <input_file id="fl-e7">
         <path>C:\CodeComposerStudio\ccs\tools\compiler\ti-cgt-arm_20.2.7.LTS\lib\</path>
         <kind>archive</kind>
         <file>rtsv7M4_T_le_eabi.lib</file>
         <name>cpy_tbl.c.obj</name>
      </input_file>
      <input_file id="fl-e8">
         <path>C:\CodeComposerStudio\ccs\tools\compiler\ti-cgt-arm_20.2.7.LTS\lib\</path>
         <kind>archive</kind>
         <file>rtsv7M4_T_le_eabi.lib</file>
         <name>exit.c.obj</name>
      </input_file>
      <input_file id="fl-e9">
         <path>C:\CodeComposerStudio\ccs\tools\compiler\ti-cgt-arm_20.2.7.LTS\lib\</path>
         <kind>archive</kind>
         <file>rtsv7M4_T_le_eabi.lib</file>
         <name>_lock.c.obj</name>
      </input_file>
      <input_file id="fl-ea">
         <path>C:\CodeComposerStudio\ccs\tools\compiler\ti-cgt-arm_20.2.7.LTS\lib\</path>
         <kind>archive</kind>
         <file>rtsv7M4_T_le_eabi.lib</file>
         <name>args_main.c.obj</name>
      </input_file>
   </input_file_list>
   <object_component_list>
      <object_component id="oc-1c5">
         <name>.text:PRCMCC3200MCUInit</name>
         <load_address>0x2000c040</load_address>
         <run_address>0x2000c040</run_address>
         <size>0x42c</size>
         <input_file_ref idref="fl-21"/>
      </object_component>
      <object_component id="oc-386">
         <name>.text:UART2_writeTimeout</name>
         <load_address>0x2000c46c</load_address>
         <run_address>0x2000c46c</run_address>
         <size>0x298</size>
         <input_file_ref idref="fl-e"/>
      </object_component>
      <object_component id="oc-1eb">
         <name>.text:UART2_open</name>
         <load_address>0x2000c704</load_address>
         <run_address>0x2000c704</run_address>
         <size>0x294</size>
         <input_file_ref idref="fl-13"/>
      </object_component>
      <object_component id="oc-35f">
         <name>.text:UART2CC32XX_hwiIntFxn</name>
         <load_address>0x2000c998</load_address>
         <run_address>0x2000c998</run_address>
         <size>0x234</size>
         <input_file_ref idref="fl-13"/>
      </object_component>
      <object_component id="oc-37f">
         <name>.text:UART2_readTimeout</name>
         <load_address>0x2000cbcc</load_address>
         <run_address>0x2000cbcc</run_address>
         <size>0x200</size>
         <input_file_ref idref="fl-e"/>
      </object_component>
      <object_component id="oc-3d2">
         <name>.text:PowerCC32XX_sleepPolicy</name>
         <load_address>0x2000cdcc</load_address>
         <run_address>0x2000cdcc</run_address>
         <size>0x1a0</size>
         <input_file_ref idref="fl-1a"/>
      </object_component>
      <object_component id="oc-1df">
         <name>.text:GPIO_setConfig</name>
         <load_address>0x2000cf6c</load_address>
         <run_address>0x2000cf6c</run_address>
         <size>0x154</size>
         <input_file_ref idref="fl-10"/>
      </object_component>
      <object_component id="oc-703">
         <name>.text:parkPins</name>
         <load_address>0x2000d0c0</load_address>
         <run_address>0x2000d0c0</run_address>
         <size>0x148</size>
         <input_file_ref idref="fl-11"/>
      </object_component>
      <object_component id="oc-5fa">
         <name>.text:Power_sleep</name>
         <load_address>0x2000d208</load_address>
         <run_address>0x2000d208</run_address>
         <size>0x138</size>
         <input_file_ref idref="fl-11"/>
      </object_component>
      <object_component id="oc-203">
         <name>.text:TickFunction_TrackEntry</name>
         <load_address>0x2000d340</load_address>
         <run_address>0x2000d340</run_address>
         <size>0x11c</size>
         <input_file_ref idref="fl-3"/>
      </object_component>
      <object_component id="oc-320">
         <name>.text:UART2_close</name>
         <load_address>0x2000d45c</load_address>
         <run_address>0x2000d45c</run_address>
         <size>0x108</size>
         <input_file_ref idref="fl-13"/>
      </object_component>
      <object_component id="oc-65c">
         <name>.text:aligned_alloc</name>
         <load_address>0x2000d564</load_address>
         <run_address>0x2000d564</run_address>
         <size>0x100</size>
         <input_file_ref idref="fl-e1"/>
      </object_component>
      <object_component id="oc-326">
         <name>.text:UART2CC32XX_initHw</name>
         <load_address>0x2000d664</load_address>
         <run_address>0x2000d664</run_address>
         <size>0xec</size>
         <input_file_ref idref="fl-13"/>
      </object_component>
      <object_component id="oc-530">
         <name>.text:UART2Support_dmaStartRx</name>
         <load_address>0x2000d750</load_address>
         <run_address>0x2000d750</run_address>
         <size>0xe4</size>
         <input_file_ref idref="fl-13"/>
      </object_component>
      <object_component id="oc-3f0">
         <name>.text:free</name>
         <load_address>0x2000d834</load_address>
         <run_address>0x2000d834</run_address>
         <size>0xe4</size>
         <input_file_ref idref="fl-e1"/>
      </object_component>
      <object_component id="oc-542">
         <name>.text:UART2Support_dmaStartTx</name>
         <load_address>0x2000d918</load_address>
         <run_address>0x2000d918</run_address>
         <size>0xc8</size>
         <input_file_ref idref="fl-13"/>
      </object_component>
      <object_component id="oc-720">
         <name>.text:restoreParkedPins</name>
         <load_address>0x2000d9e0</load_address>
         <run_address>0x2000d9e0</run_address>
         <size>0xc0</size>
         <input_file_ref idref="fl-11"/>
      </object_component>
      <object_component id="oc-b5">
         <name>.text:IntEnable</name>
         <load_address>0x2000daa0</load_address>
         <run_address>0x2000daa0</run_address>
         <size>0xa8</size>
         <input_file_ref idref="fl-1f"/>
      </object_component>
      <object_component id="oc-274">
         <name>.text:PowerCC32XX_configureWakeup</name>
         <load_address>0x2000db48</load_address>
         <run_address>0x2000db48</run_address>
         <size>0xa8</size>
         <input_file_ref idref="fl-11"/>
      </object_component>
      <object_component id="oc-299">
         <name>.text:SemaphoreP_pend</name>
         <load_address>0x2000dbf0</load_address>
         <run_address>0x2000dbf0</run_address>
         <size>0xa0</size>
         <input_file_ref idref="fl-17"/>
      </object_component>
      <object_component id="oc-3b">
         <name>.text</name>
         <load_address>0x2000dc90</load_address>
         <run_address>0x2000dc90</run_address>
         <size>0x9c</size>
         <input_file_ref idref="fl-dc"/>
      </object_component>
      <object_component id="oc-5f5">
         <name>.text</name>
         <load_address>0x2000dd2c</load_address>
         <run_address>0x2000dd2c</run_address>
         <size>0x96</size>
         <input_file_ref idref="fl-dd"/>
      </object_component>
      <object_component id="oc-1d7">
         <name>.text:Board_initHook</name>
         <load_address>0x2000ddc2</load_address>
         <run_address>0x2000ddc2</run_address>
         <size>0x2</size>
         <input_file_ref idref="fl-4"/>
      </object_component>
      <object_component id="oc-1d1">
         <name>.text:GPIO_init</name>
         <load_address>0x2000ddc4</load_address>
         <run_address>0x2000ddc4</run_address>
         <size>0x90</size>
         <input_file_ref idref="fl-10"/>
      </object_component>
      <object_component id="oc-714">
         <name>.text:restoreNVICRegs</name>
         <load_address>0x2000de54</load_address>
         <run_address>0x2000de54</run_address>
         <size>0x90</size>
         <input_file_ref idref="fl-11"/>
      </object_component>
      <object_component id="oc-332">
         <name>.text:HwiP_construct</name>
         <load_address>0x2000dee4</load_address>
         <run_address>0x2000dee4</run_address>
         <size>0x8c</size>
         <input_file_ref idref="fl-19"/>
      </object_component>
      <object_component id="oc-7ae">
         <name>.text:IntPendSet</name>
         <load_address>0x2000df70</load_address>
         <run_address>0x2000df70</run_address>
         <size>0x88</size>
         <input_file_ref idref="fl-1f"/>
      </object_component>
      <object_component id="oc-2c0">
         <name>.text:PinConfigSet</name>
         <load_address>0x2000dff8</load_address>
         <run_address>0x2000dff8</run_address>
         <size>0x88</size>
         <input_file_ref idref="fl-20"/>
      </object_component>
      <object_component id="oc-1cb">
         <name>.text:Power_init</name>
         <load_address>0x2000e080</load_address>
         <run_address>0x2000e080</run_address>
         <size>0x84</size>
         <input_file_ref idref="fl-11"/>
      </object_component>
      <object_component id="oc-709">
         <name>.text:saveNVICRegs</name>
         <load_address>0x2000e104</load_address>
         <run_address>0x2000e104</run_address>
         <size>0x84</size>
         <input_file_ref idref="fl-11"/>
      </object_component>
      <object_component id="oc-1f1">
         <name>.text:GPIO_write</name>
         <load_address>0x2000e188</load_address>
         <run_address>0x2000e188</run_address>
         <size>0x80</size>
         <input_file_ref idref="fl-10"/>
      </object_component>
      <object_component id="oc-2c6">
         <name>.text:Power_setDependency</name>
         <load_address>0x2000e208</load_address>
         <run_address>0x2000e208</run_address>
         <size>0x80</size>
         <input_file_ref idref="fl-11"/>
      </object_component>
      <object_component id="oc-164">
         <name>.text:mainThread</name>
         <load_address>0x2000e288</load_address>
         <run_address>0x2000e288</run_address>
         <size>0x80</size>
         <input_file_ref idref="fl-3"/>
      </object_component>
      <object_component id="oc-31a">
         <name>.text:UDMACC32XX_open</name>
         <load_address>0x2000e308</load_address>
         <run_address>0x2000e308</run_address>
         <size>0x7c</size>
         <input_file_ref idref="fl-15"/>
      </object_component>
      <object_component id="oc-9d">
         <name>.text</name>
         <load_address>0x2000e384</load_address>
         <run_address>0x2000e384</run_address>
         <size>0x7a</size>
         <input_file_ref idref="fl-e4"/>
      </object_component>
      <object_component id="oc-3cc">
         <name>.text:PowerCC32XX_initPolicy</name>
         <load_address>0x2000e3fe</load_address>
         <run_address>0x2000e3fe</run_address>
         <size>0x2</size>
         <input_file_ref idref="fl-1a"/>
      </object_component>
      <object_component id="oc-209">
         <name>.text:TickFunction_SetLED</name>
         <load_address>0x2000e400</load_address>
         <run_address>0x2000e400</run_address>
         <size>0x74</size>
         <input_file_ref idref="fl-3"/>
      </object_component>
      <object_component id="oc-536">
         <name>.text:UART2CC32XX_readCallback</name>
         <load_address>0x2000e474</load_address>
         <run_address>0x2000e474</run_address>
         <size>0x74</size>
         <input_file_ref idref="fl-13"/>
      </object_component>
      <object_component id="oc-2b8">
         <name>.text:powerNotifyFxn</name>
         <load_address>0x2000e4e8</load_address>
         <run_address>0x2000e4e8</run_address>
         <size>0x74</size>
         <input_file_ref idref="fl-10"/>
      </object_component>
      <object_component id="oc-74f">
         <name>.text:split</name>
         <load_address>0x2000e55c</load_address>
         <run_address>0x2000e55c</run_address>
         <size>0x70</size>
         <input_file_ref idref="fl-e1"/>
      </object_component>
      <object_component id="oc-14">
         <name>.text:decompress:lzss:__TI_decompress_lzss</name>
         <load_address>0x2000e5cc</load_address>
         <run_address>0x2000e5cc</run_address>
         <size>0x68</size>
         <input_file_ref idref="fl-e0"/>
      </object_component>
      <object_component id="oc-2d8">
         <name>.text:GPIO_setInterruptConfig</name>
         <load_address>0x2000e634</load_address>
         <run_address>0x2000e634</run_address>
         <size>0x64</size>
         <input_file_ref idref="fl-10"/>
      </object_component>
      <object_component id="oc-30e">
         <name>.text:PowerCC32XX_setParkState</name>
         <load_address>0x2000e698</load_address>
         <run_address>0x2000e698</run_address>
         <size>0x64</size>
         <input_file_ref idref="fl-11"/>
      </object_component>
      <object_component id="oc-4e2">
         <name>.text:uDMAChannelAttributeDisable</name>
         <load_address>0x2000e6fc</load_address>
         <run_address>0x2000e6fc</run_address>
         <size>0x64</size>
         <input_file_ref idref="fl-23"/>
      </object_component>
      <object_component id="oc-2e7">
         <name>.text:GPIO_hwiIntFxn</name>
         <load_address>0x2000e760</load_address>
         <run_address>0x2000e760</run_address>
         <size>0x60</size>
         <input_file_ref idref="fl-10"/>
      </object_component>
      <object_component id="oc-242">
         <name>.text:PRCMSysResetCauseGet</name>
         <load_address>0x2000e7c0</load_address>
         <run_address>0x2000e7c0</run_address>
         <size>0x60</size>
         <input_file_ref idref="fl-21"/>
      </object_component>
      <object_component id="oc-53c">
         <name>.text:UART2Support_dmaStopTx</name>
         <load_address>0x2000e820</load_address>
         <run_address>0x2000e820</run_address>
         <size>0x5e</size>
         <input_file_ref idref="fl-13"/>
      </object_component>
      <object_component id="oc-4a5">
         <name>.text:SemaphoreP_destruct</name>
         <load_address>0x2000e87e</load_address>
         <run_address>0x2000e87e</run_address>
         <size>0x2</size>
         <input_file_ref idref="fl-17"/>
      </object_component>
      <object_component id="oc-69f">
         <name>.text:sysTickInit</name>
         <load_address>0x2000e880</load_address>
         <run_address>0x2000e880</run_address>
         <size>0x5c</size>
         <input_file_ref idref="fl-18"/>
      </object_component>
      <object_component id="oc-25b">
         <name>.text:PRCMPeripheralReset</name>
         <load_address>0x2000e8dc</load_address>
         <run_address>0x2000e8dc</run_address>
         <size>0x58</size>
         <input_file_ref idref="fl-21"/>
      </object_component>
      <object_component id="oc-4b7">
         <name>.text:Power_releaseDependency</name>
         <load_address>0x2000e934</load_address>
         <run_address>0x2000e934</run_address>
         <size>0x58</size>
         <input_file_ref idref="fl-11"/>
      </object_component>
      <object_component id="oc-78b">
         <name>.text:PowerCC32XX_resumeLPDS</name>
         <load_address>0x2000e98c</load_address>
         <run_address>0x2000e98c</run_address>
         <size>0x52</size>
         <input_file_ref idref="fl-12"/>
      </object_component>
      <object_component id="oc-353">
         <name>.text:UART2CC32XX_eventCallback</name>
         <load_address>0x2000e9de</load_address>
         <run_address>0x2000e9de</run_address>
         <size>0x2</size>
         <input_file_ref idref="fl-13"/>
      </object_component>
      <object_component id="oc-79">
         <name>.text:ClockP_sysTickHandler</name>
         <load_address>0x2000e9e0</load_address>
         <run_address>0x2000e9e0</run_address>
         <size>0x50</size>
         <input_file_ref idref="fl-18"/>
      </object_component>
      <object_component id="oc-33e">
         <name>.text:SemaphoreP_construct</name>
         <load_address>0x2000ea30</load_address>
         <run_address>0x2000ea30</run_address>
         <size>0x50</size>
         <input_file_ref idref="fl-17"/>
      </object_component>
      <object_component id="oc-52a">
         <name>.text:UART2Support_dmaStopRx</name>
         <load_address>0x2000ea80</load_address>
         <run_address>0x2000ea80</run_address>
         <size>0x50</size>
         <input_file_ref idref="fl-13"/>
      </object_component>
      <object_component id="oc-782">
         <name>.text:PowerCC32XX_parkPin</name>
         <load_address>0x2000ead0</load_address>
         <run_address>0x2000ead0</run_address>
         <size>0x4c</size>
         <input_file_ref idref="fl-11"/>
      </object_component>
      <object_component id="oc-71a">
         <name>.text:restorePeriphClocks</name>
         <load_address>0x2000eb1c</load_address>
         <run_address>0x2000eb1c</run_address>
         <size>0x4c</size>
         <input_file_ref idref="fl-11"/>
      </object_component>
      <object_component id="oc-7a6">
         <name>.text:FlashDisable</name>
         <load_address>0x2000eb68</load_address>
         <run_address>0x2000eb68</run_address>
         <size>0x48</size>
         <input_file_ref idref="fl-25"/>
      </object_component>
      <object_component id="oc-450">
         <name>.text:GPIO_disableInt</name>
         <load_address>0x2000ebb0</load_address>
         <run_address>0x2000ebb0</run_address>
         <size>0x48</size>
         <input_file_ref idref="fl-10"/>
      </object_component>
      <object_component id="oc-2de">
         <name>.text:GPIO_enableInt</name>
         <load_address>0x2000ebf8</load_address>
         <run_address>0x2000ebf8</run_address>
         <size>0x48</size>
         <input_file_ref idref="fl-10"/>
      </object_component>
      <object_component id="oc-726">
         <name>.text:PRCMLPDSEnter</name>
         <load_address>0x2000ec40</load_address>
         <run_address>0x2000ec40</run_address>
         <size>0x48</size>
         <input_file_ref idref="fl-21"/>
      </object_component>
      <object_component id="oc-255">
         <name>.text:PRCMPeripheralClkEnable</name>
         <load_address>0x2000ec88</load_address>
         <run_address>0x2000ec88</run_address>
         <size>0x48</size>
         <input_file_ref idref="fl-21"/>
      </object_component>
      <object_component id="oc-554">
         <name>.text:Power_releaseConstraint</name>
         <load_address>0x2000ecd0</load_address>
         <run_address>0x2000ecd0</run_address>
         <size>0x48</size>
         <input_file_ref idref="fl-11"/>
      </object_component>
      <object_component id="oc-512">
         <name>.text:RingBuf_put</name>
         <load_address>0x2000ed18</load_address>
         <run_address>0x2000ed18</run_address>
         <size>0x46</size>
         <input_file_ref idref="fl-f"/>
      </object_component>
      <object_component id="oc-394">
         <name>.text:_nop</name>
         <load_address>0x2000ed5e</load_address>
         <run_address>0x2000ed5e</run_address>
         <size>0x2</size>
         <input_file_ref idref="fl-e9"/>
      </object_component>
      <object_component id="oc-588">
         <name>.text:ClockP_stop</name>
         <load_address>0x2000ed60</load_address>
         <run_address>0x2000ed60</run_address>
         <size>0x44</size>
         <input_file_ref idref="fl-18"/>
      </object_component>
      <object_component id="oc-790">
         <name>.text:PRCMLPDSRestoreInfoSet</name>
         <load_address>0x2000eda4</load_address>
         <run_address>0x2000eda4</run_address>
         <size>0x44</size>
         <input_file_ref idref="fl-21"/>
      </object_component>
      <object_component id="oc-70f">
         <name>.text:PowerCC32XX_enterLPDS</name>
         <load_address>0x2000ede8</load_address>
         <run_address>0x2000ede8</run_address>
         <size>0x44</size>
         <input_file_ref idref="fl-12"/>
      </object_component>
      <object_component id="oc-2a5">
         <name>.text:SemaphoreP_post</name>
         <load_address>0x2000ee2c</load_address>
         <run_address>0x2000ee2c</run_address>
         <size>0x44</size>
         <input_file_ref idref="fl-17"/>
      </object_component>
      <object_component id="oc-611">
         <name>.text:SwiP_restore</name>
         <load_address>0x2000ee70</load_address>
         <run_address>0x2000ee70</run_address>
         <size>0x44</size>
         <input_file_ref idref="fl-1c"/>
      </object_component>
      <object_component id="oc-6c3">
         <name>.text:UART2Support_enableInts</name>
         <load_address>0x2000eeb4</load_address>
         <run_address>0x2000eeb4</run_address>
         <size>0x44</size>
         <input_file_ref idref="fl-13"/>
      </object_component>
      <object_component id="oc-177">
         <name>.text:__TI_auto_init_nobinit_nopinit:__TI_auto_init_nobinit_nopinit</name>
         <load_address>0x2000eef8</load_address>
         <run_address>0x2000eef8</run_address>
         <size>0x44</size>
         <input_file_ref idref="fl-e5"/>
      </object_component>
      <object_component id="oc-34a">
         <name>.text:ClockP_construct</name>
         <load_address>0x2000ef3c</load_address>
         <run_address>0x2000ef3c</run_address>
         <size>0x40</size>
         <input_file_ref idref="fl-18"/>
      </object_component>
      <object_component id="oc-26d">
         <name>.text:PinModeSet</name>
         <load_address>0x2000ef7c</load_address>
         <run_address>0x2000ef7c</run_address>
         <size>0x40</size>
         <input_file_ref idref="fl-20"/>
      </object_component>
      <object_component id="oc-379">
         <name>.text:UART2_readFull</name>
         <load_address>0x2000efbc</load_address>
         <run_address>0x2000efbc</run_address>
         <size>0x40</size>
         <input_file_ref idref="fl-e"/>
      </object_component>
      <object_component id="oc-314">
         <name>.text:UDMACC32XX_init</name>
         <load_address>0x2000effc</load_address>
         <run_address>0x2000effc</run_address>
         <size>0x40</size>
         <input_file_ref idref="fl-15"/>
      </object_component>
      <object_component id="oc-54e">
         <name>.text:RingBuf_putAdvance</name>
         <load_address>0x2000f03c</load_address>
         <run_address>0x2000f03c</run_address>
         <size>0x3e</size>
         <input_file_ref idref="fl-f"/>
      </object_component>
      <object_component id="oc-73">
         <name>.text:busFaultHandler</name>
         <load_address>0x2000f07a</load_address>
         <run_address>0x2000f07a</run_address>
         <size>0x2</size>
         <input_file_ref idref="fl-1b"/>
      </object_component>
      <object_component id="oc-40f">
         <name>.text:ClockP_destruct</name>
         <load_address>0x2000f07c</load_address>
         <run_address>0x2000f07c</run_address>
         <size>0x3c</size>
         <input_file_ref idref="fl-18"/>
      </object_component>
      <object_component id="oc-6b9">
         <name>.text:Power_setConstraint</name>
         <load_address>0x2000f0b8</load_address>
         <run_address>0x2000f0b8</run_address>
         <size>0x3c</size>
         <input_file_ref idref="fl-11"/>
      </object_component>
      <object_component id="oc-576">
         <name>.text:UART2Support_dmaRefreshRx</name>
         <load_address>0x2000f0f4</load_address>
         <run_address>0x2000f0f4</run_address>
         <size>0x3c</size>
         <input_file_ref idref="fl-13"/>
      </object_component>
      <object_component id="oc-5ef">
         <name>.text:getCountsRTC</name>
         <load_address>0x2000f130</load_address>
         <run_address>0x2000f130</run_address>
         <size>0x3a</size>
         <input_file_ref idref="fl-1a"/>
      </object_component>
      <object_component id="oc-415">
         <name>.text:clkFxn</name>
         <load_address>0x2000f16a</load_address>
         <run_address>0x2000f16a</run_address>
         <size>0x2</size>
         <input_file_ref idref="fl-17"/>
      </object_component>
      <object_component id="oc-72c">
         <name>.text:PRCMLPDSEnterKeepDebugIf</name>
         <load_address>0x2000f16c</load_address>
         <run_address>0x2000f16c</run_address>
         <size>0x38</size>
         <input_file_ref idref="fl-21"/>
      </object_component>
      <object_component id="oc-56a">
         <name>.text:UART2_rxEnable</name>
         <load_address>0x2000f1a4</load_address>
         <run_address>0x2000f1a4</run_address>
         <size>0x38</size>
         <input_file_ref idref="fl-e"/>
      </object_component>
      <object_component id="oc-db">
         <name>.text:addToList</name>
         <load_address>0x2000f1dc</load_address>
         <run_address>0x2000f1dc</run_address>
         <size>0x38</size>
         <input_file_ref idref="fl-18"/>
      </object_component>
      <object_component id="oc-59">
         <name>.text:initVectors</name>
         <load_address>0x2000f214</load_address>
         <run_address>0x2000f214</run_address>
         <size>0x38</size>
         <input_file_ref idref="fl-1b"/>
      </object_component>
      <object_component id="oc-6fd">
         <name>.text:notify</name>
         <load_address>0x2000f24c</load_address>
         <run_address>0x2000f24c</run_address>
         <size>0x38</size>
         <input_file_ref idref="fl-11"/>
      </object_component>
      <object_component id="oc-493">
         <name>.text:UART2_rxDisable</name>
         <load_address>0x2000f284</load_address>
         <run_address>0x2000f284</run_address>
         <size>0x36</size>
         <input_file_ref idref="fl-e"/>
      </object_component>
      <object_component id="oc-6d">
         <name>.text:defaultHandler</name>
         <load_address>0x2000f2ba</load_address>
         <run_address>0x2000f2ba</run_address>
         <size>0x2</size>
         <input_file_ref idref="fl-1b"/>
      </object_component>
      <object_component id="oc-5dd">
         <name>.text:ClockP_getTicksUntilInterrupt</name>
         <load_address>0x2000f2bc</load_address>
         <run_address>0x2000f2bc</run_address>
         <size>0x34</size>
         <input_file_ref idref="fl-18"/>
      </object_component>
      <object_component id="oc-501">
         <name>.text:ClockP_startup</name>
         <load_address>0x2000f2f0</load_address>
         <run_address>0x2000f2f0</run_address>
         <size>0x34</size>
         <input_file_ref idref="fl-18"/>
      </object_component>
      <object_component id="oc-267">
         <name>.text:PinModeGet</name>
         <load_address>0x2000f324</load_address>
         <run_address>0x2000f324</run_address>
         <size>0x34</size>
         <input_file_ref idref="fl-20"/>
      </object_component>
      <object_component id="oc-4bd">
         <name>.text:PowerCC32XX_restoreParkState</name>
         <load_address>0x2000f358</load_address>
         <run_address>0x2000f358</run_address>
         <size>0x34</size>
         <input_file_ref idref="fl-11"/>
      </object_component>
      <object_component id="oc-582">
         <name>.text:RingBuf_getConsume</name>
         <load_address>0x2000f38c</load_address>
         <run_address>0x2000f38c</run_address>
         <size>0x34</size>
         <input_file_ref idref="fl-f"/>
      </object_component>
      <object_component id="oc-548">
         <name>.text:RingBuf_putPointer</name>
         <load_address>0x2000f3c0</load_address>
         <run_address>0x2000f3c0</run_address>
         <size>0x34</size>
         <input_file_ref idref="fl-f"/>
      </object_component>
      <object_component id="oc-59b">
         <name>.text:UART2Support_sendData</name>
         <load_address>0x2000f3f4</load_address>
         <run_address>0x2000f3f4</run_address>
         <size>0x34</size>
         <input_file_ref idref="fl-13"/>
      </object_component>
      <object_component id="oc-4ab">
         <name>.text:UDMACC32XX_close</name>
         <load_address>0x2000f428</load_address>
         <run_address>0x2000f428</run_address>
         <size>0x34</size>
         <input_file_ref idref="fl-15"/>
      </object_component>
      <object_component id="oc-674">
         <name>.text:UART2Support_disableRx</name>
         <load_address>0x2000f45c</load_address>
         <run_address>0x2000f45c</run_address>
         <size>0x32</size>
         <input_file_ref idref="fl-13"/>
      </object_component>
      <object_component id="oc-67">
         <name>.text:faultISR</name>
         <load_address>0x2000f48e</load_address>
         <run_address>0x2000f48e</run_address>
         <size>0x2</size>
         <input_file_ref idref="fl-1b"/>
      </object_component>
      <object_component id="oc-3fd">
         <name>.text:ClockP_start</name>
         <load_address>0x2000f490</load_address>
         <run_address>0x2000f490</run_address>
         <size>0x30</size>
         <input_file_ref idref="fl-18"/>
      </object_component>
      <object_component id="oc-79f">
         <name>.text:PowerCC32XX_restoreParkedPin</name>
         <load_address>0x2000f4c0</load_address>
         <run_address>0x2000f4c0</run_address>
         <size>0x30</size>
         <input_file_ref idref="fl-11"/>
      </object_component>
      <object_component id="oc-499">
         <name>.text:UARTDisable</name>
         <load_address>0x2000f4f0</load_address>
         <run_address>0x2000f4f0</run_address>
         <size>0x30</size>
         <input_file_ref idref="fl-22"/>
      </object_component>
      <object_component id="oc-308">
         <name>.text:PowerCC32XX_getParkState</name>
         <load_address>0x2000f520</load_address>
         <run_address>0x2000f520</run_address>
         <size>0x2c</size>
         <input_file_ref idref="fl-11"/>
      </object_component>
      <object_component id="oc-2d2">
         <name>.text:HwiP_create</name>
         <load_address>0x2000f54c</load_address>
         <run_address>0x2000f54c</run_address>
         <size>0x2a</size>
         <input_file_ref idref="fl-19"/>
      </object_component>
      <object_component id="oc-57c">
         <name>.text:RingBuf_getPointer</name>
         <load_address>0x2000f576</load_address>
         <run_address>0x2000f576</run_address>
         <size>0x2a</size>
         <input_file_ref idref="fl-f"/>
      </object_component>
      <object_component id="oc-261">
         <name>.text:PRCMPeripheralClkDisable</name>
         <load_address>0x2000f5a0</load_address>
         <run_address>0x2000f5a0</run_address>
         <size>0x28</size>
         <input_file_ref idref="fl-21"/>
      </object_component>
      <object_component id="oc-29f">
         <name>.text:Power_registerNotify</name>
         <load_address>0x2000f5c8</load_address>
         <run_address>0x2000f5c8</run_address>
         <size>0x28</size>
         <input_file_ref idref="fl-11"/>
      </object_component>
      <object_component id="oc-647">
         <name>.text:free_list_insert</name>
         <load_address>0x2000f5f0</load_address>
         <run_address>0x2000f5f0</run_address>
         <size>0x28</size>
         <input_file_ref idref="fl-e1"/>
      </object_component>
      <object_component id="oc-524">
         <name>.text:uDMAChannelIsEnabled</name>
         <load_address>0x2000f618</load_address>
         <run_address>0x2000f618</run_address>
         <size>0x28</size>
         <input_file_ref idref="fl-23"/>
      </object_component>
      <object_component id="oc-41f">
         <name>.text:List_put</name>
         <load_address>0x2000f640</load_address>
         <run_address>0x2000f640</run_address>
         <size>0x26</size>
         <input_file_ref idref="fl-14"/>
      </object_component>
      <object_component id="oc-685">
         <name>.text:List_remove</name>
         <load_address>0x2000f666</load_address>
         <run_address>0x2000f666</run_address>
         <size>0x26</size>
         <input_file_ref idref="fl-14"/>
      </object_component>
      <object_component id="oc-4f6">
         <name>.text:HwiP_dispatch</name>
         <load_address>0x2000f68c</load_address>
         <run_address>0x2000f68c</run_address>
         <size>0x24</size>
         <input_file_ref idref="fl-19"/>
      </object_component>
      <object_component id="oc-2fc">
         <name>.text:PowerCC32XX_reset</name>
         <load_address>0x2000f6b0</load_address>
         <run_address>0x2000f6b0</run_address>
         <size>0x24</size>
         <input_file_ref idref="fl-11"/>
      </object_component>
      <object_component id="oc-4d6">
         <name>.text:UARTEnable</name>
         <load_address>0x2000f6d4</load_address>
         <run_address>0x2000f6d4</run_address>
         <size>0x24</size>
         <input_file_ref idref="fl-22"/>
      </object_component>
      <object_component id="oc-c5">
         <name>.text:_c_int00_noargs:_c_int00_noargs</name>
         <load_address>0x2000f6f8</load_address>
         <run_address>0x2000f6f8</run_address>
         <size>0x24</size>
         <input_file_ref idref="fl-e2"/>
      </object_component>
      <object_component id="oc-36b">
         <name>.text:UART2CC32XX_writeTimeout</name>
         <load_address>0x2000f71c</load_address>
         <run_address>0x2000f71c</run_address>
         <size>0x22</size>
         <input_file_ref idref="fl-13"/>
      </object_component>
      <object_component id="oc-49f">
         <name>.text:HwiP_destruct</name>
         <load_address>0x2000f73e</load_address>
         <run_address>0x2000f73e</run_address>
         <size>0x20</size>
         <input_file_ref idref="fl-19"/>
      </object_component>
      <object_component id="oc-61">
         <name>.text:nmiISR</name>
         <load_address>0x2000f75e</load_address>
         <run_address>0x2000f75e</run_address>
         <size>0x2</size>
         <input_file_ref idref="fl-1b"/>
      </object_component>
      <object_component id="oc-4b1">
         <name>.text:Power_unregisterNotify</name>
         <load_address>0x2000f760</load_address>
         <run_address>0x2000f760</run_address>
         <size>0x20</size>
         <input_file_ref idref="fl-11"/>
      </object_component>
      <object_component id="oc-2f6">
         <name>.text:UART2CC32XX_getPowerMgrId</name>
         <load_address>0x2000f780</load_address>
         <run_address>0x2000f780</run_address>
         <size>0x20</size>
         <input_file_ref idref="fl-13"/>
      </object_component>
      <object_component id="oc-1f7">
         <name>.text:UART2_read</name>
         <load_address>0x2000f7a0</load_address>
         <run_address>0x2000f7a0</run_address>
         <size>0x20</size>
         <input_file_ref idref="fl-e"/>
      </object_component>
      <object_component id="oc-338">
         <name>.text:SemaphoreP_constructBinary</name>
         <load_address>0x2000f7c0</load_address>
         <run_address>0x2000f7c0</run_address>
         <size>0x1e</size>
         <input_file_ref idref="fl-17"/>
      </object_component>
      <object_component id="oc-47b">
         <name>.text:postNotifyFxn</name>
         <load_address>0x2000f7de</load_address>
         <run_address>0x2000f7de</run_address>
         <size>0x1e</size>
         <input_file_ref idref="fl-15"/>
      </object_component>
      <object_component id="oc-4c3">
         <name>.text:PinToPadGet</name>
         <load_address>0x2000f7fc</load_address>
         <run_address>0x2000f7fc</run_address>
         <size>0x1c</size>
         <input_file_ref idref="fl-20"/>
      </object_component>
      <object_component id="oc-5d1">
         <name>.text:SwiP_disable</name>
         <load_address>0x2000f818</load_address>
         <run_address>0x2000f818</run_address>
         <size>0x1c</size>
         <input_file_ref idref="fl-1c"/>
      </object_component>
      <object_component id="oc-641">
         <name>.text:free_list_remove</name>
         <load_address>0x2000f834</load_address>
         <run_address>0x2000f834</run_address>
         <size>0x1c</size>
         <input_file_ref idref="fl-e1"/>
      </object_component>
      <object_component id="oc-281">
         <name>.text:SemaphoreP_createBinary</name>
         <load_address>0x2000f850</load_address>
         <run_address>0x2000f850</run_address>
         <size>0x1a</size>
         <input_file_ref idref="fl-17"/>
      </object_component>
      <object_component id="oc-6f7">
         <name>.text</name>
         <load_address>0x2000f86a</load_address>
         <run_address>0x2000f86a</run_address>
         <size>0x2</size>
         <input_file_ref idref="fl-e3"/>
      </object_component>
      <object_component id="oc-21">
         <name>.text:resetISR</name>
         <load_address>0x2000f86c</load_address>
         <run_address>0x2000f86c</run_address>
         <size>0x1a</size>
         <input_file_ref idref="fl-1b"/>
      </object_component>
      <object_component id="oc-5e3">
         <name>.text:Power_getTransitionLatency</name>
         <load_address>0x2000f888</load_address>
         <run_address>0x2000f888</run_address>
         <size>0x18</size>
         <input_file_ref idref="fl-11"/>
      </object_component>
      <object_component id="oc-740">
         <name>.text:Power_idleFunc</name>
         <load_address>0x2000f8a0</load_address>
         <run_address>0x2000f8a0</run_address>
         <size>0x18</size>
         <input_file_ref idref="fl-11"/>
      </object_component>
      <object_component id="oc-5a1">
         <name>.text:UART2Support_txDone</name>
         <load_address>0x2000f8b8</load_address>
         <run_address>0x2000f8b8</run_address>
         <size>0x18</size>
         <input_file_ref idref="fl-13"/>
      </object_component>
      <object_component id="oc-1e5">
         <name>.text:UART2_Params_init</name>
         <load_address>0x2000f8d0</load_address>
         <run_address>0x2000f8d0</run_address>
         <size>0x18</size>
         <input_file_ref idref="fl-e"/>
      </object_component>
      <object_component id="oc-48d">
         <name>.text:UARTDMADisable</name>
         <load_address>0x2000f8e8</load_address>
         <run_address>0x2000f8e8</run_address>
         <size>0x18</size>
         <input_file_ref idref="fl-22"/>
      </object_component>
      <object_component id="oc-487">
         <name>.text:UARTIntDisable</name>
         <load_address>0x2000f900</load_address>
         <run_address>0x2000f900</run_address>
         <size>0x18</size>
         <input_file_ref idref="fl-22"/>
      </object_component>
      <object_component id="oc-4dc">
         <name>.text:UARTIntEnable</name>
         <load_address>0x2000f918</load_address>
         <run_address>0x2000f918</run_address>
         <size>0x18</size>
         <input_file_ref idref="fl-22"/>
      </object_component>
      <object_component id="oc-600">
         <name>.text</name>
         <load_address>0x2000f930</load_address>
         <run_address>0x2000f930</run_address>
         <size>0x18</size>
         <input_file_ref idref="fl-db"/>
      </object_component>
      <object_component id="oc-24f">
         <name>.text:PRCMHIBRegRead</name>
         <load_address>0x2000f948</load_address>
         <run_address>0x2000f948</run_address>
         <size>0x16</size>
         <input_file_ref idref="fl-21"/>
      </object_component>
      <object_component id="oc-249">
         <name>.text:PRCMHIBRegWrite</name>
         <load_address>0x2000f95e</load_address>
         <run_address>0x2000f95e</run_address>
         <size>0x16</size>
         <input_file_ref idref="fl-21"/>
      </object_component>
      <object_component id="oc-3e5">
         <name>.text:SemaphoreP_create</name>
         <load_address>0x2000f974</load_address>
         <run_address>0x2000f974</run_address>
         <size>0x16</size>
         <input_file_ref idref="fl-17"/>
      </object_component>
      <object_component id="oc-158">
         <name>.text:Board_init</name>
         <load_address>0x2000f98a</load_address>
         <run_address>0x2000f98a</run_address>
         <size>0x14</size>
         <input_file_ref idref="fl-4"/>
      </object_component>
      <object_component id="oc-a3">
         <name>.text:CPUcpsid</name>
         <load_address>0x2000f99e</load_address>
         <run_address>0x2000f99e</run_address>
         <size>0x14</size>
         <input_file_ref idref="fl-1e"/>
      </object_component>
      <object_component id="oc-42b">
         <name>.text:HwiP_inISR</name>
         <load_address>0x2000f9b4</load_address>
         <run_address>0x2000f9b4</run_address>
         <size>0x14</size>
         <input_file_ref idref="fl-19"/>
      </object_component>
      <object_component id="oc-af">
         <name>.text:IntVTableBaseSet</name>
         <load_address>0x2000f9c8</load_address>
         <run_address>0x2000f9c8</run_address>
         <size>0x14</size>
         <input_file_ref idref="fl-1f"/>
      </object_component>
      <object_component id="oc-431">
         <name>.text:Power_disablePolicy</name>
         <load_address>0x2000f9dc</load_address>
         <run_address>0x2000f9dc</run_address>
         <size>0x14</size>
         <input_file_ref idref="fl-11"/>
      </object_component>
      <object_component id="oc-798">
         <name>.text:Power_getDependencyCount</name>
         <load_address>0x2000f9f0</load_address>
         <run_address>0x2000f9f0</run_address>
         <size>0x14</size>
         <input_file_ref idref="fl-11"/>
      </object_component>
      <object_component id="oc-2cc">
         <name>.text:HwiP_Params_init</name>
         <load_address>0x2000fa04</load_address>
         <run_address>0x2000fa04</run_address>
         <size>0x12</size>
         <input_file_ref idref="fl-19"/>
      </object_component>
      <object_component id="oc-302">
         <name>.text:RingBuf_construct</name>
         <load_address>0x2000fa16</load_address>
         <run_address>0x2000fa16</run_address>
         <size>0x12</size>
         <input_file_ref idref="fl-f"/>
      </object_component>
      <object_component id="oc-4d0">
         <name>.text:UARTIntClear</name>
         <load_address>0x2000fa28</load_address>
         <run_address>0x2000fa28</run_address>
         <size>0x12</size>
         <input_file_ref idref="fl-22"/>
      </object_component>
      <object_component id="oc-518">
         <name>.text:UARTRxErrorGet</name>
         <load_address>0x2000fa3a</load_address>
         <run_address>0x2000fa3a</run_address>
         <size>0x12</size>
         <input_file_ref idref="fl-22"/>
      </object_component>
      <object_component id="oc-11f">
         <name>.text:main</name>
         <load_address>0x2000fa4c</load_address>
         <run_address>0x2000fa4c</run_address>
         <size>0x12</size>
         <input_file_ref idref="fl-2"/>
      </object_component>
      <object_component id="oc-3f7">
         <name>.text:ClockP_add</name>
         <load_address>0x2000fa5e</load_address>
         <run_address>0x2000fa5e</run_address>
         <size>0x10</size>
         <input_file_ref idref="fl-18"/>
      </object_component>
      <object_component id="oc-4ca">
         <name>.text:ClockP_getCpuFreq</name>
         <load_address>0x2000fa70</load_address>
         <run_address>0x2000fa70</run_address>
         <size>0x10</size>
         <input_file_ref idref="fl-18"/>
      </object_component>
      <object_component id="oc-5e9">
         <name>.text:ClockP_getSystemTicks</name>
         <load_address>0x2000fa80</load_address>
         <run_address>0x2000fa80</run_address>
         <size>0x10</size>
         <input_file_ref idref="fl-18"/>
      </object_component>
      <object_component id="oc-605">
         <name>.text:ClockP_setTicks</name>
         <load_address>0x2000fa90</load_address>
         <run_address>0x2000fa90</run_address>
         <size>0x10</size>
         <input_file_ref idref="fl-18"/>
      </object_component>
      <object_component id="oc-595">
         <name>.text:HwiP_interruptsEnabled</name>
         <load_address>0x2000faa0</load_address>
         <run_address>0x2000faa0</run_address>
         <size>0x10</size>
         <input_file_ref idref="fl-19"/>
      </object_component>
      <object_component id="oc-28d">
         <name>.text:HwiP_restore</name>
         <load_address>0x2000fab0</load_address>
         <run_address>0x2000fab0</run_address>
         <size>0x10</size>
         <input_file_ref idref="fl-19"/>
      </object_component>
      <object_component id="oc-403">
         <name>.text:Power_enablePolicy</name>
         <load_address>0x2000fac0</load_address>
         <run_address>0x2000fac0</run_address>
         <size>0x10</size>
         <input_file_ref idref="fl-11"/>
      </object_component>
      <object_component id="oc-3df">
         <name>.text:SemaphoreP_Params_init</name>
         <load_address>0x2000fad0</load_address>
         <run_address>0x2000fad0</run_address>
         <size>0x10</size>
         <input_file_ref idref="fl-17"/>
      </object_component>
      <object_component id="oc-365">
         <name>.text:UART2CC32XX_readTimeout</name>
         <load_address>0x2000fae0</load_address>
         <run_address>0x2000fae0</run_address>
         <size>0x10</size>
         <input_file_ref idref="fl-13"/>
      </object_component>
      <object_component id="oc-51e">
         <name>.text:UART2Support_rxStatus2ErrorCode</name>
         <load_address>0x2000faf0</load_address>
         <run_address>0x2000faf0</run_address>
         <size>0x10</size>
         <input_file_ref idref="fl-13"/>
      </object_component>
      <object_component id="oc-759">
         <name>.text:dmaErrorFxn</name>
         <load_address>0x2000fb00</load_address>
         <run_address>0x2000fb00</run_address>
         <size>0x10</size>
         <input_file_ref idref="fl-4"/>
      </object_component>
      <object_component id="oc-32c">
         <name>.text:HwiP_clearInterrupt</name>
         <load_address>0x2000fb10</load_address>
         <run_address>0x2000fb10</run_address>
         <size>0xe</size>
         <input_file_ref idref="fl-19"/>
      </object_component>
      <object_component id="oc-287">
         <name>.text:HwiP_disable</name>
         <load_address>0x2000fb1e</load_address>
         <run_address>0x2000fb1e</run_address>
         <size>0xe</size>
         <input_file_ref idref="fl-19"/>
      </object_component>
      <object_component id="oc-15e">
         <name>.text:HwiP_enable</name>
         <load_address>0x2000fb2c</load_address>
         <run_address>0x2000fb2c</run_address>
         <size>0xe</size>
         <input_file_ref idref="fl-19"/>
      </object_component>
      <object_component id="oc-1fd">
         <name>.text:UART2_write</name>
         <load_address>0x2000fb3a</load_address>
         <run_address>0x2000fb3a</run_address>
         <size>0xe</size>
         <input_file_ref idref="fl-e"/>
      </object_component>
      <object_component id="oc-1a">
         <name>.text:decompress:none:__TI_decompress_none</name>
         <load_address>0x2000fb48</load_address>
         <run_address>0x2000fb48</run_address>
         <size>0xe</size>
         <input_file_ref idref="fl-df"/>
      </object_component>
      <object_component id="oc-5d7">
         <name>.text:Power_getConstraintMask</name>
         <load_address>0x2000fb58</load_address>
         <run_address>0x2000fb58</run_address>
         <size>0xc</size>
         <input_file_ref idref="fl-11"/>
      </object_component>
      <object_component id="oc-359">
         <name>.text:UART2CC32XX_postNotifyFxn</name>
         <load_address>0x2000fb64</load_address>
         <run_address>0x2000fb64</run_address>
         <size>0xc</size>
         <input_file_ref idref="fl-13"/>
      </object_component>
      <object_component id="oc-5a7">
         <name>.text:UART2Support_disableTx</name>
         <load_address>0x2000fb70</load_address>
         <run_address>0x2000fb70</run_address>
         <size>0xc</size>
         <input_file_ref idref="fl-13"/>
      </object_component>
      <object_component id="oc-6c9">
         <name>.text:UART2Support_enableRx</name>
         <load_address>0x2000fb7c</load_address>
         <run_address>0x2000fb7c</run_address>
         <size>0xc</size>
         <input_file_ref idref="fl-13"/>
      </object_component>
      <object_component id="oc-58f">
         <name>.text:UART2Support_enableTx</name>
         <load_address>0x2000fb88</load_address>
         <run_address>0x2000fb88</run_address>
         <size>0xc</size>
         <input_file_ref idref="fl-13"/>
      </object_component>
      <object_component id="oc-4d">
         <name>.text:decompress:ZI:__TI_zero_init</name>
         <load_address>0x2000fb94</load_address>
         <run_address>0x2000fb94</run_address>
         <size>0xc</size>
         <input_file_ref idref="fl-de"/>
      </object_component>
      <object_component id="oc-7c3">
         <name>.text:uDMAErrorStatusClear</name>
         <load_address>0x2000fba0</load_address>
         <run_address>0x2000fba0</run_address>
         <size>0xc</size>
         <input_file_ref idref="fl-23"/>
      </object_component>
      <object_component id="oc-7bd">
         <name>.text:uDMAErrorStatusGet</name>
         <load_address>0x2000fbac</load_address>
         <run_address>0x2000fbac</run_address>
         <size>0xc</size>
         <input_file_ref idref="fl-23"/>
      </object_component>
      <object_component id="oc-6dc">
         <name>.text:CPUprimask</name>
         <load_address>0x2000fbb8</load_address>
         <run_address>0x2000fbb8</run_address>
         <size>0xa</size>
         <input_file_ref idref="fl-1e"/>
      </object_component>
      <object_component id="oc-344">
         <name>.text:ClockP_Params_init</name>
         <load_address>0x2000fbc2</load_address>
         <run_address>0x2000fbc2</run_address>
         <size>0xa</size>
         <input_file_ref idref="fl-18"/>
      </object_component>
      <object_component id="oc-409">
         <name>.text:ClockP_isActive</name>
         <load_address>0x2000fbcc</load_address>
         <run_address>0x2000fbcc</run_address>
         <size>0xa</size>
         <input_file_ref idref="fl-18"/>
      </object_component>
      <object_component id="oc-53">
         <name>.text:IntMasterDisable</name>
         <load_address>0x2000fbd6</load_address>
         <run_address>0x2000fbd6</run_address>
         <size>0xa</size>
         <input_file_ref idref="fl-1f"/>
      </object_component>
      <object_component id="oc-449">
         <name>.text:malloc</name>
         <load_address>0x2000fbe0</load_address>
         <run_address>0x2000fbe0</run_address>
         <size>0x8</size>
         <input_file_ref idref="fl-e1"/>
      </object_component>
      <object_component id="oc-67a">
         <name>.text:UART2Support_powerRelConstraint</name>
         <load_address>0x2000fbe8</load_address>
         <run_address>0x2000fbe8</run_address>
         <size>0x6</size>
         <input_file_ref idref="fl-13"/>
      </object_component>
      <object_component id="oc-6cf">
         <name>.text:UART2Support_powerSetConstraint</name>
         <load_address>0x2000fbee</load_address>
         <run_address>0x2000fbee</run_address>
         <size>0x6</size>
         <input_file_ref idref="fl-13"/>
      </object_component>
      <object_component id="oc-248">
         <name>.text:UtilsDelay</name>
         <load_address>0x2000fbf4</load_address>
         <run_address>0x2000fbf4</run_address>
         <size>0x6</size>
         <input_file_ref idref="fl-24"/>
      </object_component>
      <object_component id="oc-60b">
         <name>.text:ClockP_doTick</name>
         <load_address>0x2000fbfa</load_address>
         <run_address>0x2000fbfa</run_address>
         <size>0x4</size>
         <input_file_ref idref="fl-18"/>
      </object_component>
      <object_component id="oc-570">
         <name>.text:ClockP_setTimeout</name>
         <load_address>0x2000fbfe</load_address>
         <run_address>0x2000fbfe</run_address>
         <size>0x4</size>
         <input_file_ref idref="fl-18"/>
      </object_component>
      <object_component id="oc-736">
         <name>.text:HwiP_post</name>
         <load_address>0x2000fc02</load_address>
         <run_address>0x2000fc02</run_address>
         <size>0x4</size>
         <input_file_ref idref="fl-19"/>
      </object_component>
      <object_component id="oc-293">
         <name>.text:SemaphoreP_delete</name>
         <load_address>0x2000fc06</load_address>
         <run_address>0x2000fc06</run_address>
         <size>0x4</size>
         <input_file_ref idref="fl-17"/>
      </object_component>
      <object_component id="oc-119">
         <name>.text:_system_pre_init</name>
         <load_address>0x2000fc0a</load_address>
         <run_address>0x2000fc0a</run_address>
         <size>0x4</size>
         <input_file_ref idref="fl-e6"/>
      </object_component>
      <object_component id="oc-16b">
         <name>.text:abort:abort</name>
         <load_address>0x2000fc0e</load_address>
         <run_address>0x2000fc0e</run_address>
         <size>0x4</size>
         <input_file_ref idref="fl-e8"/>
      </object_component>
      <object_component id="oc-3bd">
         <name>.const:g_ulPinToPadMap</name>
         <load_address>0x2000fc14</load_address>
         <run_address>0x2000fc14</run_address>
         <size>0x100</size>
         <input_file_ref idref="fl-20"/>
      </object_component>
      <object_component id="oc-3b6">
         <name>.const:PRCM_PeriphRegsList</name>
         <load_address>0x2000fd14</load_address>
         <run_address>0x2000fd14</run_address>
         <size>0xa8</size>
         <input_file_ref idref="fl-21"/>
      </object_component>
      <object_component id="oc-27d">
         <name>.const:PowerCC32XX_config</name>
         <load_address>0x2000fdbc</load_address>
         <run_address>0x2000fdbc</run_address>
         <size>0x44</size>
         <input_file_ref idref="fl-4"/>
      </object_component>
      <object_component id="oc-50b">
         <name>.const:uart2CC32XXHWAttrs0</name>
         <load_address>0x2000fe00</load_address>
         <run_address>0x2000fe00</run_address>
         <size>0x3c</size>
         <input_file_ref idref="fl-4"/>
      </object_component>
      <object_component id="oc-2ed">
         <name>.const:portConfigs</name>
         <load_address>0x2000fe3c</load_address>
         <run_address>0x2000fe3c</run_address>
         <size>0x28</size>
         <input_file_ref idref="fl-10"/>
      </object_component>
      <object_component id="oc-2f2">
         <name>.const:UART2_defaultParams</name>
         <load_address>0x2000fe64</load_address>
         <run_address>0x2000fe64</run_address>
         <size>0x24</size>
         <input_file_ref idref="fl-e"/>
      </object_component>
      <object_component id="oc-2e4">
         <name>.const:.string:pinTable</name>
         <load_address>0x2000fe88</load_address>
         <run_address>0x2000fe88</run_address>
         <size>0x21</size>
         <input_file_ref idref="fl-10"/>
      </object_component>
      <object_component id="oc-4eb">
         <name>.const:.string:stopBits</name>
         <load_address>0x2000fea9</load_address>
         <run_address>0x2000fea9</run_address>
         <size>0x2</size>
         <input_file_ref idref="fl-13"/>
      </object_component>
      <object_component id="oc-113">
         <name>.const:g_pulEnRegs</name>
         <load_address>0x2000feac</load_address>
         <run_address>0x2000feac</run_address>
         <size>0x18</size>
         <input_file_ref idref="fl-1f"/>
      </object_component>
      <object_component id="oc-7d0">
         <name>.const:g_pulPendRegs</name>
         <load_address>0x2000fec4</load_address>
         <run_address>0x2000fec4</run_address>
         <size>0x18</size>
         <input_file_ref idref="fl-1f"/>
      </object_component>
      <object_component id="oc-2b2">
         <name>.const:GPIO_config</name>
         <load_address>0x2000fedc</load_address>
         <run_address>0x2000fedc</run_address>
         <size>0x10</size>
         <input_file_ref idref="fl-4"/>
      </object_component>
      <object_component id="oc-669">
         <name>.const:udmaCC3220SHWAttrs</name>
         <load_address>0x2000feec</load_address>
         <run_address>0x2000feec</run_address>
         <size>0xc</size>
         <input_file_ref idref="fl-4"/>
      </object_component>
      <object_component id="oc-350">
         <name>.const:UART2_config</name>
         <load_address>0x2000fef8</load_address>
         <run_address>0x2000fef8</run_address>
         <size>0x8</size>
         <input_file_ref idref="fl-4"/>
      </object_component>
      <object_component id="oc-474">
         <name>.const:UDMACC32XX_config</name>
         <load_address>0x2000ff00</load_address>
         <run_address>0x2000ff00</run_address>
         <size>0x8</size>
         <input_file_ref idref="fl-4"/>
      </object_component>
      <object_component id="oc-4e8">
         <name>.const:.string:parityType</name>
         <load_address>0x2000ff08</load_address>
         <run_address>0x2000ff08</run_address>
         <size>0x5</size>
         <input_file_ref idref="fl-13"/>
      </object_component>
      <object_component id="oc-2af">
         <name>.const</name>
         <load_address>0x2000ff0d</load_address>
         <run_address>0x2000ff0d</run_address>
         <size>0x5</size>
         <input_file_ref idref="fl-4"/>
      </object_component>
      <object_component id="oc-4ee">
         <name>.const:.string:dataLength</name>
         <load_address>0x2000ff12</load_address>
         <run_address>0x2000ff12</run_address>
         <size>0x4</size>
         <input_file_ref idref="fl-13"/>
      </object_component>
      <object_component id="oc-806">
         <name>.cinit..data.load</name>
         <load_address>0x20010ef0</load_address>
         <run_address>0x20010ef0</run_address>
         <size>0xce</size>
      </object_component>
      <object_component id="oc-804">
         <name>__TI_handler_table</name>
         <load_address>0x20010fc0</load_address>
         <run_address>0x20010fc0</run_address>
         <size>0xc</size>
      </object_component>
      <object_component id="oc-807">
         <name>.cinit..bss.load</name>
         <load_address>0x20010fd0</load_address>
         <run_address>0x20010fd0</run_address>
         <size>0x8</size>
      </object_component>
      <object_component id="oc-805">
         <name>__TI_cinit_table</name>
         <load_address>0x20010fd8</load_address>
         <run_address>0x20010fd8</run_address>
         <size>0x10</size>
      </object_component>
      <object_component id="oc-43c">
         <name>.data:gpioPinConfigs</name>
         <load_address>0x20010e38</load_address>
         <run_address>0x20010e38</run_address>
         <size>0x84</size>
         <input_file_ref idref="fl-4"/>
      </object_component>
      <object_component id="oc-3d8">
         <name>.data:parkInfo</name>
         <load_address>0x20010d40</load_address>
         <run_address>0x20010d40</run_address>
         <size>0xf8</size>
         <input_file_ref idref="fl-4"/>
      </object_component>
      <object_component id="oc-2ac">
         <name>.data</name>
         <load_address>0x20010eec</load_address>
         <run_address>0x20010eec</run_address>
         <size>0x2</size>
         <input_file_ref idref="fl-10"/>
      </object_component>
      <object_component id="oc-27a">
         <name>.data:PowerCC32XX_module</name>
         <load_address>0x20010bd4</load_address>
         <run_address>0x20010bd4</run_address>
         <size>0x16c</size>
         <input_file_ref idref="fl-11"/>
      </object_component>
      <object_component id="oc-471">
         <name>.data</name>
         <load_address>0x20010ed4</load_address>
         <run_address>0x20010ed4</run_address>
         <size>0x8</size>
         <input_file_ref idref="fl-15"/>
      </object_component>
      <object_component id="oc-41b">
         <name>.data</name>
         <load_address>0x20010ee9</load_address>
         <run_address>0x20010ee9</run_address>
         <size>0x3</size>
         <input_file_ref idref="fl-17"/>
      </object_component>
      <object_component id="oc-629">
         <name>.data:SemaphoreP_defaultParams</name>
         <load_address>0x20010ecc</load_address>
         <run_address>0x20010ecc</run_address>
         <size>0x8</size>
         <input_file_ref idref="fl-17"/>
      </object_component>
      <object_component id="oc-617">
         <name>.data</name>
         <load_address>0x20010ee4</load_address>
         <run_address>0x20010ee4</run_address>
         <size>0x5</size>
         <input_file_ref idref="fl-18"/>
      </object_component>
      <object_component id="oc-4f3">
         <name>.data:HwiP_dispatchTable</name>
         <load_address>0x200108c8</load_address>
         <run_address>0x200108c8</run_address>
         <size>0x30c</size>
         <input_file_ref idref="fl-19"/>
      </object_component>
      <object_component id="oc-4fc">
         <name>.data</name>
         <load_address>0x20010edc</load_address>
         <run_address>0x20010edc</run_address>
         <size>0x8</size>
         <input_file_ref idref="fl-19"/>
      </object_component>
      <object_component id="oc-748">
         <name>.data:$O1$$</name>
         <load_address>0x20010ec4</load_address>
         <run_address>0x20010ec4</run_address>
         <size>0x8</size>
         <input_file_ref idref="fl-e1"/>
      </object_component>
      <object_component id="oc-215">
         <name>.data:$O1$$</name>
         <load_address>0x20010ebc</load_address>
         <run_address>0x20010ebc</run_address>
         <size>0x8</size>
         <input_file_ref idref="fl-e9"/>
      </object_component>
      <object_component id="oc-756">
         <name>.bss:dmaControlTable</name>
         <uninitialized>true</uninitialized>
         <run_address>0x20010000</run_address>
         <size>0x400</size>
         <input_file_ref idref="fl-4"/>
      </object_component>
      <object_component id="oc-6a9">
         <name>.bss:uart2RxRingBuffer0</name>
         <uninitialized>true</uninitialized>
         <run_address>0x2001082c</run_address>
         <size>0x20</size>
         <input_file_ref idref="fl-4"/>
      </object_component>
      <object_component id="oc-6ac">
         <name>.bss:uart2TxRingBuffer0</name>
         <uninitialized>true</uninitialized>
         <run_address>0x2001084c</run_address>
         <size>0x20</size>
         <input_file_ref idref="fl-4"/>
      </object_component>
      <object_component id="oc-2b5">
         <name>.bss:powerNotifyObj</name>
         <uninitialized>true</uninitialized>
         <run_address>0x20010880</run_address>
         <size>0x14</size>
         <input_file_ref idref="fl-10"/>
      </object_component>
      <object_component id="oc-2ab">
         <name>.bss</name>
         <uninitialized>true</uninitialized>
         <run_address>0x20010894</run_address>
         <size>0x4</size>
         <input_file_ref idref="fl-10"/>
      </object_component>
      <object_component id="oc-478">
         <name>.bss:postNotifyObj</name>
         <uninitialized>true</uninitialized>
         <run_address>0x2001086c</run_address>
         <size>0x14</size>
         <input_file_ref idref="fl-15"/>
      </object_component>
      <object_component id="oc-6a5">
         <name>.bss</name>
         <uninitialized>true</uninitialized>
         <run_address>0x200108c0</run_address>
         <size>0x4</size>
         <input_file_ref idref="fl-18"/>
      </object_component>
      <object_component id="oc-6e8">
         <name>.bss</name>
         <uninitialized>true</uninitialized>
         <run_address>0x200108a8</run_address>
         <size>0xd</size>
         <input_file_ref idref="fl-1c"/>
      </object_component>
      <object_component id="oc-20f">
         <name>.common:input</name>
         <uninitialized>true</uninitialized>
         <run_address>0x200108b7</run_address>
         <size>0x1</size>
      </object_component>
      <object_component id="oc-38e">
         <name>.common:ledOn</name>
         <uninitialized>true</uninitialized>
         <run_address>0x200108c4</run_address>
         <size>0x1</size>
      </object_component>
      <object_component id="oc-390">
         <name>.common:LED_State</name>
         <uninitialized>true</uninitialized>
         <run_address>0x200108b6</run_address>
         <size>0x1</size>
      </object_component>
      <object_component id="oc-38d">
         <name>.common:ENTRY_State</name>
         <uninitialized>true</uninitialized>
         <run_address>0x200108b5</run_address>
         <size>0x1</size>
      </object_component>
      <object_component id="oc-668">
         <name>.common:udmaCC3220SObject</name>
         <uninitialized>true</uninitialized>
         <run_address>0x200108b8</run_address>
         <size>0x8</size>
      </object_component>
      <object_component id="oc-43f">
         <name>.common:gpioCallbackFunctions</name>
         <uninitialized>true</uninitialized>
         <run_address>0x20010724</run_address>
         <size>0x84</size>
      </object_component>
      <object_component id="oc-440">
         <name>.common:gpioUserArgs</name>
         <uninitialized>true</uninitialized>
         <run_address>0x200107a8</run_address>
         <size>0x84</size>
      </object_component>
      <object_component id="oc-50a">
         <name>.common:uart2CC32XXObjects0</name>
         <uninitialized>true</uninitialized>
         <run_address>0x20010400</run_address>
         <size>0x1f8</size>
      </object_component>
      <object_component id="oc-789">
         <name>.common:PowerCC32XX_contextSave</name>
         <uninitialized>true</uninitialized>
         <run_address>0x200105f8</run_address>
         <size>0x12c</size>
      </object_component>
      <object_component id="oc-e1">
         <name>.common:ClockP_ctrl</name>
         <uninitialized>true</uninitialized>
         <run_address>0x20010898</run_address>
         <size>0x10</size>
      </object_component>
      <object_component id="oc-2a">
         <name>.sysmem</name>
         <uninitialized>true</uninitialized>
         <run_address>0x20004040</run_address>
         <size>0x10</size>
         <input_file_ref idref="fl-e1"/>
      </object_component>
      <object_component id="oc-80a">
         <name>.sysmem</name>
         <uninitialized>true</uninitialized>
         <run_address>0x20004040</run_address>
         <size>0x0</size>
      </object_component>
      <object_component id="oc-2d">
         <name>.stack</name>
         <uninitialized>true</uninitialized>
         <run_address>0x20003000</run_address>
         <size>0x4</size>
         <input_file_ref idref="fl-e2"/>
      </object_component>
      <object_component id="oc-809">
         <name>.stack</name>
         <uninitialized>true</uninitialized>
         <run_address>0x20003000</run_address>
         <size>0x0</size>
      </object_component>
      <object_component id="oc-27">
         <name>.resetVecs:retain</name>
         <load_address>0x20004000</load_address>
         <run_address>0x20004000</run_address>
         <size>0x40</size>
         <input_file_ref idref="fl-1b"/>
      </object_component>
      <object_component id="oc-bb">
         <name>.ramVecs</name>
         <uninitialized>true</uninitialized>
         <run_address>0x20000000</run_address>
         <size>0x30c</size>
         <input_file_ref idref="fl-1b"/>
      </object_component>
      <object_component id="oc-152">
         <name>.debug_info</name>
         <load_address>0x0</load_address>
         <run_address>0x0</run_address>
         <size>0x1c9</size>
         <input_file_ref idref="fl-2"/>
      </object_component>
      <object_component id="oc-122">
         <name>.debug_info</name>
[...]
         <value>0x20010ecc</value>
         <object_component_ref idref="oc-629"/>
      </symbol>
      <symbol id="sm-6e7">
         <name>SemaphoreP_construct</name>
         <value>0x2000ea31</value>
         <object_component_ref idref="oc-33e"/>
      </symbol>
      <symbol id="sm-6e8">
         <name>SemaphoreP_create</name>
         <value>0x2000f975</value>
         <object_component_ref idref="oc-3e5"/>
      </symbol>
      <symbol id="sm-6e9">
         <name>SemaphoreP_destruct</name>
         <value>0x2000e87f</value>
         <object_component_ref idref="oc-4a5"/>
      </symbol>
      <symbol id="sm-6ea">
         <name>SemaphoreP_post</name>
         <value>0x2000ee2d</value>
         <object_component_ref idref="oc-2a5"/>
      </symbol>
      <symbol id="sm-6eb">
         <name>SemaphoreP_pend</name>
         <value>0x2000dbf1</value>
         <object_component_ref idref="oc-299"/>
      </symbol>
      <symbol id="sm-6ec">
         <name>SemaphoreP_delete</name>
         <value>0x2000fc07</value>
         <object_component_ref idref="oc-293"/>
      </symbol>
      <symbol id="sm-6ed">
         <name>SemaphoreP_createBinary</name>
         <value>0x2000f851</value>
         <object_component_ref idref="oc-281"/>
      </symbol>
      <symbol id="sm-6ee">
         <name>SemaphoreP_constructBinary</name>
         <value>0x2000f7c1</value>
         <object_component_ref idref="oc-338"/>
      </symbol>
      <symbol id="sm-6ef">
         <name>SemaphoreP_Params_init</name>
         <value>0x2000fad1</value>
         <object_component_ref idref="oc-3df"/>
      </symbol>
      <symbol id="sm-6f0">
         <name>clkFxn</name>
         <value>0x2000f16b</value>
         <object_component_ref idref="oc-415"/>
      </symbol>
      <symbol id="sm-7d2">
         <name>ClockP_ctrl</name>
         <value>0x20010898</value>
      </symbol>
      <symbol id="sm-7d3">
         <name>ClockP_doTick</name>
         <value>0x2000fbfb</value>
         <object_component_ref idref="oc-60b"/>
      </symbol>
      <symbol id="sm-7d4">
         <name>ClockP_setTimeout</name>
         <value>0x2000fbff</value>
         <object_component_ref idref="oc-570"/>
      </symbol>
      <symbol id="sm-7d5">
         <name>ClockP_startup</name>
         <value>0x2000f2f1</value>
         <object_component_ref idref="oc-501"/>
      </symbol>
      <symbol id="sm-7d6">
         <name>ClockP_stop</name>
         <value>0x2000ed61</value>
         <object_component_ref idref="oc-588"/>
      </symbol>
      <symbol id="sm-7d7">
         <name>ClockP_construct</name>
         <value>0x2000ef3d</value>
         <object_component_ref idref="oc-34a"/>
      </symbol>
      <symbol id="sm-7d8">
         <name>ClockP_getTicksUntilInterrupt</name>
         <value>0x2000f2bd</value>
         <object_component_ref idref="oc-5dd"/>
      </symbol>
      <symbol id="sm-7d9">
         <name>ClockP_setTicks</name>
         <value>0x2000fa91</value>
         <object_component_ref idref="oc-605"/>
      </symbol>
      <symbol id="sm-7da">
         <name>ClockP_tickPeriod</name>
         <value>0x20010ee4</value>
         <object_component_ref idref="oc-617"/>
      </symbol>
      <symbol id="sm-7db">
         <name>ClockP_Params_init</name>
         <value>0x2000fbc3</value>
         <object_component_ref idref="oc-344"/>
      </symbol>
      <symbol id="sm-7dc">
         <name>ClockP_getSystemTicks</name>
         <value>0x2000fa81</value>
         <object_component_ref idref="oc-5e9"/>
      </symbol>
      <symbol id="sm-7dd">
         <name>ClockP_destruct</name>
         <value>0x2000f07d</value>
         <object_component_ref idref="oc-40f"/>
      </symbol>
      <symbol id="sm-7de">
         <name>ClockP_start</name>
         <value>0x2000f491</value>
         <object_component_ref idref="oc-3fd"/>
      </symbol>
      <symbol id="sm-7df">
         <name>ClockP_sysTickHandler</name>
         <value>0x2000e9e1</value>
         <object_component_ref idref="oc-79"/>
      </symbol>
      <symbol id="sm-7e0">
         <name>ClockP_isActive</name>
         <value>0x2000fbcd</value>
         <object_component_ref idref="oc-409"/>
      </symbol>
      <symbol id="sm-7e1">
         <name>ClockP_getCpuFreq</name>
         <value>0x2000fa71</value>
         <object_component_ref idref="oc-4ca"/>
      </symbol>
      <symbol id="sm-7e2">
         <name>ClockP_add</name>
         <value>0x2000fa5f</value>
         <object_component_ref idref="oc-3f7"/>
      </symbol>
      <symbol id="sm-86c">
         <name>HwiP_construct</name>
         <value>0x2000dee5</value>
         <object_component_ref idref="oc-332"/>
      </symbol>
      <symbol id="sm-86d">
         <name>HwiP_inISR</name>
         <value>0x2000f9b5</value>
         <object_component_ref idref="oc-42b"/>
      </symbol>
      <symbol id="sm-86e">
         <name>HwiP_dispatch</name>
         <value>0x2000f68d</value>
         <object_component_ref idref="oc-4f6"/>
      </symbol>
      <symbol id="sm-86f">
         <name>HwiP_destruct</name>
         <value>0x2000f73f</value>
         <object_component_ref idref="oc-49f"/>
      </symbol>
      <symbol id="sm-870">
         <name>HwiP_clearInterrupt</name>
         <value>0x2000fb11</value>
         <object_component_ref idref="oc-32c"/>
      </symbol>
      <symbol id="sm-871">
         <name>HwiP_swiPIntNum</name>
         <value>0x20010ee0</value>
         <object_component_ref idref="oc-4fc"/>
      </symbol>
      <symbol id="sm-872">
         <name>HwiP_Params_init</name>
         <value>0x2000fa05</value>
         <object_component_ref idref="oc-2cc"/>
      </symbol>
      <symbol id="sm-873">
         <name>HwiP_disable</name>
         <value>0x2000fb1f</value>
         <object_component_ref idref="oc-287"/>
      </symbol>
      <symbol id="sm-874">
         <name>HwiP_interruptsEnabled</name>
         <value>0x2000faa1</value>
         <object_component_ref idref="oc-595"/>
      </symbol>
      <symbol id="sm-875">
         <name>HwiP_key</name>
         <value>0x20010edc</value>
         <object_component_ref idref="oc-4fc"/>
      </symbol>
      <symbol id="sm-876">
         <name>HwiP_create</name>
         <value>0x2000f54d</value>
         <object_component_ref idref="oc-2d2"/>
      </symbol>
      <symbol id="sm-877">
         <name>HwiP_post</name>
         <value>0x2000fc03</value>
         <object_component_ref idref="oc-736"/>
      </symbol>
      <symbol id="sm-878">
         <name>HwiP_enable</name>
         <value>0x2000fb2d</value>
         <object_component_ref idref="oc-15e"/>
      </symbol>
      <symbol id="sm-879">
         <name>HwiP_restore</name>
         <value>0x2000fab1</value>
         <object_component_ref idref="oc-28d"/>
      </symbol>
      <symbol id="sm-8a9">
         <name>PowerCC32XX_initPolicy</name>
         <value>0x2000e3ff</value>
         <object_component_ref idref="oc-3cc"/>
      </symbol>
      <symbol id="sm-8aa">
         <name>PowerCC32XX_sleepPolicy</name>
         <value>0x2000cdcd</value>
         <object_component_ref idref="oc-3d2"/>
      </symbol>
      <symbol id="sm-8fa">
         <name>resetISR</name>
         <value>0x2000f86d</value>
         <object_component_ref idref="oc-21"/>
      </symbol>
      <symbol id="sm-8fb">
         <name>resetVectorAddr</name>
         <value>0x2000f880</value>
         <object_component_ref idref="oc-21"/>
      </symbol>
      <symbol id="sm-8fc">
         <name>initVectors</name>
         <value>0x2000f215</value>
         <object_component_ref idref="oc-59"/>
      </symbol>
      <symbol id="sm-8fd">
         <name>resetVectors</name>
         <value>0x20004000</value>
         <object_component_ref idref="oc-27"/>
      </symbol>
      <symbol id="sm-92d">
         <name>SwiP_disable</name>
         <value>0x2000f819</value>
         <object_component_ref idref="oc-5d1"/>
      </symbol>
      <symbol id="sm-92e">
         <name>SwiP_restore</name>
         <value>0x2000ee71</value>
         <object_component_ref idref="oc-611"/>
      </symbol>
      <symbol id="sm-941">
         <name>CPUprimask</name>
         <value>0x2000fbb9</value>
         <object_component_ref idref="oc-6dc"/>
      </symbol>
      <symbol id="sm-942">
         <name>CPUcpsid</name>
         <value>0x2000f99f</value>
         <object_component_ref idref="oc-a3"/>
      </symbol>
      <symbol id="sm-987">
         <name>IntVTableBaseSet</name>
         <value>0x2000f9c9</value>
         <object_component_ref idref="oc-af"/>
      </symbol>
      <symbol id="sm-988">
         <name>IntEnable</name>
         <value>0x2000daa1</value>
         <object_component_ref idref="oc-b5"/>
      </symbol>
      <symbol id="sm-989">
         <name>IntMasterDisable</name>
         <value>0x2000fbd7</value>
         <object_component_ref idref="oc-53"/>
      </symbol>
      <symbol id="sm-98a">
         <name>IntPendSet</name>
         <value>0x2000df71</value>
         <object_component_ref idref="oc-7ae"/>
      </symbol>
      <symbol id="sm-9c4">
         <name>PinModeGet</name>
         <value>0x2000f325</value>
         <object_component_ref idref="oc-267"/>
      </symbol>
      <symbol id="sm-9c5">
         <name>PinConfigSet</name>
         <value>0x2000dff9</value>
         <object_component_ref idref="oc-2c0"/>
      </symbol>
      <symbol id="sm-9c6">
         <name>PinModeSet</name>
         <value>0x2000ef7d</value>
         <object_component_ref idref="oc-26d"/>
      </symbol>
      <symbol id="sm-9c7">
         <name>PinToPadGet</name>
         <value>0x2000f7fd</value>
         <object_component_ref idref="oc-4c3"/>
      </symbol>
      <symbol id="sm-a90">
         <name>PRCMLPDSRestoreInfoSet</name>
         <value>0x2000eda5</value>
         <object_component_ref idref="oc-790"/>
      </symbol>
      <symbol id="sm-a91">
         <name>PRCMPeripheralReset</name>
         <value>0x2000e8dd</value>
         <object_component_ref idref="oc-25b"/>
      </symbol>
      <symbol id="sm-a92">
         <name>PRCMLPDSEnter</name>
         <value>0x2000ec41</value>
         <object_component_ref idref="oc-726"/>
      </symbol>
      <symbol id="sm-a93">
         <name>PRCMPeripheralClkEnable</name>
         <value>0x2000ec89</value>
         <object_component_ref idref="oc-255"/>
      </symbol>
      <symbol id="sm-a94">
         <name>PRCMLPDSEnterKeepDebugIf</name>
         <value>0x2000f16d</value>
         <object_component_ref idref="oc-72c"/>
      </symbol>
      <symbol id="sm-a95">
         <name>PRCMCC3200MCUInit</name>
         <value>0x2000c041</value>
         <object_component_ref idref="oc-1c5"/>
      </symbol>
      <symbol id="sm-a96">
         <name>PRCMHIBRegWrite</name>
         <value>0x2000f95f</value>
         <object_component_ref idref="oc-249"/>
      </symbol>
      <symbol id="sm-a97">
         <name>PRCMSysResetCauseGet</name>
         <value>0x2000e7c1</value>
         <object_component_ref idref="oc-242"/>
      </symbol>
      <symbol id="sm-a98">
         <name>PRCMPeripheralClkDisable</name>
         <value>0x2000f5a1</value>
         <object_component_ref idref="oc-261"/>
      </symbol>
      <symbol id="sm-a99">
         <name>PRCMHIBRegRead</name>
         <value>0x2000f949</value>
         <object_component_ref idref="oc-24f"/>
      </symbol>
      <symbol id="sm-ad6">
         <name>UARTDisable</name>
         <value>0x2000f4f1</value>
         <object_component_ref idref="oc-499"/>
      </symbol>
      <symbol id="sm-ad7">
         <name>UARTIntEnable</name>
         <value>0x2000f919</value>
         <object_component_ref idref="oc-4dc"/>
      </symbol>
      <symbol id="sm-ad8">
         <name>UARTIntDisable</name>
         <value>0x2000f901</value>
         <object_component_ref idref="oc-487"/>
      </symbol>
      <symbol id="sm-ad9">
         <name>UARTRxErrorGet</name>
         <value>0x2000fa3b</value>
         <object_component_ref idref="oc-518"/>
      </symbol>
      <symbol id="sm-ada">
         <name>UARTEnable</name>
         <value>0x2000f6d5</value>
         <object_component_ref idref="oc-4d6"/>
      </symbol>
      <symbol id="sm-adb">
         <name>UARTIntClear</name>
         <value>0x2000fa29</value>
         <object_component_ref idref="oc-4d0"/>
      </symbol>
      <symbol id="sm-adc">
         <name>UARTDMADisable</name>
         <value>0x2000f8e9</value>
         <object_component_ref idref="oc-48d"/>
      </symbol>
      <symbol id="sm-b0f">
         <name>uDMAChannelIsEnabled</name>
         <value>0x2000f619</value>
         <object_component_ref idref="oc-524"/>
      </symbol>
      <symbol id="sm-b10">
         <name>uDMAErrorStatusGet</name>
         <value>0x2000fbad</value>
         <object_component_ref idref="oc-7bd"/>
      </symbol>
      <symbol id="sm-b11">
         <name>uDMAErrorStatusClear</name>
         <value>0x2000fba1</value>
         <object_component_ref idref="oc-7c3"/>
      </symbol>
      <symbol id="sm-b12">
         <name>uDMAChannelAttributeDisable</name>
         <value>0x2000e6fd</value>
         <object_component_ref idref="oc-4e2"/>
      </symbol>
      <symbol id="sm-b16">
         <name>UtilsDelay</name>
         <value>0x2000fbf5</value>
         <object_component_ref idref="oc-248"/>
      </symbol>
      <symbol id="sm-b26">
         <name>FlashDisable</name>
         <value>0x2000eb69</value>
         <object_component_ref idref="oc-7a6"/>
      </symbol>
      <symbol id="sm-b2f">
         <name>__aeabi_lmul</name>
         <value>0x2000f931</value>
         <object_component_ref idref="oc-600"/>
      </symbol>
      <symbol id="sm-b4a">
         <name>memcpy</name>
         <value>0x2000dc91</value>
         <object_component_ref idref="oc-3b"/>
      </symbol>
      <symbol id="sm-b4b">
         <name>__aeabi_memcpy</name>
         <value>0x2000dc91</value>
         <object_component_ref idref="oc-3b"/>
      </symbol>
      <symbol id="sm-b4c">
         <name>__aeabi_memcpy8</name>
         <value>0x2000dc91</value>
         <object_component_ref idref="oc-3b"/>
      </symbol>
      <symbol id="sm-b4d">
         <name>__aeabi_memcpy4</name>
         <value>0x2000dc91</value>
         <object_component_ref idref="oc-3b"/>
      </symbol>
      <symbol id="sm-b5a">
         <name>__aeabi_uldivmod</name>
         <value>0x2000dd2d</value>
         <object_component_ref idref="oc-5f5"/>
      </symbol>
      <symbol id="sm-b6c">
         <name>__TI_zero_init</name>
         <value>0x2000fb95</value>
         <object_component_ref idref="oc-4d"/>
      </symbol>
      <symbol id="sm-b83">
         <name>__TI_decompress_none</name>
         <value>0x2000fb49</value>
         <object_component_ref idref="oc-1a"/>
      </symbol>
      <symbol id="sm-ba6">
         <name>__TI_decompress_lzss</name>
         <value>0x2000e5cd</value>
         <object_component_ref idref="oc-14"/>
      </symbol>
      <symbol id="sm-c2f">
         <name>_sys_memory</name>
         <value>0x20004040</value>
         <object_component_ref idref="oc-2a"/>
      </symbol>
      <symbol id="sm-c30">
         <name>free</name>
         <value>0x2000d835</value>
         <object_component_ref idref="oc-3f0"/>
      </symbol>
      <symbol id="sm-c31">
         <name>memalign</name>
         <value>0x2000d565</value>
         <object_component_ref idref="oc-65c"/>
      </symbol>
      <symbol id="sm-c32">
         <name>malloc</name>
         <value>0x2000fbe1</value>
         <object_component_ref idref="oc-449"/>
      </symbol>
      <symbol id="sm-c33">
         <name>aligned_alloc</name>
         <value>0x2000d565</value>
         <object_component_ref idref="oc-65c"/>
      </symbol>
      <symbol id="sm-c45">
         <name>__stack</name>
         <value>0x20003000</value>
         <object_component_ref idref="oc-2d"/>
      </symbol>
      <symbol id="sm-c46">
         <name>_c_int00_noargs</name>
         <value>0x2000f6f9</value>
         <object_component_ref idref="oc-c5"/>
      </symbol>
      <symbol id="sm-c50">
         <name>__aeabi_idiv0</name>
         <value>0x2000f86b</value>
         <object_component_ref idref="oc-6f7"/>
      </symbol>
      <symbol id="sm-c51">
         <name>__aeabi_ldiv0</name>
         <value>0x2000f86b</value>
         <object_component_ref idref="oc-6f7"/>
      </symbol>
      <symbol id="sm-c60">
         <name>__aeabi_memset</name>
         <value>0x2000e387</value>
         <object_component_ref idref="oc-9d"/>
      </symbol>
      <symbol id="sm-c61">
         <name>memset</name>
         <value>0x2000e38d</value>
         <object_component_ref idref="oc-9d"/>
      </symbol>
      <symbol id="sm-c62">
         <name>__aeabi_memset8</name>
         <value>0x2000e387</value>
         <object_component_ref idref="oc-9d"/>
      </symbol>
      <symbol id="sm-c63">
         <name>__aeabi_memset4</name>
         <value>0x2000e387</value>
         <object_component_ref idref="oc-9d"/>
      </symbol>
      <symbol id="sm-c64">
         <name>__aeabi_memclr8</name>
         <value>0x2000e385</value>
         <object_component_ref idref="oc-9d"/>
      </symbol>
      <symbol id="sm-c65">
         <name>__aeabi_memclr4</name>
         <value>0x2000e385</value>
         <object_component_ref idref="oc-9d"/>
      </symbol>
      <symbol id="sm-c66">
         <name>__aeabi_memclr</name>
         <value>0x2000e385</value>
         <object_component_ref idref="oc-9d"/>
      </symbol>
      <symbol id="sm-c8e">
         <name>__TI_auto_init_nobinit_nopinit</name>
         <value>0x2000eef9</value>
         <object_component_ref idref="oc-177"/>
      </symbol>
      <symbol id="sm-c98">
         <name>_system_pre_init</name>
         <value>0x2000fc0b</value>
         <object_component_ref idref="oc-119"/>
      </symbol>
      <symbol id="sm-ca4">
         <name>C$$EXIT</name>
         <value>0x2000fc0f</value>
         <object_component_ref idref="oc-16b"/>
      </symbol>
      <symbol id="sm-ca5">
         <name>abort</name>
         <value>0x2000fc0f</value>
         <object_component_ref idref="oc-16b"/>
      </symbol>
      <symbol id="sm-cba">
         <name>_nop</name>
         <value>0x2000ed5f</value>
         <object_component_ref idref="oc-394"/>
      </symbol>
      <symbol id="sm-cbb">
         <name>_lock</name>
         <value>0x20010ebc</value>
         <object_component_ref idref="oc-215"/>
      </symbol>
      <symbol id="sm-cbc">
         <name>_unlock</name>
         <value>0x20010ec0</value>
         <object_component_ref idref="oc-215"/>
      </symbol>
      <symbol id="sm-cbe">
         <name>__TI_static_base__</name>
         <value>0x20010ef0</value>
      </symbol>
      <symbol id="sm-cc1">
         <name>ITM_flush</name>
         <value>0x0</value>
      </symbol>
      <symbol id="sm-cc2">
         <name>ITM_restore</name>
         <value>0x0</value>
      </symbol>
      <symbol id="sm-cc3">
         <name>__mpu_init</name>
         <value>0x0</value>
      </symbol>
      <symbol id="sm-cc4">
         <name>_system_post_cinit</name>
         <value>0x0</value>
      </symbol>
      <symbol id="sm-cc5">
         <name>NoRTOS_start</name>
         <value>0x2000fb2d</value>
      </symbol>
   </symbol_table>
   <title>Link successful</title>
</link_info>
