******************************************************************************
                  TI ARM Linker PC v20.2.7                     
******************************************************************************
>> Linked Mon Nov 21 09:58:34 2022

OUTPUT FILE NAME:   <uart2echo_CC3220S_LAUNCHXL_nortos_ccs.out>
ENTRY POINT SYMBOL: "resetISR"  address: 2000f86d


MEMORY CONFIGURATION

         name            origin    length      used     unused   attr    fill
----------------------  --------  ---------  --------  --------  ----  --------
  SRAM2                 20000000   00004000  0000130c  00002cf4  RW X
  SRAM                  20004000   0003c000  0000cef7  0002f109  RW X
  LOG_DATA              90000000   00040000  00000000  00040000  R   


SEGMENT ALLOCATION MAP

run origin  load origin   length   init length attrs members
----------  ----------- ---------- ----------- ----- -------
20003000    20003000    00001000   00000000    rw-
  20003000    20003000    00001000   00000000    rw- .stack
20004000    20004000    00000040   00000040    r--
  20004000    20004000    00000040   00000040    r-- .resetVecs
20004040    20004040    00008000   00000000    rw-
  20004040    20004040    00008000   00000000    rw- .sysmem
2000c040    2000c040    00003ed6   00003ed6    r-x
  2000c040    2000c040    00003bd2   00003bd2    r-x .text
  2000fc14    2000fc14    00000302   00000302    r-- .const
20010000    20010000    00000eee   00000000    rw-
  20010000    20010000    000008c5   00000000    rw- .bss
  200108c8    200108c8    00000626   00000000    rw- .data
20010ef0    20010ef0    000000f8   000000f8    r--
  20010ef0    20010ef0    000000f8   000000f8    r-- .cinit


SECTION ALLOCATION MAP

 output                                  attributes/
section   page    origin      length       input sections
--------  ----  ----------  ----------   ----------------
.text      0    2000c040    00003bd2     
                  2000c040    0000042c     driverlib.a : prcm.obj (.text:PRCMCC3200MCUInit)
                  2000c46c    00000298     drivers_cc32xx.a : UART2.oem4 (.text:UART2_writeTimeout)
                  2000c704    00000294                      : UART2CC32XX.oem4 (.text:UART2_open)
                  2000c998    00000234                      : UART2CC32XX.oem4 (.text:UART2CC32XX_hwiIntFxn)
                  2000cbcc    00000200                      : UART2.oem4 (.text:UART2_readTimeout)
                  2000cdcc    000001a0     nortos_cc32xx.a : PowerCC32XX_nortos.oem4 (.text:PowerCC32XX_sleepPolicy)
                  2000cf6c    00000154     drivers_cc32xx.a : GPIOCC32XX.oem4 (.text:GPIO_setConfig)
                  2000d0c0    00000148                      : PowerCC32XX.oem4 (.text:parkPins)
                  2000d208    00000138                      : PowerCC32XX.oem4 (.text:Power_sleep)
                  2000d340    0000011c     uart2echo.obj (.text:TickFunction_TrackEntry)
                  2000d45c    00000108     drivers_cc32xx.a : UART2CC32XX.oem4 (.text:UART2_close)
                  2000d564    00000100     rtsv7M4_T_le_eabi.lib : memory.c.obj (.text:aligned_alloc)
                  2000d664    000000ec     drivers_cc32xx.a : UART2CC32XX.oem4 (.text:UART2CC32XX_initHw)
                  2000d750    000000e4                      : UART2CC32XX.oem4 (.text:UART2Support_dmaStartRx)
                  2000d834    000000e4     rtsv7M4_T_le_eabi.lib : memory.c.obj (.text:free)
                  2000d918    000000c8     drivers_cc32xx.a : UART2CC32XX.oem4 (.text:UART2Support_dmaStartTx)
                  2000d9e0    000000c0                      : PowerCC32XX.oem4 (.text:restoreParkedPins)
                  2000daa0    000000a8     driverlib.a : interrupt.obj (.text:IntEnable)
                  2000db48    000000a8     drivers_cc32xx.a : PowerCC32XX.oem4 (.text:PowerCC32XX_configureWakeup)
                  2000dbf0    000000a0     nortos_cc32xx.a : SemaphoreP_nortos.oem4 (.text:SemaphoreP_pend)
                  2000dc90    0000009c     rtsv7M4_T_le_eabi.lib : memcpy_t2.asm.obj (.text)
                  2000dd2c    00000096                           : ull_div_t2.asm.obj (.text)
                  2000ddc2    00000002     ti_drivers_config.obj (.text:Board_initHook)
                  2000ddc4    00000090     drivers_cc32xx.a : GPIOCC32XX.oem4 (.text:GPIO_init)
                  2000de54    00000090                      : PowerCC32XX.oem4 (.text:restoreNVICRegs)
                  2000dee4    0000008c     nortos_cc32xx.a : HwiPCC32XX_nortos.oem4 (.text:HwiP_construct)
                  2000df70    00000088     driverlib.a : interrupt.obj (.text:IntPendSet)
                  2000dff8    00000088                 : pin.obj (.text:PinConfigSet)
                  2000e080    00000084     drivers_cc32xx.a : PowerCC32XX.oem4 (.text:Power_init)
                  2000e104    00000084                      : PowerCC32XX.oem4 (.text:saveNVICRegs)
                  2000e188    00000080                      : GPIOCC32XX.oem4 (.text:GPIO_write)
                  2000e208    00000080                      : PowerCC32XX.oem4 (.text:Power_setDependency)
                  2000e288    00000080     uart2echo.obj (.text:mainThread)
                  2000e308    0000007c     drivers_cc32xx.a : UDMACC32XX.oem4 (.text:UDMACC32XX_open)
                  2000e384    0000007a     rtsv7M4_T_le_eabi.lib : memset_t2.asm.obj (.text)
                  2000e3fe    00000002     nortos_cc32xx.a : PowerCC32XX_nortos.oem4 (.text:PowerCC32XX_initPolicy)
                  2000e400    00000074     uart2echo.obj (.text:TickFunction_SetLED)
                  2000e474    00000074     drivers_cc32xx.a : UART2CC32XX.oem4 (.text:UART2CC32XX_readCallback)
                  2000e4e8    00000074                      : GPIOCC32XX.oem4 (.text:powerNotifyFxn)
                  2000e55c    00000070     rtsv7M4_T_le_eabi.lib : memory.c.obj (.text:split)
                  2000e5cc    00000068                           : copy_decompress_lzss.c.obj (.text:decompress:lzss:__TI_decompress_lzss)
                  2000e634    00000064     drivers_cc32xx.a : GPIOCC32XX.oem4 (.text:GPIO_setInterruptConfig)
                  2000e698    00000064                      : PowerCC32XX.oem4 (.text:PowerCC32XX_setParkState)
                  2000e6fc    00000064     driverlib.a : udma.obj (.text:uDMAChannelAttributeDisable)
                  2000e760    00000060     drivers_cc32xx.a : GPIOCC32XX.oem4 (.text:GPIO_hwiIntFxn)
                  2000e7c0    00000060     driverlib.a : prcm.obj (.text:PRCMSysResetCauseGet)
                  2000e820    0000005e     drivers_cc32xx.a : UART2CC32XX.oem4 (.text:UART2Support_dmaStopTx)
                  2000e87e    00000002     nortos_cc32xx.a : SemaphoreP_nortos.oem4 (.text:SemaphoreP_destruct)
                  2000e880    0000005c                     : ClockPSysTick_nortos.oem4 (.text:sysTickInit)
                  2000e8dc    00000058     driverlib.a : prcm.obj (.text:PRCMPeripheralReset)
                  2000e934    00000058     drivers_cc32xx.a : PowerCC32XX.oem4 (.text:Power_releaseDependency)
                  2000e98c    00000052                      : PowerCC32XX_asm.oem4 (.text:PowerCC32XX_resumeLPDS)
                  2000e9de    00000002                      : UART2CC32XX.oem4 (.text:UART2CC32XX_eventCallback)
                  2000e9e0    00000050     nortos_cc32xx.a : ClockPSysTick_nortos.oem4 (.text:ClockP_sysTickHandler)
                  2000ea30    00000050                     : SemaphoreP_nortos.oem4 (.text:SemaphoreP_construct)
                  2000ea80    00000050     drivers_cc32xx.a : UART2CC32XX.oem4 (.text:UART2Support_dmaStopRx)
                  2000ead0    0000004c                      : PowerCC32XX.oem4 (.text:PowerCC32XX_parkPin)
                  2000eb1c    0000004c                      : PowerCC32XX.oem4 (.text:restorePeriphClocks)
                  2000eb68    00000048     driverlib.a : flash.obj (.text:FlashDisable)
                  2000ebb0    00000048     drivers_cc32xx.a : GPIOCC32XX.oem4 (.text:GPIO_disableInt)
                  2000ebf8    00000048                      : GPIOCC32XX.oem4 (.text:GPIO_enableInt)
                  2000ec40    00000048     driverlib.a : prcm.obj (.text:PRCMLPDSEnter)
                  2000ec88    00000048                 : prcm.obj (.text:PRCMPeripheralClkEnable)
                  2000ecd0    00000048     drivers_cc32xx.a : PowerCC32XX.oem4 (.text:Power_releaseConstraint)
                  2000ed18    00000046                      : RingBuf.oem4 (.text:RingBuf_put)
                  2000ed5e    00000002     rtsv7M4_T_le_eabi.lib : _lock.c.obj (.text:_nop)
                  2000ed60    00000044     nortos_cc32xx.a : ClockPSysTick_nortos.oem4 (.text:ClockP_stop)
                  2000eda4    00000044     driverlib.a : prcm.obj (.text:PRCMLPDSRestoreInfoSet)
                  2000ede8    00000044     drivers_cc32xx.a : PowerCC32XX_asm.oem4 (.text:PowerCC32XX_enterLPDS)
                  2000ee2c    00000044     nortos_cc32xx.a : SemaphoreP_nortos.oem4 (.text:SemaphoreP_post)
                  2000ee70    00000044                     : SwiP_nortos.oem4 (.text:SwiP_restore)
                  2000eeb4    00000044     drivers_cc32xx.a : UART2CC32XX.oem4 (.text:UART2Support_enableInts)
                  2000eef8    00000044     rtsv7M4_T_le_eabi.lib : autoinit.c.obj (.text:__TI_auto_init_nobinit_nopinit:__TI_auto_init_nobinit_nopinit)
                  2000ef3c    00000040     nortos_cc32xx.a : ClockPSysTick_nortos.oem4 (.text:ClockP_construct)
                  2000ef7c    00000040     driverlib.a : pin.obj (.text:PinModeSet)
                  2000efbc    00000040     drivers_cc32xx.a : UART2.oem4 (.text:UART2_readFull)
                  2000effc    00000040                      : UDMACC32XX.oem4 (.text:UDMACC32XX_init)
                  2000f03c    0000003e                      : RingBuf.oem4 (.text:RingBuf_putAdvance)
                  2000f07a    00000002     nortos_cc32xx.a : startup_cc32xx_ccs.oem4 (.text:busFaultHandler)
                  2000f07c    0000003c                     : ClockPSysTick_nortos.oem4 (.text:ClockP_destruct)
                  2000f0b8    0000003c     drivers_cc32xx.a : PowerCC32XX.oem4 (.text:Power_setConstraint)
                  2000f0f4    0000003c                      : UART2CC32XX.oem4 (.text:UART2Support_dmaRefreshRx)
                  2000f130    0000003a     nortos_cc32xx.a : PowerCC32XX_nortos.oem4 (.text:getCountsRTC)
                  2000f16a    00000002                     : SemaphoreP_nortos.oem4 (.text:clkFxn)
                  2000f16c    00000038     driverlib.a : prcm.obj (.text:PRCMLPDSEnterKeepDebugIf)
                  2000f1a4    00000038     drivers_cc32xx.a : UART2.oem4 (.text:UART2_rxEnable)
                  2000f1dc    00000038     nortos_cc32xx.a : ClockPSysTick_nortos.oem4 (.text:addToList)
                  2000f214    00000038                     : startup_cc32xx_ccs.oem4 (.text:initVectors)
                  2000f24c    00000038     drivers_cc32xx.a : PowerCC32XX.oem4 (.text:notify)
                  2000f284    00000036                      : UART2.oem4 (.text:UART2_rxDisable)
                  2000f2ba    00000002     nortos_cc32xx.a : startup_cc32xx_ccs.oem4 (.text:defaultHandler)
                  2000f2bc    00000034                     : ClockPSysTick_nortos.oem4 (.text:ClockP_getTicksUntilInterrupt)
                  2000f2f0    00000034                     : ClockPSysTick_nortos.oem4 (.text:ClockP_startup)
                  2000f324    00000034     driverlib.a : pin.obj (.text:PinModeGet)
                  2000f358    00000034     drivers_cc32xx.a : PowerCC32XX.oem4 (.text:PowerCC32XX_restoreParkState)
                  2000f38c    00000034                      : RingBuf.oem4 (.text:RingBuf_getConsume)
                  2000f3c0    00000034                      : RingBuf.oem4 (.text:RingBuf_putPointer)
                  2000f3f4    00000034                      : UART2CC32XX.oem4 (.text:UART2Support_sendData)
                  2000f428    00000034                      : UDMACC32XX.oem4 (.text:UDMACC32XX_close)
                  2000f45c    00000032                      : UART2CC32XX.oem4 (.text:UART2Support_disableRx)
                  2000f48e    00000002     nortos_cc32xx.a : startup_cc32xx_ccs.oem4 (.text:faultISR)
                  2000f490    00000030                     : ClockPSysTick_nortos.oem4 (.text:ClockP_start)
                  2000f4c0    00000030     drivers_cc32xx.a : PowerCC32XX.oem4 (.text:PowerCC32XX_restoreParkedPin)
                  2000f4f0    00000030     driverlib.a : uart.obj (.text:UARTDisable)
                  2000f520    0000002c     drivers_cc32xx.a : PowerCC32XX.oem4 (.text:PowerCC32XX_getParkState)
                  2000f54c    0000002a     nortos_cc32xx.a : HwiPCC32XX_nortos.oem4 (.text:HwiP_create)
                  2000f576    0000002a     drivers_cc32xx.a : RingBuf.oem4 (.text:RingBuf_getPointer)
                  2000f5a0    00000028     driverlib.a : prcm.obj (.text:PRCMPeripheralClkDisable)
                  2000f5c8    00000028     drivers_cc32xx.a : PowerCC32XX.oem4 (.text:Power_registerNotify)
                  2000f5f0    00000028     rtsv7M4_T_le_eabi.lib : memory.c.obj (.text:free_list_insert)
                  2000f618    00000028     driverlib.a : udma.obj (.text:uDMAChannelIsEnabled)
                  2000f640    00000026     drivers_cc32xx.a : List.oem4 (.text:List_put)
                  2000f666    00000026                      : List.oem4 (.text:List_remove)
                  2000f68c    00000024     nortos_cc32xx.a : HwiPCC32XX_nortos.oem4 (.text:HwiP_dispatch)
                  2000f6b0    00000024     drivers_cc32xx.a : PowerCC32XX.oem4 (.text:PowerCC32XX_reset)
                  2000f6d4    00000024     driverlib.a : uart.obj (.text:UARTEnable)
                  2000f6f8    00000024     rtsv7M4_T_le_eabi.lib : boot_cortex_m.c.obj (.text:_c_int00_noargs:_c_int00_noargs)
                  2000f71c    00000022     drivers_cc32xx.a : UART2CC32XX.oem4 (.text:UART2CC32XX_writeTimeout)
                  2000f73e    00000020     nortos_cc32xx.a : HwiPCC32XX_nortos.oem4 (.text:HwiP_destruct)
                  2000f75e    00000002                     : startup_cc32xx_ccs.oem4 (.text:nmiISR)
                  2000f760    00000020     drivers_cc32xx.a : PowerCC32XX.oem4 (.text:Power_unregisterNotify)
                  2000f780    00000020                      : UART2CC32XX.oem4 (.text:UART2CC32XX_getPowerMgrId)
                  2000f7a0    00000020                      : UART2.oem4 (.text:UART2_read)
                  2000f7c0    0000001e     nortos_cc32xx.a : SemaphoreP_nortos.oem4 (.text:SemaphoreP_constructBinary)
                  2000f7de    0000001e     drivers_cc32xx.a : UDMACC32XX.oem4 (.text:postNotifyFxn)
                  2000f7fc    0000001c     driverlib.a : pin.obj (.text:PinToPadGet)
                  2000f818    0000001c     nortos_cc32xx.a : SwiP_nortos.oem4 (.text:SwiP_disable)
                  2000f834    0000001c     rtsv7M4_T_le_eabi.lib : memory.c.obj (.text:free_list_remove)
                  2000f850    0000001a     nortos_cc32xx.a : SemaphoreP_nortos.oem4 (.text:SemaphoreP_createBinary)
                  2000f86a    00000002     rtsv7M4_T_le_eabi.lib : div0.asm.obj (.text)
                  2000f86c    0000001a     nortos_cc32xx.a : startup_cc32xx_ccs.oem4 (.text:resetISR)
                  2000f886    00000002     --HOLE-- [fill = 0]
                  2000f888    00000018     drivers_cc32xx.a : PowerCC32XX.oem4 (.text:Power_getTransitionLatency)
                  2000f8a0    00000018                      : PowerCC32XX.oem4 (.text:Power_idleFunc)
                  2000f8b8    00000018                      : UART2CC32XX.oem4 (.text:UART2Support_txDone)
                  2000f8d0    00000018                      : UART2.oem4 (.text:UART2_Params_init)
                  2000f8e8    00000018     driverlib.a : uart.obj (.text:UARTDMADisable)
                  2000f900    00000018                 : uart.obj (.text:UARTIntDisable)
                  2000f918    00000018                 : uart.obj (.text:UARTIntEnable)
                  2000f930    00000018     rtsv7M4_T_le_eabi.lib : ll_mul_t2.asm.obj (.text)
                  2000f948    00000016     driverlib.a : prcm.obj (.text:PRCMHIBRegRead)
                  2000f95e    00000016                 : prcm.obj (.text:PRCMHIBRegWrite)
                  2000f974    00000016     nortos_cc32xx.a : SemaphoreP_nortos.oem4 (.text:SemaphoreP_create)
                  2000f98a    00000014     ti_drivers_config.obj (.text:Board_init)
                  2000f99e    00000014     driverlib.a : cpu.obj (.text:CPUcpsid)
                  2000f9b2    00000002     --HOLE-- [fill = 0]
                  2000f9b4    00000014     nortos_cc32xx.a : HwiPCC32XX_nortos.oem4 (.text:HwiP_inISR)
                  2000f9c8    00000014     driverlib.a : interrupt.obj (.text:IntVTableBaseSet)
                  2000f9dc    00000014     drivers_cc32xx.a : PowerCC32XX.oem4 (.text:Power_disablePolicy)
                  2000f9f0    00000014                      : PowerCC32XX.oem4 (.text:Power_getDependencyCount)
                  2000fa04    00000012     nortos_cc32xx.a : HwiPCC32XX_nortos.oem4 (.text:HwiP_Params_init)
                  2000fa16    00000012     drivers_cc32xx.a : RingBuf.oem4 (.text:RingBuf_construct)
                  2000fa28    00000012     driverlib.a : uart.obj (.text:UARTIntClear)
                  2000fa3a    00000012                 : uart.obj (.text:UARTRxErrorGet)
                  2000fa4c    00000012     main_nortos.obj (.text:main)
                  2000fa5e    00000010     nortos_cc32xx.a : ClockPSysTick_nortos.oem4 (.text:ClockP_add)
                  2000fa6e    00000002     --HOLE-- [fill = 0]
                  2000fa70    00000010                     : ClockPSysTick_nortos.oem4 (.text:ClockP_getCpuFreq)
                  2000fa80    00000010                     : ClockPSysTick_nortos.oem4 (.text:ClockP_getSystemTicks)
                  2000fa90    00000010                     : ClockPSysTick_nortos.oem4 (.text:ClockP_setTicks)
                  2000faa0    00000010                     : HwiPCC32XX_nortos.oem4 (.text:HwiP_interruptsEnabled)
                  2000fab0    00000010                     : HwiPCC32XX_nortos.oem4 (.text:HwiP_restore)
                  2000fac0    00000010     drivers_cc32xx.a : PowerCC32XX.oem4 (.text:Power_enablePolicy)
                  2000fad0    00000010     nortos_cc32xx.a : SemaphoreP_nortos.oem4 (.text:SemaphoreP_Params_init)
                  2000fae0    00000010     drivers_cc32xx.a : UART2CC32XX.oem4 (.text:UART2CC32XX_readTimeout)
                  2000faf0    00000010                      : UART2CC32XX.oem4 (.text:UART2Support_rxStatus2ErrorCode)
                  2000fb00    00000010     ti_drivers_config.obj (.text:dmaErrorFxn)
                  2000fb10    0000000e     nortos_cc32xx.a : HwiPCC32XX_nortos.oem4 (.text:HwiP_clearInterrupt)
                  2000fb1e    0000000e                     : HwiPCC32XX_nortos.oem4 (.text:HwiP_disable)
                  2000fb2c    0000000e                     : HwiPCC32XX_nortos.oem4 (.text:HwiP_enable)
                  2000fb3a    0000000e     drivers_cc32xx.a : UART2.oem4 (.text:UART2_write)
                  2000fb48    0000000e     rtsv7M4_T_le_eabi.lib : copy_decompress_none.c.obj (.text:decompress:none:__TI_decompress_none)
                  2000fb56    00000002     --HOLE-- [fill = 0]
                  2000fb58    0000000c     drivers_cc32xx.a : PowerCC32XX.oem4 (.text:Power_getConstraintMask)
                  2000fb64    0000000c                      : UART2CC32XX.oem4 (.text:UART2CC32XX_postNotifyFxn)
                  2000fb70    0000000c                      : UART2CC32XX.oem4 (.text:UART2Support_disableTx)
                  2000fb7c    0000000c                      : UART2CC32XX.oem4 (.text:UART2Support_enableRx)
                  2000fb88    0000000c                      : UART2CC32XX.oem4 (.text:UART2Support_enableTx)
                  2000fb94    0000000c     rtsv7M4_T_le_eabi.lib : copy_zero_init.c.obj (.text:decompress:ZI:__TI_zero_init)
                  2000fba0    0000000c     driverlib.a : udma.obj (.text:uDMAErrorStatusClear)
                  2000fbac    0000000c                 : udma.obj (.text:uDMAErrorStatusGet)
                  2000fbb8    0000000a                 : cpu.obj (.text:CPUprimask)
                  2000fbc2    0000000a     nortos_cc32xx.a : ClockPSysTick_nortos.oem4 (.text:ClockP_Params_init)
                  2000fbcc    0000000a                     : ClockPSysTick_nortos.oem4 (.text:ClockP_isActive)
                  2000fbd6    0000000a     driverlib.a : interrupt.obj (.text:IntMasterDisable)
                  2000fbe0    00000008     rtsv7M4_T_le_eabi.lib : memory.c.obj (.text:malloc)
                  2000fbe8    00000006     drivers_cc32xx.a : UART2CC32XX.oem4 (.text:UART2Support_powerRelConstraint)
                  2000fbee    00000006                      : UART2CC32XX.oem4 (.text:UART2Support_powerSetConstraint)
                  2000fbf4    00000006     driverlib.a : utils.obj (.text:UtilsDelay)
                  2000fbfa    00000004     nortos_cc32xx.a : ClockPSysTick_nortos.oem4 (.text:ClockP_doTick)
                  2000fbfe    00000004                     : ClockPSysTick_nortos.oem4 (.text:ClockP_setTimeout)
                  2000fc02    00000004                     : HwiPCC32XX_nortos.oem4 (.text:HwiP_post)
                  2000fc06    00000004                     : SemaphoreP_nortos.oem4 (.text:SemaphoreP_delete)
                  2000fc0a    00000004     rtsv7M4_T_le_eabi.lib : pre_init.c.obj (.text:_system_pre_init)
                  2000fc0e    00000004                           : exit.c.obj (.text:abort:abort)

.const     0    2000fc14    00000302     
                  2000fc14    00000100     driverlib.a : pin.obj (.const:g_ulPinToPadMap)
                  2000fd14    000000a8                 : prcm.obj (.const:PRCM_PeriphRegsList)
                  2000fdbc    00000044     ti_drivers_config.obj (.const:PowerCC32XX_config)
                  2000fe00    0000003c     ti_drivers_config.obj (.const:uart2CC32XXHWAttrs0)
                  2000fe3c    00000028     drivers_cc32xx.a : GPIOCC32XX.oem4 (.const:portConfigs)
                  2000fe64    00000024                      : UART2.oem4 (.const:UART2_defaultParams)
                  2000fe88    00000021                      : GPIOCC32XX.oem4 (.const:.string:pinTable)
                  2000fea9    00000002                      : UART2CC32XX.oem4 (.const:.string:stopBits)
                  2000feab    00000001     --HOLE-- [fill = 0]
                  2000feac    00000018     driverlib.a : interrupt.obj (.const:g_pulEnRegs)
                  2000fec4    00000018                 : interrupt.obj (.const:g_pulPendRegs)
                  2000fedc    00000010     ti_drivers_config.obj (.const:GPIO_config)
                  2000feec    0000000c     ti_drivers_config.obj (.const:udmaCC3220SHWAttrs)
                  2000fef8    00000008     ti_drivers_config.obj (.const:UART2_config)
                  2000ff00    00000008     ti_drivers_config.obj (.const:UDMACC32XX_config)
                  2000ff08    00000005     drivers_cc32xx.a : UART2CC32XX.oem4 (.const:.string:parityType)
                  2000ff0d    00000005     ti_drivers_config.obj (.const)
                  2000ff12    00000004     drivers_cc32xx.a : UART2CC32XX.oem4 (.const:.string:dataLength)

.cinit     0    20010ef0    000000f8     
                  20010ef0    000000ce     (.cinit..data.load) [load image, compression = lzss]
                  20010fbe    00000002     --HOLE-- [fill = 0]
                  20010fc0    0000000c     (__TI_handler_table)
                  20010fcc    00000004     --HOLE-- [fill = 0]
                  20010fd0    00000008     (.cinit..bss.load) [load image, compression = zero_init]
                  20010fd8    00000010     (__TI_cinit_table)

.init_array 
*          0    20004000    00000000     UNINITIALIZED

.ramVecs   0    20000000    0000030c     NOLOAD SECTION
                  20000000    0000030c     nortos_cc32xx.a : startup_cc32xx_ccs.oem4 (.ramVecs)

.stack     0    20003000    00001000     UNINITIALIZED
                  20003000    00000004     rtsv7M4_T_le_eabi.lib : boot_cortex_m.c.obj (.stack)
                  20003004    00000ffc     --HOLE--

.resetVecs 
*          0    20004000    00000040     
                  20004000    00000040     nortos_cc32xx.a : startup_cc32xx_ccs.oem4 (.resetVecs:retain)

.sysmem    0    20004040    00008000     UNINITIALIZED
                  20004040    00000010     rtsv7M4_T_le_eabi.lib : memory.c.obj (.sysmem)
                  20004050    00007ff0     --HOLE--

.bss       0    20010000    000008c5     UNINITIALIZED
                  20010000    00000400     ti_drivers_config.obj (.bss:dmaControlTable)
                  20010400    000001f8     (.common:uart2CC32XXObjects0)
                  200105f8    0000012c     (.common:PowerCC32XX_contextSave)
                  20010724    00000084     (.common:gpioCallbackFunctions)
                  200107a8    00000084     (.common:gpioUserArgs)
                  2001082c    00000020     ti_drivers_config.obj (.bss:uart2RxRingBuffer0)
                  2001084c    00000020     ti_drivers_config.obj (.bss:uart2TxRingBuffer0)
                  2001086c    00000014     drivers_cc32xx.a : UDMACC32XX.oem4 (.bss:postNotifyObj)
                  20010880    00000014                      : GPIOCC32XX.oem4 (.bss:powerNotifyObj)
                  20010894    00000004                      : GPIOCC32XX.oem4 (.bss)
                  20010898    00000010     (.common:ClockP_ctrl)
                  200108a8    0000000d     nortos_cc32xx.a : SwiP_nortos.oem4 (.bss)
                  200108b5    00000001     (.common:ENTRY_State)
                  200108b6    00000001     (.common:LED_State)
                  200108b7    00000001     (.common:input)
                  200108b8    00000008     (.common:udmaCC3220SObject)
                  200108c0    00000004                     : ClockPSysTick_nortos.oem4 (.bss)
                  200108c4    00000001     (.common:ledOn)

.data      0    200108c8    00000626     UNINITIALIZED
                  200108c8    0000030c     nortos_cc32xx.a : HwiPCC32XX_nortos.oem4 (.data:HwiP_dispatchTable)
                  20010bd4    0000016c     drivers_cc32xx.a : PowerCC32XX.oem4 (.data:PowerCC32XX_module)
                  20010d40    000000f8     ti_drivers_config.obj (.data:parkInfo)
                  20010e38    00000084     ti_drivers_config.obj (.data:gpioPinConfigs)
                  20010ebc    00000008     rtsv7M4_T_le_eabi.lib : _lock.c.obj (.data:$O1$$)
                  20010ec4    00000008                           : memory.c.obj (.data:$O1$$)
                  20010ecc    00000008     nortos_cc32xx.a : SemaphoreP_nortos.oem4 (.data:SemaphoreP_defaultParams)
                  20010ed4    00000008     drivers_cc32xx.a : UDMACC32XX.oem4 (.data)
                  20010edc    00000008     nortos_cc32xx.a : HwiPCC32XX_nortos.oem4 (.data)
                  20010ee4    00000005                     : ClockPSysTick_nortos.oem4 (.data)
                  20010ee9    00000003                     : SemaphoreP_nortos.oem4 (.data)
                  20010eec    00000002     drivers_cc32xx.a : GPIOCC32XX.oem4 (.data)

.log_data 
*          0    90000000    00000000     COPY SECTION

__llvm_prf_cnts 
*          0    20004000    00000000     UNINITIALIZED

MODULE SUMMARY

       Module                       code    ro data   rw data
       ------                       ----    -------   -------
    .\
       uart2echo.obj                528     0         4      
       main_nortos.obj              18      0         0      
    +--+----------------------------+-------+---------+---------+
       Total:                       546     0         4      
                                                             
    .\syscfg\
       ti_drivers_config.obj        38      177       2244   
    +--+----------------------------+-------+---------+---------+
       Total:                       38      177       2244   
                                                             
    C:/ti/simplelink_cc32xx_sdk_6_10_00_05/kernel/nortos/lib/ccs/m4/nortos_cc32xx.a
       HwiPCC32XX_nortos.oem4       366     0         788    
       startup_cc32xx_ccs.oem4      90      64        780    
       ClockPSysTick_nortos.oem4    664     0         25     
       PowerCC32XX_nortos.oem4      476     0         0      
       SemaphoreP_nortos.oem4       410     0         11     
       SwiP_nortos.oem4             96      0         13     
    +--+----------------------------+-------+---------+---------+
       Total:                       2102    64        1617   
                                                             
    C:/ti/simplelink_cc32xx_sdk_6_10_00_05/source/ti/devices/cc32xx/driverlib/ccs/Release/driverlib.a
       prcm.obj                     1604    168       0      
       pin.obj                      280     256       0      
       interrupt.obj                334     48        0      
       uart.obj                     192     0         0      
       udma.obj                     164     0         0      
       flash.obj                    72      0         0      
       cpu.obj                      30      0         0      
       utils.obj                    6       0         0      
    +--+----------------------------+-------+---------+---------+
       Total:                       2682    472       0      
                                                             
    C:/ti/simplelink_cc32xx_sdk_6_10_00_05/source/ti/drivers/lib/ccs/m4/drivers_cc32xx.a
       PowerCC32XX.oem4             2432    0         664    
       UART2CC32XX.oem4             2856    11        0      
       UART2.oem4                   1420    36        0      
       GPIOCC32XX.oem4              1068    73        26     
       UDMACC32XX.oem4              270     0         28     
       RingBuf.oem4                 296     0         0      
       PowerCC32XX_asm.oem4         150     0         0      
       List.oem4                    76      0         0      
    +--+----------------------------+-------+---------+---------+
       Total:                       8568    120       718    
                                                             
    C:\CodeComposerStudio\ccs\tools\compiler\ti-cgt-arm_20.2.7.LTS\lib\rtsv7M4_T_le_eabi.lib
       memory.c.obj                 672     0         8      
       memcpy_t2.asm.obj            156     0         0      
       ull_div_t2.asm.obj           150     0         0      
       memset_t2.asm.obj            122     0         0      
       copy_decompress_lzss.c.obj   104     0         0      
       autoinit.c.obj               68      0         0      
       boot_cortex_m.c.obj          36      0         0      
       ll_mul_t2.asm.obj            24      0         0      
       copy_decompress_none.c.obj   14      0         0      
       copy_zero_init.c.obj         12      0         0      
       _lock.c.obj                  2       0         8      
       exit.c.obj                   4       0         0      
       pre_init.c.obj               4       0         0      
       div0.asm.obj                 2       0         0      
    +--+----------------------------+-------+---------+---------+
       Total:                       1370    0         16     
                                                             
       Heap:                        0       0         32768  
       Stack:                       0       0         4096   
       Linker Generated:            0       242       0      
    +--+----------------------------+-------+---------+---------+
       Grand Total:                 15306   1075      41463  


LINKER GENERATED COPY TABLES

__TI_cinit_table @ 20010fd8 records: 2, size/record: 8, table size: 16
	.data: load addr=20010ef0, load size=000000ce bytes, run addr=200108c8, run size=00000626 bytes, compression=lzss
	.bss: load addr=20010fd0, load size=00000008 bytes, run addr=20010000, run size=000008c5 bytes, compression=zero_init


LINKER GENERATED HANDLER TABLE

__TI_handler_table @ 20010fc0 records: 3, size/record: 4, table size: 12
	index: 0, handler: __TI_decompress_lzss
	index: 1, handler: __TI_decompress_none
	index: 2, handler: __TI_zero_init


GLOBAL SYMBOLS: SORTED ALPHABETICALLY BY Name 

address   name                           
-------   ----                           
2000f98b  Board_init                     
2000ddc3  Board_initHook                 
2000fc0f  C$$EXIT                        
2000ff0f  CONFIG_GPIO_LED_0_CONST        
2000ff10  CONFIG_UART2_0_CONST           
2000f99f  CPUcpsid                       
2000fbb9  CPUprimask                     
2000fbc3  ClockP_Params_init             
2000fa5f  ClockP_add                     
2000ef3d  ClockP_construct               
20010898  ClockP_ctrl                    
2000f07d  ClockP_destruct                
2000fbfb  ClockP_doTick                  
2000fa71  ClockP_getCpuFreq              
2000fa81  ClockP_getSystemTicks          
2000f2bd  ClockP_getTicksUntilInterrupt  
2000fbcd  ClockP_isActive                
2000fa91  ClockP_setTicks                
2000fbff  ClockP_setTimeout              
2000f491  ClockP_start                   
2000f2f1  ClockP_startup                 
2000ed61  ClockP_stop                    
2000e9e1  ClockP_sysTickHandler          
20010ee4  ClockP_tickPeriod              
200108b5  ENTRY_State                    
2000eb69  FlashDisable                   
2000fedc  GPIO_config                    
2000ebb1  GPIO_disableInt                
2000ebf9  GPIO_enableInt                 
2000e761  GPIO_hwiIntFxn                 
2000ddc5  GPIO_init                      
2000ff0d  GPIO_pinLowerBound             
2000ff0e  GPIO_pinUpperBound             
2000cf6d  GPIO_setConfig                 
2000e635  GPIO_setInterruptConfig        
2000e189  GPIO_write                     
2000fa05  HwiP_Params_init               
2000fb11  HwiP_clearInterrupt            
2000dee5  HwiP_construct                 
2000f54d  HwiP_create                    
2000f73f  HwiP_destruct                  
2000fb1f  HwiP_disable                   
2000f68d  HwiP_dispatch                  
2000fb2d  HwiP_enable                    
2000f9b5  HwiP_inISR                     
2000faa1  HwiP_interruptsEnabled         
20010edc  HwiP_key                       
2000fc03  HwiP_post                      
2000fab1  HwiP_restore                   
20010ee0  HwiP_swiPIntNum                
UNDEFED   ITM_flush                      
UNDEFED   ITM_restore                    
2000daa1  IntEnable                      
2000fbd7  IntMasterDisable               
2000df71  IntPendSet                     
2000f9c9  IntVTableBaseSet               
200108b6  LED_State                      
2000f641  List_put                       
2000f667  List_remove                    
2000fb2d  NoRTOS_start                   
2000c041  PRCMCC3200MCUInit              
2000f949  PRCMHIBRegRead                 
2000f95f  PRCMHIBRegWrite                
2000ec41  PRCMLPDSEnter                  
2000f16d  PRCMLPDSEnterKeepDebugIf       
2000eda5  PRCMLPDSRestoreInfoSet         
2000f5a1  PRCMPeripheralClkDisable       
2000ec89  PRCMPeripheralClkEnable        
2000e8dd  PRCMPeripheralReset            
2000e7c1  PRCMSysResetCauseGet           
2000dff9  PinConfigSet                   
2000f325  PinModeGet                     
2000ef7d  PinModeSet                     
2000f7fd  PinToPadGet                    
2000fdbc  PowerCC32XX_config             
2000db49  PowerCC32XX_configureWakeup    
200105f8  PowerCC32XX_contextSave        
2000ede9  PowerCC32XX_enterLPDS          
2000f521  PowerCC32XX_getParkState       
2000e3ff  PowerCC32XX_initPolicy         
20010bd4  PowerCC32XX_module             
2000ead1  PowerCC32XX_parkPin            
2000f6b1  PowerCC32XX_reset              
2000f359  PowerCC32XX_restoreParkState   
2000f4c1  PowerCC32XX_restoreParkedPin   
2000e98d  PowerCC32XX_resumeLPDS         
2000e699  PowerCC32XX_setParkState       
2000cdcd  PowerCC32XX_sleepPolicy        
2000f9dd  Power_disablePolicy            
2000fac1  Power_enablePolicy             
2000fb59  Power_getConstraintMask        
2000f9f1  Power_getDependencyCount       
2000f889  Power_getTransitionLatency     
2000f8a1  Power_idleFunc                 
2000e081  Power_init                     
2000f5c9  Power_registerNotify           
2000ecd1  Power_releaseConstraint        
2000e935  Power_releaseDependency        
2000f0b9  Power_setConstraint            
2000e209  Power_setDependency            
2000d209  Power_sleep                    
2000f761  Power_unregisterNotify         
2000fa17  RingBuf_construct              
2000f38d  RingBuf_getConsume             
2000f577  RingBuf_getPointer             
2000ed19  RingBuf_put                    
2000f03d  RingBuf_putAdvance             
2000f3c1  RingBuf_putPointer             
2000fad1  SemaphoreP_Params_init         
2000ea31  SemaphoreP_construct           
2000f7c1  SemaphoreP_constructBinary     
2000f975  SemaphoreP_create              
2000f851  SemaphoreP_createBinary        
20010ecc  SemaphoreP_defaultParams       
2000fc07  SemaphoreP_delete              
2000e87f  SemaphoreP_destruct            
2000dbf1  SemaphoreP_pend                
2000ee2d  SemaphoreP_post                
2000f819  SwiP_disable                   
2000ee71  SwiP_restore                   
2000e401  TickFunction_SetLED            
2000d341  TickFunction_TrackEntry        
2000f45d  UART2Support_disableRx         
2000fb71  UART2Support_disableTx         
2000f0f5  UART2Support_dmaRefreshRx      
2000d751  UART2Support_dmaStartRx        
2000d919  UART2Support_dmaStartTx        
2000ea81  UART2Support_dmaStopRx         
2000e821  UART2Support_dmaStopTx         
2000eeb5  UART2Support_enableInts        
2000fb7d  UART2Support_enableRx          
2000fb89  UART2Support_enableTx          
2000fbe9  UART2Support_powerRelConstraint
2000fbef  UART2Support_powerSetConstraint
2000faf1  UART2Support_rxStatus2ErrorCode
2000f3f5  UART2Support_sendData          
2000f8b9  UART2Support_txDone            
2000f8d1  UART2_Params_init              
2000d45d  UART2_close                    
2000fef8  UART2_config                   
2000ff11  UART2_count                    
2000fe64  UART2_defaultParams            
2000c705  UART2_open                     
2000f7a1  UART2_read                     
2000efbd  UART2_readFull                 
2000cbcd  UART2_readTimeout              
2000f285  UART2_rxDisable                
2000f1a5  UART2_rxEnable                 
2000fb3b  UART2_write                    
2000c46d  UART2_writeTimeout             
2000f8e9  UARTDMADisable                 
2000f4f1  UARTDisable                    
2000f6d5  UARTEnable                     
2000fa29  UARTIntClear                   
2000f901  UARTIntDisable                 
2000f919  UARTIntEnable                  
2000fa3b  UARTRxErrorGet                 
2000f429  UDMACC32XX_close               
2000ff00  UDMACC32XX_config              
2000effd  UDMACC32XX_init                
2000e309  UDMACC32XX_open                
2000fbf5  UtilsDelay                     
20004000  __STACK_END                    
00001000  __STACK_SIZE                   
00008000  __SYSMEM_SIZE                  
20010fd8  __TI_CINIT_Base                
20010fe8  __TI_CINIT_Limit               
20010fc0  __TI_Handler_Table_Base        
20010fcc  __TI_Handler_Table_Limit       
2000eef9  __TI_auto_init_nobinit_nopinit 
2000e5cd  __TI_decompress_lzss           
2000fb49  __TI_decompress_none           
ffffffff  __TI_pprof_out_hndl            
ffffffff  __TI_prof_data_size            
ffffffff  __TI_prof_data_start           
20010ef0  __TI_static_base__             
2000fb95  __TI_zero_init                 
2000f86b  __aeabi_idiv0                  
2000f86b  __aeabi_ldiv0                  
2000f931  __aeabi_lmul                   
2000e385  __aeabi_memclr                 
2000e385  __aeabi_memclr4                
2000e385  __aeabi_memclr8                
2000dc91  __aeabi_memcpy                 
2000dc91  __aeabi_memcpy4                
2000dc91  __aeabi_memcpy8                
2000e387  __aeabi_memset                 
2000e387  __aeabi_memset4                
2000e387  __aeabi_memset8                
2000dd2d  __aeabi_uldivmod               
ffffffff  __binit__                      
ffffffff  __c_args__                     
UNDEFED   __mpu_init                     
20003000  __stack                        
20004000  __start___llvm_prf_cnts        
20004000  __stop___llvm_prf_cnts         
2000f6f9  _c_int00_noargs                
20010ebc  _lock                          
2000ed5f  _nop                           
20004040  _sys_memory                    
UNDEFED   _system_post_cinit             
2000fc0b  _system_pre_init               
20010ec0  _unlock                        
2000fc0f  abort                          
2000d565  aligned_alloc                  
ffffffff  binit                          
2000f16b  clkFxn                         
2000d835  free                           
20010724  gpioCallbackFunctions          
20010e38  gpioPinConfigs                 
200107a8  gpioUserArgs                   
2000f215  initVectors                    
200108b7  input                          
200108c4  ledOn                          
2000fa4d  main                           
2000e289  mainThread                     
2000fbe1  malloc                         
2000d565  memalign                       
2000dc91  memcpy                         
2000e38d  memset                         
20010d40  parkInfo                       
2000f86d  resetISR                       
2000f880  resetVectorAddr                
20004000  resetVectors                   
2000e6fd  uDMAChannelAttributeDisable    
2000f619  uDMAChannelIsEnabled           
2000fba1  uDMAErrorStatusClear           
2000fbad  uDMAErrorStatusGet             
20010400  uart2CC32XXObjects0            
2000feec  udmaCC3220SHWAttrs             
200108b8  udmaCC3220SObject              


GLOBAL SYMBOLS: SORTED BY Symbol Address 

address   name                           
-------   ----                           
00001000  __STACK_SIZE                   
00008000  __SYSMEM_SIZE                  
20003000  __stack                        
20004000  __STACK_END                    
20004000  __start___llvm_prf_cnts        
20004000  __stop___llvm_prf_cnts         
20004000  resetVectors                   
20004040  _sys_memory                    
2000c041  PRCMCC3200MCUInit              
2000c46d  UART2_writeTimeout             
2000c705  UART2_open                     
2000cbcd  UART2_readTimeout              
2000cdcd  PowerCC32XX_sleepPolicy        
2000cf6d  GPIO_setConfig                 
2000d209  Power_sleep                    
2000d341  TickFunction_TrackEntry        
2000d45d  UART2_close                    
2000d565  aligned_alloc                  
2000d565  memalign                       
2000d751  UART2Support_dmaStartRx        
2000d835  free                           
2000d919  UART2Support_dmaStartTx        
2000daa1  IntEnable                      
2000db49  PowerCC32XX_configureWakeup    
2000dbf1  SemaphoreP_pend                
2000dc91  __aeabi_memcpy                 
2000dc91  __aeabi_memcpy4                
2000dc91  __aeabi_memcpy8                
2000dc91  memcpy                         
2000dd2d  __aeabi_uldivmod               
2000ddc3  Board_initHook                 
2000ddc5  GPIO_init                      
2000dee5  HwiP_construct                 
2000df71  IntPendSet                     
2000dff9  PinConfigSet                   
2000e081  Power_init                     
2000e189  GPIO_write                     
2000e209  Power_setDependency            
2000e289  mainThread                     
2000e309  UDMACC32XX_open                
2000e385  __aeabi_memclr                 
2000e385  __aeabi_memclr4                
2000e385  __aeabi_memclr8                
2000e387  __aeabi_memset                 
2000e387  __aeabi_memset4                
2000e387  __aeabi_memset8                
2000e38d  memset                         
2000e3ff  PowerCC32XX_initPolicy         
2000e401  TickFunction_SetLED            
2000e5cd  __TI_decompress_lzss           
2000e635  GPIO_setInterruptConfig        
2000e699  PowerCC32XX_setParkState       
2000e6fd  uDMAChannelAttributeDisable    
2000e761  GPIO_hwiIntFxn                 
2000e7c1  PRCMSysResetCauseGet           
2000e821  UART2Support_dmaStopTx         
2000e87f  SemaphoreP_destruct            
2000e8dd  PRCMPeripheralReset            
2000e935  Power_releaseDependency        
2000e98d  PowerCC32XX_resumeLPDS         
2000e9e1  ClockP_sysTickHandler          
2000ea31  SemaphoreP_construct           
2000ea81  UART2Support_dmaStopRx         
2000ead1  PowerCC32XX_parkPin            
2000eb69  FlashDisable                   
2000ebb1  GPIO_disableInt                
2000ebf9  GPIO_enableInt                 
2000ec41  PRCMLPDSEnter                  
2000ec89  PRCMPeripheralClkEnable        
2000ecd1  Power_releaseConstraint        
2000ed19  RingBuf_put                    
2000ed5f  _nop                           
2000ed61  ClockP_stop                    
2000eda5  PRCMLPDSRestoreInfoSet         
2000ede9  PowerCC32XX_enterLPDS          
2000ee2d  SemaphoreP_post                
2000ee71  SwiP_restore                   
2000eeb5  UART2Support_enableInts        
2000eef9  __TI_auto_init_nobinit_nopinit 
2000ef3d  ClockP_construct               
2000ef7d  PinModeSet                     
2000efbd  UART2_readFull                 
2000effd  UDMACC32XX_init                
2000f03d  RingBuf_putAdvance             
2000f07d  ClockP_destruct                
2000f0b9  Power_setConstraint            
2000f0f5  UART2Support_dmaRefreshRx      
2000f16b  clkFxn                         
2000f16d  PRCMLPDSEnterKeepDebugIf       
2000f1a5  UART2_rxEnable                 
2000f215  initVectors                    
2000f285  UART2_rxDisable                
2000f2bd  ClockP_getTicksUntilInterrupt  
2000f2f1  ClockP_startup                 
2000f325  PinModeGet                     
2000f359  PowerCC32XX_restoreParkState   
2000f38d  RingBuf_getConsume             
2000f3c1  RingBuf_putPointer             
2000f3f5  UART2Support_sendData          
2000f429  UDMACC32XX_close               
2000f45d  UART2Support_disableRx         
2000f491  ClockP_start                   
2000f4c1  PowerCC32XX_restoreParkedPin   
2000f4f1  UARTDisable                    
2000f521  PowerCC32XX_getParkState       
2000f54d  HwiP_create                    
2000f577  RingBuf_getPointer             
2000f5a1  PRCMPeripheralClkDisable       
2000f5c9  Power_registerNotify           
2000f619  uDMAChannelIsEnabled           
2000f641  List_put                       
2000f667  List_remove                    
2000f68d  HwiP_dispatch                  
2000f6b1  PowerCC32XX_reset              
2000f6d5  UARTEnable                     
2000f6f9  _c_int00_noargs                
2000f73f  HwiP_destruct                  
2000f761  Power_unregisterNotify         
2000f7a1  UART2_read                     
2000f7c1  SemaphoreP_constructBinary     
2000f7fd  PinToPadGet                    
2000f819  SwiP_disable                   
2000f851  SemaphoreP_createBinary        
2000f86b  __aeabi_idiv0                  
2000f86b  __aeabi_ldiv0                  
2000f86d  resetISR                       
2000f880  resetVectorAddr                
2000f889  Power_getTransitionLatency     
2000f8a1  Power_idleFunc                 
2000f8b9  UART2Support_txDone            
2000f8d1  UART2_Params_init              
2000f8e9  UARTDMADisable                 
2000f901  UARTIntDisable                 
2000f919  UARTIntEnable                  
2000f931  __aeabi_lmul                   
2000f949  PRCMHIBRegRead                 
2000f95f  PRCMHIBRegWrite                
2000f975  SemaphoreP_create              
2000f98b  Board_init                     
2000f99f  CPUcpsid                       
2000f9b5  HwiP_inISR                     
2000f9c9  IntVTableBaseSet               
2000f9dd  Power_disablePolicy            
2000f9f1  Power_getDependencyCount       
2000fa05  HwiP_Params_init               
2000fa17  RingBuf_construct              
2000fa29  UARTIntClear                   
2000fa3b  UARTRxErrorGet                 
2000fa4d  main                           
2000fa5f  ClockP_add                     
2000fa71  ClockP_getCpuFreq              
2000fa81  ClockP_getSystemTicks          
2000fa91  ClockP_setTicks                
2000faa1  HwiP_interruptsEnabled         
2000fab1  HwiP_restore                   
2000fac1  Power_enablePolicy             
2000fad1  SemaphoreP_Params_init         
2000faf1  UART2Support_rxStatus2ErrorCode
2000fb11  HwiP_clearInterrupt            
2000fb1f  HwiP_disable                   
2000fb2d  HwiP_enable                    
2000fb2d  NoRTOS_start                   
2000fb3b  UART2_write                    
2000fb49  __TI_decompress_none           
2000fb59  Power_getConstraintMask        
2000fb71  UART2Support_disableTx         
2000fb7d  UART2Support_enableRx          
2000fb89  UART2Support_enableTx          
2000fb95  __TI_zero_init                 
2000fba1  uDMAErrorStatusClear           
2000fbad  uDMAErrorStatusGet             
2000fbb9  CPUprimask                     
2000fbc3  ClockP_Params_init             
2000fbcd  ClockP_isActive                
2000fbd7  IntMasterDisable               
2000fbe1  malloc                         
2000fbe9  UART2Support_powerRelConstraint
2000fbef  UART2Support_powerSetConstraint
2000fbf5  UtilsDelay                     
2000fbfb  ClockP_doTick                  
2000fbff  ClockP_setTimeout              
2000fc03  HwiP_post                      
2000fc07  SemaphoreP_delete              
2000fc0b  _system_pre_init               
2000fc0f  C$$EXIT                        
2000fc0f  abort                          
2000fdbc  PowerCC32XX_config             
2000fe64  UART2_defaultParams            
2000fedc  GPIO_config                    
2000feec  udmaCC3220SHWAttrs             
2000fef8  UART2_config                   
2000ff00  UDMACC32XX_config              
2000ff0d  GPIO_pinLowerBound             
2000ff0e  GPIO_pinUpperBound             
2000ff0f  CONFIG_GPIO_LED_0_CONST        
2000ff10  CONFIG_UART2_0_CONST           
2000ff11  UART2_count                    
20010400  uart2CC32XXObjects0            
200105f8  PowerCC32XX_contextSave        
20010724  gpioCallbackFunctions          
200107a8  gpioUserArgs                   
20010898  ClockP_ctrl                    
200108b5  ENTRY_State                    
200108b6  LED_State                      
200108b7  input                          
200108b8  udmaCC3220SObject              
200108c4  ledOn                          
20010bd4  PowerCC32XX_module             
20010d40  parkInfo                       
20010e38  gpioPinConfigs                 
20010ebc  _lock                          
20010ec0  _unlock                        
20010ecc  SemaphoreP_defaultParams       
20010edc  HwiP_key                       
20010ee0  HwiP_swiPIntNum                
20010ee4  ClockP_tickPeriod              
20010ef0  __TI_static_base__             
20010fc0  __TI_Handler_Table_Base        
20010fcc  __TI_Handler_Table_Limit       
20010fd8  __TI_CINIT_Base                
20010fe8  __TI_CINIT_Limit               
ffffffff  __TI_pprof_out_hndl            
ffffffff  __TI_prof_data_size            
ffffffff  __TI_prof_data_start           
ffffffff  __binit__                      
ffffffff  __c_args__                     
ffffffff  binit                          
UNDEFED   ITM_flush                      
UNDEFED   ITM_restore                    
UNDEFED   __mpu_init                     
UNDEFED   _system_post_cinit             

[231 symbols]
