<?xml version="1.0" encoding="ISO-8859-1" ?>
<link_info>
   <banner>TI ARM Linker PC v20.2.7.LTS</banner>
   <copyright>Copyright (c) 1996-2018 Texas Instruments Incorporated</copyright>
   <link_time>0x6396a824</link_time>
   <link_errors>0x0</link_errors>
   <output_file>gpiointerrupt_CC3220S_LAUNCHXL_nortos_ccs.out</output_file>
   <entry_point>
      <name>resetISR</name>
      <address>0x2001228d</address>
   </entry_point>
   <input_file_list>
      <input_file id="fl-2">
         <path>.\</path>
         <kind>object</kind>
         <file>gpiointerrupt.obj</file>
         <name>gpiointerrupt.obj</name>
      </input_file>
      <input_file id="fl-3">
         <path>.\syscfg\</path>
         <kind>object</kind>
         <file>ti_drivers_config.obj</file>
         <name>ti_drivers_config.obj</name>
      </input_file>
      <input_file id="fl-4">
         <path>.\</path>
         <kind>object</kind>
         <file>main_nortos.obj</file>
         <name>main_nortos.obj</name>
      </input_file>
      <input_file id="fl-d">
         <kind>object</kind>
         <file>&lt;internal&gt;</file>
         <name>&lt;internal&gt;</name>
      </input_file>
      <input_file id="fl-e">
         <path>C:\ti\simplelink_cc32xx_sdk_6_10_00_05\source\ti\drivers\lib\ccs\m4\</path>
         <kind>archive</kind>
         <file>drivers_cc32xx.a</file>
         <name>GPIO.oem4</name>
      </input_file>
      <input_file id="fl-f">
         <path>C:\ti\simplelink_cc32xx_sdk_6_10_00_05\source\ti\drivers\lib\ccs\m4\</path>
         <kind>archive</kind>
         <file>drivers_cc32xx.a</file>
         <name>I2C.oem4</name>
      </input_file>
      <input_file id="fl-10">
         <path>C:\ti\simplelink_cc32xx_sdk_6_10_00_05\source\ti\drivers\lib\ccs\m4\</path>
         <kind>archive</kind>
         <file>drivers_cc32xx.a</file>
         <name>Timer.oem4</name>
      </input_file>
      <input_file id="fl-11">
         <path>C:\ti\simplelink_cc32xx_sdk_6_10_00_05\source\ti\drivers\lib\ccs\m4\</path>
         <kind>archive</kind>
         <file>drivers_cc32xx.a</file>
         <name>UART.oem4</name>
      </input_file>
      <input_file id="fl-12">
         <path>C:\ti\simplelink_cc32xx_sdk_6_10_00_05\source\ti\drivers\lib\ccs\m4\</path>
         <kind>archive</kind>
         <file>drivers_cc32xx.a</file>
         <name>GPIOCC32XX.oem4</name>
      </input_file>
      <input_file id="fl-13">
         <path>C:\ti\simplelink_cc32xx_sdk_6_10_00_05\source\ti\drivers\lib\ccs\m4\</path>
         <kind>archive</kind>
         <file>drivers_cc32xx.a</file>
         <name>I2CCC32XX.oem4</name>
      </input_file>
      <input_file id="fl-14">
         <path>C:\ti\simplelink_cc32xx_sdk_6_10_00_05\source\ti\drivers\lib\ccs\m4\</path>
         <kind>archive</kind>
         <file>drivers_cc32xx.a</file>
         <name>PowerCC32XX.oem4</name>
      </input_file>
      <input_file id="fl-15">
         <path>C:\ti\simplelink_cc32xx_sdk_6_10_00_05\source\ti\drivers\lib\ccs\m4\</path>
         <kind>archive</kind>
         <file>drivers_cc32xx.a</file>
         <name>PowerCC32XX_asm.oem4</name>
      </input_file>
      <input_file id="fl-16">
         <path>C:\ti\simplelink_cc32xx_sdk_6_10_00_05\source\ti\drivers\lib\ccs\m4\</path>
         <kind>archive</kind>
         <file>drivers_cc32xx.a</file>
         <name>TimerCC32XX.oem4</name>
      </input_file>
      <input_file id="fl-17">
         <path>C:\ti\simplelink_cc32xx_sdk_6_10_00_05\source\ti\drivers\lib\ccs\m4\</path>
         <kind>archive</kind>
         <file>drivers_cc32xx.a</file>
         <name>UARTCC32XX.oem4</name>
      </input_file>
      <input_file id="fl-18">
         <path>C:\ti\simplelink_cc32xx_sdk_6_10_00_05\source\ti\drivers\lib\ccs\m4\</path>
         <kind>archive</kind>
         <file>drivers_cc32xx.a</file>
         <name>List.oem4</name>
      </input_file>
      <input_file id="fl-19">
         <path>C:\ti\simplelink_cc32xx_sdk_6_10_00_05\source\ti\drivers\lib\ccs\m4\</path>
         <kind>archive</kind>
         <file>drivers_cc32xx.a</file>
         <name>RingBuf.oem4</name>
      </input_file>
      <input_file id="fl-1a">
         <path>C:\ti\simplelink_cc32xx_sdk_6_10_00_05\kernel\nortos\lib\ccs\m4\</path>
         <kind>archive</kind>
         <file>nortos_cc32xx.a</file>
         <name>NoRTOS.oem4</name>
      </input_file>
      <input_file id="fl-1b">
         <path>C:\ti\simplelink_cc32xx_sdk_6_10_00_05\kernel\nortos\lib\ccs\m4\</path>
         <kind>archive</kind>
         <file>nortos_cc32xx.a</file>
         <name>SemaphoreP_nortos.oem4</name>
      </input_file>
      <input_file id="fl-1c">
         <path>C:\ti\simplelink_cc32xx_sdk_6_10_00_05\kernel\nortos\lib\ccs\m4\</path>
         <kind>archive</kind>
         <file>nortos_cc32xx.a</file>
         <name>ClockPSysTick_nortos.oem4</name>
      </input_file>
      <input_file id="fl-1d">
         <path>C:\ti\simplelink_cc32xx_sdk_6_10_00_05\kernel\nortos\lib\ccs\m4\</path>
         <kind>archive</kind>
         <file>nortos_cc32xx.a</file>
         <name>HwiPCC32XX_nortos.oem4</name>
      </input_file>
      <input_file id="fl-1e">
         <path>C:\ti\simplelink_cc32xx_sdk_6_10_00_05\kernel\nortos\lib\ccs\m4\</path>
         <kind>archive</kind>
         <file>nortos_cc32xx.a</file>
         <name>PowerCC32XX_nortos.oem4</name>
      </input_file>
      <input_file id="fl-1f">
         <path>C:\ti\simplelink_cc32xx_sdk_6_10_00_05\kernel\nortos\lib\ccs\m4\</path>
         <kind>archive</kind>
         <file>nortos_cc32xx.a</file>
         <name>startup_cc32xx_ccs.oem4</name>
      </input_file>
      <input_file id="fl-20">
         <path>C:\ti\simplelink_cc32xx_sdk_6_10_00_05\kernel\nortos\lib\ccs\m4\</path>
         <kind>archive</kind>
         <file>nortos_cc32xx.a</file>
         <name>SwiP_nortos.oem4</name>
      </input_file>
      <input_file id="fl-21">
         <path>C:\ti\simplelink_cc32xx_sdk_6_10_00_05\kernel\nortos\lib\ccs\m4\</path>
         <kind>archive</kind>
         <file>nortos_cc32xx.a</file>
         <name>QueueP_nortos.oem4</name>
      </input_file>
      <input_file id="fl-22">
         <path>C:\ti\simplelink_cc32xx_sdk_6_10_00_05\source\ti\devices\cc32xx\driverlib\ccs\Release\</path>
         <kind>archive</kind>
         <file>driverlib.a</file>
         <name>cpu.obj</name>
      </input_file>
      <input_file id="fl-23">
         <path>C:\ti\simplelink_cc32xx_sdk_6_10_00_05\source\ti\devices\cc32xx\driverlib\ccs\Release\</path>
         <kind>archive</kind>
         <file>driverlib.a</file>
         <name>i2c.obj</name>
      </input_file>
      <input_file id="fl-24">
         <path>C:\ti\simplelink_cc32xx_sdk_6_10_00_05\source\ti\devices\cc32xx\driverlib\ccs\Release\</path>
         <kind>archive</kind>
         <file>driverlib.a</file>
         <name>interrupt.obj</name>
      </input_file>
      <input_file id="fl-25">
         <path>C:\ti\simplelink_cc32xx_sdk_6_10_00_05\source\ti\devices\cc32xx\driverlib\ccs\Release\</path>
         <kind>archive</kind>
         <file>driverlib.a</file>
         <name>pin.obj</name>
      </input_file>
      <input_file id="fl-26">
         <path>C:\ti\simplelink_cc32xx_sdk_6_10_00_05\source\ti\devices\cc32xx\driverlib\ccs\Release\</path>
         <kind>archive</kind>
         <file>driverlib.a</file>
         <name>prcm.obj</name>
      </input_file>
      <input_file id="fl-27">
         <path>C:\ti\simplelink_cc32xx_sdk_6_10_00_05\source\ti\devices\cc32xx\driverlib\ccs\Release\</path>
         <kind>archive</kind>
         <file>driverlib.a</file>
         <name>timer.obj</name>
      </input_file>
      <input_file id="fl-28">
         <path>C:\ti\simplelink_cc32xx_sdk_6_10_00_05\source\ti\devices\cc32xx\driverlib\ccs\Release\</path>
         <kind>archive</kind>
         <file>driverlib.a</file>
         <name>uart.obj</name>
      </input_file>
      <input_file id="fl-29">
         <path>C:\ti\simplelink_cc32xx_sdk_6_10_00_05\source\ti\devices\cc32xx\driverlib\ccs\Release\</path>
         <kind>archive</kind>
         <file>driverlib.a</file>
         <name>utils.obj</name>
      </input_file>
      <input_file id="fl-2a">
         <path>C:\ti\simplelink_cc32xx_sdk_6_10_00_05\source\ti\devices\cc32xx\driverlib\ccs\Release\</path>
         <kind>archive</kind>
         <file>driverlib.a</file>
         <name>flash.obj</name>
      </input_file>
      <input_file id="fl-e0">
         <path>C:\CodeComposerStudio\ccs\tools\compiler\ti-cgt-arm_20.2.7.LTS\lib\</path>
         <kind>archive</kind>
         <file>rtsv7M4_T_le_eabi.lib</file>
         <name>snprintf.c.obj</name>
      </input_file>
      <input_file id="fl-e1">
         <path>C:\CodeComposerStudio\ccs\tools\compiler\ti-cgt-arm_20.2.7.LTS\lib\</path>
         <kind>archive</kind>
         <file>rtsv7M4_T_le_eabi.lib</file>
         <name>fs_mul_t2.asm.obj</name>
      </input_file>
      <input_file id="fl-e2">
         <path>C:\CodeComposerStudio\ccs\tools\compiler\ti-cgt-arm_20.2.7.LTS\lib\</path>
         <kind>archive</kind>
         <file>rtsv7M4_T_le_eabi.lib</file>
         <name>fs_toi_t2.asm.obj</name>
      </input_file>
      <input_file id="fl-e3">
         <path>C:\CodeComposerStudio\ccs\tools\compiler\ti-cgt-arm_20.2.7.LTS\lib\</path>
         <kind>archive</kind>
         <file>rtsv7M4_T_le_eabi.lib</file>
         <name>i_tofs_t2.asm.obj</name>
      </input_file>
      <input_file id="fl-e4">
         <path>C:\CodeComposerStudio\ccs\tools\compiler\ti-cgt-arm_20.2.7.LTS\lib\</path>
         <kind>archive</kind>
         <file>rtsv7M4_T_le_eabi.lib</file>
         <name>ll_mul_t2.asm.obj</name>
      </input_file>
      <input_file id="fl-e5">
         <path>C:\CodeComposerStudio\ccs\tools\compiler\ti-cgt-arm_20.2.7.LTS\lib\</path>
         <kind>archive</kind>
         <file>rtsv7M4_T_le_eabi.lib</file>
         <name>memcpy_t2.asm.obj</name>
      </input_file>
      <input_file id="fl-e6">
         <path>C:\CodeComposerStudio\ccs\tools\compiler\ti-cgt-arm_20.2.7.LTS\lib\</path>
         <kind>archive</kind>
         <file>rtsv7M4_T_le_eabi.lib</file>
         <name>ull_div_t2.asm.obj</name>
      </input_file>
      <input_file id="fl-e7">
         <path>C:\CodeComposerStudio\ccs\tools\compiler\ti-cgt-arm_20.2.7.LTS\lib\</path>
         <kind>archive</kind>
         <file>rtsv7M4_T_le_eabi.lib</file>
         <name>copy_zero_init.c.obj</name>
      </input_file>
      <input_file id="fl-e8">
         <path>C:\CodeComposerStudio\ccs\tools\compiler\ti-cgt-arm_20.2.7.LTS\lib\</path>
         <kind>archive</kind>
         <file>rtsv7M4_T_le_eabi.lib</file>
         <name>copy_decompress_none.c.obj</name>
      </input_file>
      <input_file id="fl-e9">
         <path>C:\CodeComposerStudio\ccs\tools\compiler\ti-cgt-arm_20.2.7.LTS\lib\</path>
         <kind>archive</kind>
         <file>rtsv7M4_T_le_eabi.lib</file>
         <name>copy_decompress_lzss.c.obj</name>
      </input_file>
      <input_file id="fl-ea">
         <path>C:\CodeComposerStudio\ccs\tools\compiler\ti-cgt-arm_20.2.7.LTS\lib\</path>
         <kind>archive</kind>
         <file>rtsv7M4_T_le_eabi.lib</file>
         <name>memory.c.obj</name>
      </input_file>
      <input_file id="fl-eb">
         <path>C:\CodeComposerStudio\ccs\tools\compiler\ti-cgt-arm_20.2.7.LTS\lib\</path>
         <kind>archive</kind>
         <file>rtsv7M4_T_le_eabi.lib</file>
         <name>boot_cortex_m.c.obj</name>
      </input_file>
      <input_file id="fl-ec">
         <path>C:\CodeComposerStudio\ccs\tools\compiler\ti-cgt-arm_20.2.7.LTS\lib\</path>
         <kind>archive</kind>
         <file>rtsv7M4_T_le_eabi.lib</file>
         <name>_printfi.c.obj</name>
      </input_file>
      <input_file id="fl-ed">
         <path>C:\CodeComposerStudio\ccs\tools\compiler\ti-cgt-arm_20.2.7.LTS\lib\</path>
         <kind>archive</kind>
         <file>rtsv7M4_T_le_eabi.lib</file>
         <name>div0.asm.obj</name>
      </input_file>
      <input_file id="fl-ee">
         <path>C:\CodeComposerStudio\ccs\tools\compiler\ti-cgt-arm_20.2.7.LTS\lib\</path>
         <kind>archive</kind>
         <file>rtsv7M4_T_le_eabi.lib</file>
         <name>fd_add_t2.asm.obj</name>
      </input_file>
      <input_file id="fl-ef">
         <path>C:\CodeComposerStudio\ccs\tools\compiler\ti-cgt-arm_20.2.7.LTS\lib\</path>
         <kind>archive</kind>
         <file>rtsv7M4_T_le_eabi.lib</file>
         <name>fd_cmp_t2.asm.obj</name>
      </input_file>
      <input_file id="fl-f0">
         <path>C:\CodeComposerStudio\ccs\tools\compiler\ti-cgt-arm_20.2.7.LTS\lib\</path>
         <kind>archive</kind>
         <file>rtsv7M4_T_le_eabi.lib</file>
         <name>fd_div_t2.asm.obj</name>
      </input_file>
      <input_file id="fl-f1">
         <path>C:\CodeComposerStudio\ccs\tools\compiler\ti-cgt-arm_20.2.7.LTS\lib\</path>
         <kind>archive</kind>
         <file>rtsv7M4_T_le_eabi.lib</file>
         <name>fd_mul_t2.asm.obj</name>
      </input_file>
      <input_file id="fl-f2">
         <path>C:\CodeComposerStudio\ccs\tools\compiler\ti-cgt-arm_20.2.7.LTS\lib\</path>
         <kind>archive</kind>
         <file>rtsv7M4_T_le_eabi.lib</file>
         <name>fd_toi_t2.asm.obj</name>
      </input_file>
      <input_file id="fl-f3">
         <path>C:\CodeComposerStudio\ccs\tools\compiler\ti-cgt-arm_20.2.7.LTS\lib\</path>
         <kind>archive</kind>
         <file>rtsv7M4_T_le_eabi.lib</file>
         <name>i_tofd_t2.asm.obj</name>
      </input_file>
      <input_file id="fl-f4">
         <path>C:\CodeComposerStudio\ccs\tools\compiler\ti-cgt-arm_20.2.7.LTS\lib\</path>
         <kind>archive</kind>
         <file>rtsv7M4_T_le_eabi.lib</file>
         <name>memset_t2.asm.obj</name>
      </input_file>
      <input_file id="fl-f5">
         <path>C:\CodeComposerStudio\ccs\tools\compiler\ti-cgt-arm_20.2.7.LTS\lib\</path>
         <kind>archive</kind>
         <file>rtsv7M4_T_le_eabi.lib</file>
         <name>autoinit.c.obj</name>
      </input_file>
      <input_file id="fl-f6">
         <path>C:\CodeComposerStudio\ccs\tools\compiler\ti-cgt-arm_20.2.7.LTS\lib\</path>
         <kind>archive</kind>
         <file>rtsv7M4_T_le_eabi.lib</file>
         <name>pre_init.c.obj</name>
      </input_file>
      <input_file id="fl-f7">
         <path>C:\CodeComposerStudio\ccs\tools\compiler\ti-cgt-arm_20.2.7.LTS\lib\</path>
         <kind>archive</kind>
         <file>rtsv7M4_T_le_eabi.lib</file>
         <name>cpy_tbl.c.obj</name>
      </input_file>
      <input_file id="fl-f8">
         <path>C:\CodeComposerStudio\ccs\tools\compiler\ti-cgt-arm_20.2.7.LTS\lib\</path>
         <kind>archive</kind>
         <file>rtsv7M4_T_le_eabi.lib</file>
         <name>exit.c.obj</name>
      </input_file>
      <input_file id="fl-f9">
         <path>C:\CodeComposerStudio\ccs\tools\compiler\ti-cgt-arm_20.2.7.LTS\lib\</path>
         <kind>archive</kind>
         <file>rtsv7M4_T_le_eabi.lib</file>
         <name>_lock.c.obj</name>
      </input_file>
      <input_file id="fl-fa">
         <path>C:\CodeComposerStudio\ccs\tools\compiler\ti-cgt-arm_20.2.7.LTS\lib\</path>
         <kind>archive</kind>
         <file>rtsv7M4_T_le_eabi.lib</file>
         <name>_ltoa.c.obj</name>
      </input_file>
      <input_file id="fl-fb">
         <path>C:\CodeComposerStudio\ccs\tools\compiler\ti-cgt-arm_20.2.7.LTS\lib\</path>
         <kind>archive</kind>
         <file>rtsv7M4_T_le_eabi.lib</file>
         <name>args_main.c.obj</name>
      </input_file>
      <input_file id="fl-fc">
         <path>C:\CodeComposerStudio\ccs\tools\compiler\ti-cgt-arm_20.2.7.LTS\lib\</path>
         <kind>archive</kind>
         <file>rtsv7M4_T_le_eabi.lib</file>
         <name>atoi.c.obj</name>
      </input_file>
      <input_file id="fl-fd">
         <path>C:\CodeComposerStudio\ccs\tools\compiler\ti-cgt-arm_20.2.7.LTS\lib\</path>
         <kind>archive</kind>
         <file>rtsv7M4_T_le_eabi.lib</file>
         <name>ctype.c.obj</name>
      </input_file>
      <input_file id="fl-fe">
         <path>C:\CodeComposerStudio\ccs\tools\compiler\ti-cgt-arm_20.2.7.LTS\lib\</path>
         <kind>archive</kind>
         <file>rtsv7M4_T_le_eabi.lib</file>
         <name>memccpy.c.obj</name>
      </input_file>
      <input_file id="fl-ff">
         <path>C:\CodeComposerStudio\ccs\tools\compiler\ti-cgt-arm_20.2.7.LTS\lib\</path>
         <kind>archive</kind>
         <file>rtsv7M4_T_le_eabi.lib</file>
         <name>strchr.c.obj</name>
      </input_file>
      <input_file id="fl-100">
         <path>C:\CodeComposerStudio\ccs\tools\compiler\ti-cgt-arm_20.2.7.LTS\lib\</path>
         <kind>archive</kind>
         <file>rtsv7M4_T_le_eabi.lib</file>
         <name>strlen.c.obj</name>
      </input_file>
      <input_file id="fl-101">
         <path>C:\CodeComposerStudio\ccs\tools\compiler\ti-cgt-arm_20.2.7.LTS\lib\</path>
         <kind>archive</kind>
         <file>rtsv7M4_T_le_eabi.lib</file>
         <name>errno.c.obj</name>
      </input_file>
      <input_file id="fl-102">
         <path>C:\CodeComposerStudio\ccs\tools\compiler\ti-cgt-arm_20.2.7.LTS\lib\</path>
         <kind>archive</kind>
         <file>rtsv7M4_T_le_eabi.lib</file>
         <name>wcslen.c.obj</name>
      </input_file>
      <input_file id="fl-103">
         <path>C:\CodeComposerStudio\ccs\tools\compiler\ti-cgt-arm_20.2.7.LTS\lib\</path>
         <kind>archive</kind>
         <file>rtsv7M4_T_le_eabi.lib</file>
         <name>s_frexp.c.obj</name>
      </input_file>
      <input_file id="fl-104">
         <path>C:\CodeComposerStudio\ccs\tools\compiler\ti-cgt-arm_20.2.7.LTS\lib\</path>
         <kind>archive</kind>
         <file>rtsv7M4_T_le_eabi.lib</file>
         <name>s_scalbn.c.obj</name>
      </input_file>
      <input_file id="fl-105">
         <path>C:\CodeComposerStudio\ccs\tools\compiler\ti-cgt-arm_20.2.7.LTS\lib\</path>
         <kind>archive</kind>
         <file>rtsv7M4_T_le_eabi.lib</file>
         <name>s_copysign.c.obj</name>
      </input_file>
   </input_file_list>
   <object_component_list>
      <object_component id="oc-3a8">
         <name>.text:__TI_printfi</name>
         <load_address>0x2000c040</load_address>
         <run_address>0x2000c040</run_address>
         <size>0xa4e</size>
         <input_file_ref idref="fl-ec"/>
      </object_component>
      <object_component id="oc-1ed">
         <name>.text:Board_initHook</name>
         <load_address>0x2000ca8e</load_address>
         <run_address>0x2000ca8e</run_address>
         <size>0x2</size>
         <input_file_ref idref="fl-3"/>
      </object_component>
      <object_component id="oc-1db">
         <name>.text:PRCMCC3200MCUInit</name>
         <load_address>0x2000ca90</load_address>
         <run_address>0x2000ca90</run_address>
         <size>0x42c</size>
         <input_file_ref idref="fl-26"/>
      </object_component>
      <object_component id="oc-165">
         <name>.text:mainThread</name>
         <load_address>0x2000cebc</load_address>
         <run_address>0x2000cebc</run_address>
         <size>0x348</size>
         <input_file_ref idref="fl-2"/>
      </object_component>
      <object_component id="oc-84f">
         <name>.text:UARTCC32XX_open</name>
         <load_address>0x2000d204</load_address>
         <run_address>0x2000d204</run_address>
         <size>0x288</size>
         <input_file_ref idref="fl-17"/>
      </object_component>
      <object_component id="oc-56d">
         <name>.text:_pconv_a</name>
         <load_address>0x2000d48c</load_address>
         <run_address>0x2000d48c</run_address>
         <size>0x268</size>
         <input_file_ref idref="fl-ec"/>
      </object_component>
      <object_component id="oc-20d">
         <name>.text:initI2C</name>
         <load_address>0x2000d6f4</load_address>
         <run_address>0x2000d6f4</run_address>
         <size>0x250</size>
         <input_file_ref idref="fl-2"/>
      </object_component>
      <object_component id="oc-55b">
         <name>.text:_pconv_g</name>
         <load_address>0x2000d944</load_address>
         <run_address>0x2000d944</run_address>
         <size>0x1cc</size>
         <input_file_ref idref="fl-ec"/>
      </object_component>
      <object_component id="oc-773">
         <name>.text</name>
         <load_address>0x2000db10</load_address>
         <run_address>0x2000db10</run_address>
         <size>0x1b6</size>
         <input_file_ref idref="fl-ee"/>
      </object_component>
      <object_component id="oc-368">
         <name>.text:I2C_init</name>
         <load_address>0x2000dcc6</load_address>
         <run_address>0x2000dcc6</run_address>
         <size>0x2</size>
         <input_file_ref idref="fl-f"/>
      </object_component>
      <object_component id="oc-427">
         <name>.text:PowerCC32XX_sleepPolicy</name>
         <load_address>0x2000dcc8</load_address>
         <run_address>0x2000dcc8</run_address>
         <size>0x1a0</size>
         <input_file_ref idref="fl-1e"/>
      </object_component>
      <object_component id="oc-1f5">
         <name>.text:GPIO_setConfig</name>
         <load_address>0x2000de68</load_address>
         <run_address>0x2000de68</run_address>
         <size>0x154</size>
         <input_file_ref idref="fl-12"/>
      </object_component>
      <object_component id="oc-4ec">
         <name>.text:I2CCC32XX_hwiFxn</name>
         <load_address>0x2000dfbc</load_address>
         <run_address>0x2000dfbc</run_address>
         <size>0x148</size>
         <input_file_ref idref="fl-13"/>
      </object_component>
      <object_component id="oc-7e3">
         <name>.text:parkPins</name>
         <load_address>0x2000e104</load_address>
         <run_address>0x2000e104</run_address>
         <size>0x148</size>
         <input_file_ref idref="fl-14"/>
      </object_component>
      <object_component id="oc-567">
         <name>.text:_pconv_e</name>
         <load_address>0x2000e24c</load_address>
         <run_address>0x2000e24c</run_address>
         <size>0x13c</size>
         <input_file_ref idref="fl-ec"/>
      </object_component>
      <object_component id="oc-5e7">
         <name>.text:Power_sleep</name>
         <load_address>0x2000e388</load_address>
         <run_address>0x2000e388</run_address>
         <size>0x138</size>
         <input_file_ref idref="fl-14"/>
      </object_component>
      <object_component id="oc-394">
         <name>.text:Timer_open</name>
         <load_address>0x2000e4c0</load_address>
         <run_address>0x2000e4c0</run_address>
         <size>0x138</size>
         <input_file_ref idref="fl-16"/>
      </object_component>
      <object_component id="oc-759">
         <name>.text</name>
         <load_address>0x2000e5f8</load_address>
         <run_address>0x2000e5f8</run_address>
         <size>0x136</size>
         <input_file_ref idref="fl-f0"/>
      </object_component>
      <object_component id="oc-4fa">
         <name>.text:I2C_transferTimeout</name>
         <load_address>0x2000e72e</load_address>
         <run_address>0x2000e72e</run_address>
         <size>0x122</size>
         <input_file_ref idref="fl-f"/>
      </object_component>
      <object_component id="oc-83d">
         <name>.text:UARTCC32XX_close</name>
         <load_address>0x2000e850</load_address>
         <run_address>0x2000e850</run_address>
         <size>0x120</size>
         <input_file_ref idref="fl-17"/>
      </object_component>
      <object_component id="oc-785">
         <name>.text:fcvt</name>
         <load_address>0x2000e970</load_address>
         <run_address>0x2000e970</run_address>
         <size>0x120</size>
         <input_file_ref idref="fl-ec"/>
      </object_component>
      <object_component id="oc-225">
         <name>.text:readTemp</name>
         <load_address>0x2000ea90</load_address>
         <run_address>0x2000ea90</run_address>
         <size>0x120</size>
         <input_file_ref idref="fl-2"/>
      </object_component>
      <object_component id="oc-64a">
         <name>.text:aligned_alloc</name>
         <load_address>0x2000ebb0</load_address>
         <run_address>0x2000ebb0</run_address>
         <size>0x100</size>
         <input_file_ref idref="fl-ea"/>
      </object_component>
      <object_component id="oc-374">
         <name>.text:I2C_open</name>
         <load_address>0x2000ecb0</load_address>
         <run_address>0x2000ecb0</run_address>
         <size>0xfc</size>
         <input_file_ref idref="fl-13"/>
      </object_component>
      <object_component id="oc-754">
         <name>.text</name>
         <load_address>0x2000edac</load_address>
         <run_address>0x2000edac</run_address>
         <size>0xfc</size>
         <input_file_ref idref="fl-f1"/>
      </object_component>
      <object_component id="oc-843">
         <name>.text:UARTCC32XX_control</name>
         <load_address>0x2000eea8</load_address>
         <run_address>0x2000eea8</run_address>
         <size>0xf2</size>
         <input_file_ref idref="fl-17"/>
      </object_component>
      <object_component id="oc-421">
         <name>.text:PowerCC32XX_initPolicy</name>
         <load_address>0x2000ef9a</load_address>
         <run_address>0x2000ef9a</run_address>
         <size>0x2</size>
         <input_file_ref idref="fl-1e"/>
      </object_component>
      <object_component id="oc-443">
         <name>.text:free</name>
         <load_address>0x2000ef9c</load_address>
         <run_address>0x2000ef9c</run_address>
         <size>0xe4</size>
         <input_file_ref idref="fl-ea"/>
      </object_component>
      <object_component id="oc-799">
         <name>.text:scalbn</name>
         <load_address>0x2000f080</load_address>
         <run_address>0x2000f080</run_address>
         <size>0xd0</size>
         <input_file_ref idref="fl-104"/>
      </object_component>
      <object_component id="oc-867">
         <name>.text:UARTCC32XX_write</name>
         <load_address>0x2000f150</load_address>
         <run_address>0x2000f150</run_address>
         <size>0xca</size>
         <input_file_ref idref="fl-17"/>
      </object_component>
      <object_component id="oc-6ff">
         <name>.text:SemaphoreP_destruct</name>
         <load_address>0x2000f21a</load_address>
         <run_address>0x2000f21a</run_address>
         <size>0x2</size>
         <input_file_ref idref="fl-1b"/>
      </object_component>
      <object_component id="oc-800">
         <name>.text:restoreParkedPins</name>
         <load_address>0x2000f21c</load_address>
         <run_address>0x2000f21c</run_address>
         <size>0xc0</size>
         <input_file_ref idref="fl-14"/>
      </object_component>
      <object_component id="oc-85b">
         <name>.text:UARTCC32XX_readPolling</name>
         <load_address>0x2000f2dc</load_address>
         <run_address>0x2000f2dc</run_address>
         <size>0xba</size>
         <input_file_ref idref="fl-17"/>
      </object_component>
      <object_component id="oc-388">
         <name>.text:Timer_init</name>
         <load_address>0x2000f396</load_address>
         <run_address>0x2000f396</run_address>
         <size>0x2</size>
         <input_file_ref idref="fl-10"/>
      </object_component>
      <object_component id="oc-9c4">
         <name>.text:initHw</name>
         <load_address>0x2000f398</load_address>
         <run_address>0x2000f398</run_address>
         <size>0xb8</size>
         <input_file_ref idref="fl-17"/>
      </object_component>
      <object_component id="oc-a6d">
         <name>.text:readTaskCallback</name>
         <load_address>0x2000f450</load_address>
         <run_address>0x2000f450</run_address>
         <size>0xb6</size>
         <input_file_ref idref="fl-17"/>
      </object_component>
      <object_component id="oc-6aa">
         <name>.text:I2CCC32XX_completeTransfer</name>
         <load_address>0x2000f506</load_address>
         <run_address>0x2000f506</run_address>
         <size>0xb2</size>
         <input_file_ref idref="fl-13"/>
      </object_component>
      <object_component id="oc-550">
         <name>.text:_ltostr</name>
         <load_address>0x2000f5b8</load_address>
         <run_address>0x2000f5b8</run_address>
         <size>0xb1</size>
         <input_file_ref idref="fl-ec"/>
      </object_component>
      <object_component id="oc-a5b">
         <name>.text:readTaskBlocking</name>
         <load_address>0x2000f66a</load_address>
         <run_address>0x2000f66a</run_address>
         <size>0xb0</size>
         <input_file_ref idref="fl-17"/>
      </object_component>
      <object_component id="oc-a61">
         <name>.text:readIsrTextBlocking</name>
         <load_address>0x2000f71a</load_address>
         <run_address>0x2000f71a</run_address>
         <size>0xae</size>
         <input_file_ref idref="fl-17"/>
      </object_component>
      <object_component id="oc-698">
         <name>.text:I2CCC32XX_primeWriteBurst</name>
         <load_address>0x2000f7c8</load_address>
         <run_address>0x2000f7c8</run_address>
         <size>0xa8</size>
         <input_file_ref idref="fl-13"/>
      </object_component>
      <object_component id="oc-b5">
         <name>.text:IntEnable</name>
         <load_address>0x2000f870</load_address>
         <run_address>0x2000f870</run_address>
         <size>0xa8</size>
         <input_file_ref idref="fl-24"/>
      </object_component>
      <object_component id="oc-2db">
         <name>.text:PowerCC32XX_configureWakeup</name>
         <load_address>0x2000f918</load_address>
         <run_address>0x2000f918</run_address>
         <size>0xa8</size>
         <input_file_ref idref="fl-14"/>
      </object_component>
      <object_component id="oc-a73">
         <name>.text:readIsrTextCallback</name>
         <load_address>0x2000f9c0</load_address>
         <run_address>0x2000f9c0</run_address>
         <size>0xa2</size>
         <input_file_ref idref="fl-17"/>
      </object_component>
      <object_component id="oc-9fb">
         <name>.text:writeData</name>
         <load_address>0x2000fa62</load_address>
         <run_address>0x2000fa62</run_address>
         <size>0xa2</size>
         <input_file_ref idref="fl-17"/>
      </object_component>
      <object_component id="oc-300">
         <name>.text:SemaphoreP_pend</name>
         <load_address>0x2000fb04</load_address>
         <run_address>0x2000fb04</run_address>
         <size>0xa0</size>
         <input_file_ref idref="fl-1b"/>
      </object_component>
      <object_component id="oc-4da">
         <name>.text:I2CCC32XX_initHw</name>
         <load_address>0x2000fba4</load_address>
         <run_address>0x2000fba4</run_address>
         <size>0x9c</size>
         <input_file_ref idref="fl-13"/>
      </object_component>
      <object_component id="oc-3b">
         <name>.text</name>
         <load_address>0x2000fc40</load_address>
         <run_address>0x2000fc40</run_address>
         <size>0x9c</size>
         <input_file_ref idref="fl-e5"/>
      </object_component>
      <object_component id="oc-5e2">
         <name>.text</name>
         <load_address>0x2000fcdc</load_address>
         <run_address>0x2000fcdc</run_address>
         <size>0x96</size>
         <input_file_ref idref="fl-e6"/>
      </object_component>
      <object_component id="oc-849">
         <name>.text:UARTCC32XX_init</name>
         <load_address>0x2000fd72</load_address>
         <run_address>0x2000fd72</run_address>
         <size>0x2</size>
         <input_file_ref idref="fl-17"/>
      </object_component>
      <object_component id="oc-1e7">
         <name>.text:GPIO_init</name>
         <load_address>0x2000fd74</load_address>
         <run_address>0x2000fd74</run_address>
         <size>0x90</size>
         <input_file_ref idref="fl-12"/>
      </object_component>
      <object_component id="oc-7f4">
         <name>.text:restoreNVICRegs</name>
         <load_address>0x2000fe04</load_address>
         <run_address>0x2000fe04</run_address>
         <size>0x90</size>
         <input_file_ref idref="fl-14"/>
      </object_component>
      <object_component id="oc-4a3">
         <name>.text:HwiP_construct</name>
         <load_address>0x2000fe94</load_address>
         <run_address>0x2000fe94</run_address>
         <size>0x8c</size>
         <input_file_ref idref="fl-1d"/>
      </object_component>
      <object_component id="oc-97e">
         <name>.text:IntPendSet</name>
         <load_address>0x2000ff20</load_address>
         <run_address>0x2000ff20</run_address>
         <size>0x88</size>
         <input_file_ref idref="fl-24"/>
      </object_component>
      <object_component id="oc-327">
         <name>.text:PinConfigSet</name>
         <load_address>0x2000ffa8</load_address>
         <run_address>0x2000ffa8</run_address>
         <size>0x88</size>
         <input_file_ref idref="fl-25"/>
      </object_component>
      <object_component id="oc-556">
         <name>.text:__aeabi_cdcmple</name>
         <load_address>0x20010030</load_address>
         <run_address>0x20010030</run_address>
         <size>0x86</size>
         <input_file_ref idref="fl-ef"/>
      </object_component>
      <object_component id="oc-75e">
         <name>.text:__aeabi_cdrcmple</name>
         <load_address>0x200100b6</load_address>
         <run_address>0x200100b6</run_address>
         <size>0x86</size>
         <input_file_ref idref="fl-ef"/>
      </object_component>
      <object_component id="oc-1e1">
         <name>.text:Power_init</name>
         <load_address>0x2001013c</load_address>
         <run_address>0x2001013c</run_address>
         <size>0x84</size>
         <input_file_ref idref="fl-14"/>
      </object_component>
      <object_component id="oc-23d">
         <name>.text:TickFct_CheckTemp</name>
         <load_address>0x200101c0</load_address>
         <run_address>0x200101c0</run_address>
         <size>0x84</size>
         <input_file_ref idref="fl-2"/>
      </object_component>
      <object_component id="oc-7e9">
         <name>.text:saveNVICRegs</name>
         <load_address>0x20010244</load_address>
         <run_address>0x20010244</run_address>
         <size>0x84</size>
         <input_file_ref idref="fl-14"/>
      </object_component>
      <object_component id="oc-3e0">
         <name>.text:GPIO_write</name>
         <load_address>0x200102c8</load_address>
         <run_address>0x200102c8</run_address>
         <size>0x80</size>
         <input_file_ref idref="fl-12"/>
      </object_component>
      <object_component id="oc-32d">
         <name>.text:Power_setDependency</name>
         <load_address>0x20010348</load_address>
         <run_address>0x20010348</run_address>
         <size>0x80</size>
         <input_file_ref idref="fl-14"/>
      </object_component>
      <object_component id="oc-a55">
         <name>.text:readIsrBinaryBlocking</name>
         <load_address>0x200103c8</load_address>
         <run_address>0x200103c8</run_address>
         <size>0x7c</size>
         <input_file_ref idref="fl-17"/>
      </object_component>
      <object_component id="oc-692">
         <name>.text:I2CCC32XX_primeReadBurst</name>
         <load_address>0x20010444</load_address>
         <run_address>0x20010444</run_address>
         <size>0x7a</size>
         <input_file_ref idref="fl-13"/>
      </object_component>
      <object_component id="oc-3d2">
         <name>.text</name>
         <load_address>0x200104be</load_address>
         <run_address>0x200104be</run_address>
         <size>0x7a</size>
         <input_file_ref idref="fl-e1"/>
      </object_component>
      <object_component id="oc-9d">
         <name>.text</name>
         <load_address>0x20010538</load_address>
         <run_address>0x20010538</run_address>
         <size>0x7a</size>
         <input_file_ref idref="fl-f4"/>
      </object_component>
      <object_component id="oc-3ee">
         <name>.text:_nop</name>
         <load_address>0x200105b2</load_address>
         <run_address>0x200105b2</run_address>
         <size>0x2</size>
         <input_file_ref idref="fl-f9"/>
      </object_component>
      <object_component id="oc-243">
         <name>.text:TickFct_Output</name>
         <load_address>0x200105b4</load_address>
         <run_address>0x200105b4</run_address>
         <size>0x78</size>
         <input_file_ref idref="fl-2"/>
      </object_component>
      <object_component id="oc-a67">
         <name>.text:readIsrBinaryCallback</name>
         <load_address>0x2001062c</load_address>
         <run_address>0x2001062c</run_address>
         <size>0x78</size>
         <input_file_ref idref="fl-17"/>
      </object_component>
      <object_component id="oc-9d3">
         <name>.text:UARTCC32XX_hwiIntFxn</name>
         <load_address>0x200106a4</load_address>
         <run_address>0x200106a4</run_address>
         <size>0x74</size>
         <input_file_ref idref="fl-17"/>
      </object_component>
      <object_component id="oc-31f">
         <name>.text:powerNotifyFxn</name>
         <load_address>0x20010718</load_address>
         <run_address>0x20010718</run_address>
         <size>0x74</size>
         <input_file_ref idref="fl-12"/>
      </object_component>
      <object_component id="oc-831">
         <name>.text:split</name>
         <load_address>0x2001078c</load_address>
         <run_address>0x2001078c</run_address>
         <size>0x70</size>
         <input_file_ref idref="fl-ea"/>
      </object_component>
      <object_component id="oc-77e">
         <name>.text:_mcpy</name>
         <load_address>0x200107fc</load_address>
         <run_address>0x200107fc</run_address>
         <size>0x6e</size>
         <input_file_ref idref="fl-ec"/>
      </object_component>
      <object_component id="oc-6c5">
         <name>.text:I2CSupport_primeTransfer</name>
         <load_address>0x2001086a</load_address>
         <run_address>0x2001086a</run_address>
         <size>0x6a</size>
         <input_file_ref idref="fl-13"/>
      </object_component>
      <object_component id="oc-237">
         <name>.text:TickFct_CheckDownBtn</name>
         <load_address>0x200108d4</load_address>
         <run_address>0x200108d4</run_address>
         <size>0x68</size>
         <input_file_ref idref="fl-2"/>
      </object_component>
      <object_component id="oc-231">
         <name>.text:TickFct_CheckUpBtn</name>
         <load_address>0x2001093c</load_address>
         <run_address>0x2001093c</run_address>
         <size>0x68</size>
         <input_file_ref idref="fl-2"/>
      </object_component>
      <object_component id="oc-14">
         <name>.text:decompress:lzss:__TI_decompress_lzss</name>
         <load_address>0x200109a4</load_address>
         <run_address>0x200109a4</run_address>
         <size>0x68</size>
         <input_file_ref idref="fl-e9"/>
      </object_component>
      <object_component id="oc-873">
         <name>.text:UARTCC32XX_writeCancel</name>
         <load_address>0x20010a0c</load_address>
         <run_address>0x20010a0c</run_address>
         <size>0x66</size>
         <input_file_ref idref="fl-17"/>
      </object_component>
      <object_component id="oc-73">
         <name>.text:busFaultHandler</name>
         <load_address>0x20010a72</load_address>
         <run_address>0x20010a72</run_address>
         <size>0x2</size>
         <input_file_ref idref="fl-1f"/>
      </object_component>
      <object_component id="oc-33f">
         <name>.text:GPIO_setInterruptConfig</name>
         <load_address>0x20010a74</load_address>
         <run_address>0x20010a74</run_address>
         <size>0x64</size>
         <input_file_ref idref="fl-12"/>
      </object_component>
      <object_component id="oc-493">
         <name>.text:PowerCC32XX_setParkState</name>
         <load_address>0x20010ad8</load_address>
         <run_address>0x20010ad8</run_address>
         <size>0x64</size>
         <input_file_ref idref="fl-14"/>
      </object_component>
      <object_component id="oc-86d">
         <name>.text:UARTCC32XX_writePolling</name>
         <load_address>0x20010b3c</load_address>
         <run_address>0x20010b3c</run_address>
         <size>0x62</size>
         <input_file_ref idref="fl-17"/>
      </object_component>
      <object_component id="oc-468">
         <name>.text:clkFxn</name>
         <load_address>0x20010b9e</load_address>
         <run_address>0x20010b9e</run_address>
         <size>0x2</size>
         <input_file_ref idref="fl-1b"/>
      </object_component>
      <object_component id="oc-348">
         <name>.text:GPIO_hwiIntFxn</name>
         <load_address>0x20010ba0</load_address>
         <run_address>0x20010ba0</run_address>
         <size>0x60</size>
         <input_file_ref idref="fl-12"/>
      </object_component>
      <object_component id="oc-2a9">
         <name>.text:PRCMSysResetCauseGet</name>
         <load_address>0x20010c00</load_address>
         <run_address>0x20010c00</run_address>
         <size>0x60</size>
         <input_file_ref idref="fl-26"/>
      </object_component>
      <object_component id="oc-793">
         <name>.text:frexp</name>
         <load_address>0x20010c60</load_address>
         <run_address>0x20010c60</run_address>
         <size>0x5c</size>
         <input_file_ref idref="fl-103"/>
      </object_component>
      <object_component id="oc-93e">
         <name>.text:sysTickInit</name>
         <load_address>0x20010cbc</load_address>
         <run_address>0x20010cbc</run_address>
         <size>0x5c</size>
         <input_file_ref idref="fl-1c"/>
      </object_component>
      <object_component id="oc-2c2">
         <name>.text:PRCMPeripheralReset</name>
         <load_address>0x20010d18</load_address>
         <run_address>0x20010d18</run_address>
         <size>0x58</size>
         <input_file_ref idref="fl-26"/>
      </object_component>
      <object_component id="oc-8eb">
         <name>.text:Power_releaseDependency</name>
         <load_address>0x20010d70</load_address>
         <run_address>0x20010d70</run_address>
         <size>0x58</size>
         <input_file_ref idref="fl-14"/>
      </object_component>
      <object_component id="oc-561">
         <name>.text:_pconv_f</name>
         <load_address>0x20010dc8</load_address>
         <run_address>0x20010dc8</run_address>
         <size>0x56</size>
         <input_file_ref idref="fl-ec"/>
      </object_component>
      <object_component id="oc-768">
         <name>.text:__TI_ltoa</name>
         <load_address>0x20010e1e</load_address>
         <run_address>0x20010e1e</run_address>
         <size>0x54</size>
         <input_file_ref idref="fl-fa"/>
      </object_component>
      <object_component id="oc-6d">
         <name>.text:defaultHandler</name>
         <load_address>0x20010e72</load_address>
         <run_address>0x20010e72</run_address>
         <size>0x2</size>
         <input_file_ref idref="fl-1f"/>
      </object_component>
      <object_component id="oc-213">
         <name>.text:initTimer</name>
         <load_address>0x20010e74</load_address>
         <run_address>0x20010e74</run_address>
         <size>0x54</size>
         <input_file_ref idref="fl-2"/>
      </object_component>
      <object_component id="oc-ab0">
         <name>.text:ringBufGet</name>
         <load_address>0x20010ec8</load_address>
         <run_address>0x20010ec8</run_address>
         <size>0x54</size>
         <input_file_ref idref="fl-17"/>
      </object_component>
      <object_component id="oc-95b">
         <name>.text:PowerCC32XX_resumeLPDS</name>
         <load_address>0x20010f1c</load_address>
         <run_address>0x20010f1c</run_address>
         <size>0x52</size>
         <input_file_ref idref="fl-15"/>
      </object_component>
      <object_component id="oc-778">
         <name>.text:_ecpy</name>
         <load_address>0x20010f6e</load_address>
         <run_address>0x20010f6e</run_address>
         <size>0x52</size>
         <input_file_ref idref="fl-ec"/>
      </object_component>
      <object_component id="oc-522">
         <name>.text:initHw</name>
         <load_address>0x20010fc0</load_address>
         <run_address>0x20010fc0</run_address>
         <size>0x52</size>
         <input_file_ref idref="fl-16"/>
      </object_component>
      <object_component id="oc-67">
         <name>.text:faultISR</name>
         <load_address>0x20011012</load_address>
         <run_address>0x20011012</run_address>
         <size>0x2</size>
         <input_file_ref idref="fl-1f"/>
      </object_component>
      <object_component id="oc-79">
         <name>.text:ClockP_sysTickHandler</name>
         <load_address>0x20011014</load_address>
         <run_address>0x20011014</run_address>
         <size>0x50</size>
         <input_file_ref idref="fl-1c"/>
      </object_component>
      <object_component id="oc-60e">
         <name>.text:SemaphoreP_construct</name>
         <load_address>0x20011064</load_address>
         <run_address>0x20011064</run_address>
         <size>0x50</size>
         <input_file_ref idref="fl-1b"/>
      </object_component>
      <object_component id="oc-50a">
         <name>.text:TimerCC32XX_allocateTimerResource</name>
         <load_address>0x200110b4</load_address>
         <run_address>0x200110b4</run_address>
         <size>0x50</size>
         <input_file_ref idref="fl-16"/>
      </object_component>
      <object_component id="oc-686">
         <name>.text:I2CCC32XX_readRecieveFifo</name>
         <load_address>0x20011104</load_address>
         <run_address>0x20011104</run_address>
         <size>0x4c</size>
         <input_file_ref idref="fl-13"/>
      </object_component>
      <object_component id="oc-952">
         <name>.text:PowerCC32XX_parkPin</name>
         <load_address>0x20011150</load_address>
         <run_address>0x20011150</run_address>
         <size>0x4c</size>
         <input_file_ref idref="fl-14"/>
      </object_component>
      <object_component id="oc-54a">
         <name>.text:atoi</name>
         <load_address>0x2001119c</load_address>
         <run_address>0x2001119c</run_address>
         <size>0x4c</size>
         <input_file_ref idref="fl-fc"/>
      </object_component>
      <object_component id="oc-7fa">
         <name>.text:restorePeriphClocks</name>
         <load_address>0x200111e8</load_address>
         <run_address>0x200111e8</run_address>
         <size>0x4c</size>
         <input_file_ref idref="fl-14"/>
      </object_component>
      <object_component id="oc-219">
         <name>.text:snprintf</name>
         <load_address>0x20011234</load_address>
         <run_address>0x20011234</run_address>
         <size>0x4c</size>
         <input_file_ref idref="fl-e0"/>
      </object_component>
      <object_component id="oc-976">
         <name>.text:FlashDisable</name>
         <load_address>0x20011280</load_address>
         <run_address>0x20011280</run_address>
         <size>0x48</size>
         <input_file_ref idref="fl-2a"/>
      </object_component>
      <object_component id="oc-4aa">
         <name>.text:GPIO_disableInt</name>
         <load_address>0x200112c8</load_address>
         <run_address>0x200112c8</run_address>
         <size>0x48</size>
         <input_file_ref idref="fl-12"/>
      </object_component>
      <object_component id="oc-201">
         <name>.text:GPIO_enableInt</name>
         <load_address>0x20011310</load_address>
         <run_address>0x20011310</run_address>
         <size>0x48</size>
         <input_file_ref idref="fl-12"/>
      </object_component>
      <object_component id="oc-806">
         <name>.text:PRCMLPDSEnter</name>
         <load_address>0x20011358</load_address>
         <run_address>0x20011358</run_address>
         <size>0x48</size>
         <input_file_ref idref="fl-26"/>
      </object_component>
      <object_component id="oc-2bc">
         <name>.text:PRCMPeripheralClkEnable</name>
         <load_address>0x200113a0</load_address>
         <run_address>0x200113a0</run_address>
         <size>0x48</size>
         <input_file_ref idref="fl-26"/>
      </object_component>
      <object_component id="oc-8a9">
         <name>.text:Power_releaseConstraint</name>
         <load_address>0x200113e8</load_address>
         <run_address>0x200113e8</run_address>
         <size>0x48</size>
         <input_file_ref idref="fl-14"/>
      </object_component>
      <object_component id="oc-763">
         <name>.text</name>
         <load_address>0x20011430</load_address>
         <run_address>0x20011430</run_address>
         <size>0x48</size>
         <input_file_ref idref="fl-f2"/>
      </object_component>
      <object_component id="oc-a9d">
         <name>.text:RingBuf_put</name>
         <load_address>0x20011478</load_address>
         <run_address>0x20011478</run_address>
         <size>0x46</size>
         <input_file_ref idref="fl-19"/>
      </object_component>
      <object_component id="oc-51c">
         <name>.text:getPrescaler</name>
         <load_address>0x200114be</load_address>
         <run_address>0x200114be</run_address>
         <size>0x46</size>
         <input_file_ref idref="fl-16"/>
      </object_component>
      <object_component id="oc-636">
         <name>.text:ClockP_stop</name>
         <load_address>0x20011504</load_address>
         <run_address>0x20011504</run_address>
         <size>0x44</size>
         <input_file_ref idref="fl-1c"/>
      </object_component>
      <object_component id="oc-960">
         <name>.text:PRCMLPDSRestoreInfoSet</name>
         <load_address>0x20011548</load_address>
         <run_address>0x20011548</run_address>
         <size>0x44</size>
         <input_file_ref idref="fl-26"/>
      </object_component>
      <object_component id="oc-7ef">
         <name>.text:PowerCC32XX_enterLPDS</name>
         <load_address>0x2001158c</load_address>
         <run_address>0x2001158c</run_address>
         <size>0x44</size>
         <input_file_ref idref="fl-15"/>
      </object_component>
      <object_component id="oc-30c">
         <name>.text:SemaphoreP_post</name>
         <load_address>0x200115d0</load_address>
         <run_address>0x200115d0</run_address>
         <size>0x44</size>
         <input_file_ref idref="fl-1b"/>
      </object_component>
      <object_component id="oc-5fe">
         <name>.text:SwiP_restore</name>
         <load_address>0x20011614</load_address>
         <run_address>0x20011614</run_address>
         <size>0x44</size>
         <input_file_ref idref="fl-20"/>
      </object_component>
      <object_component id="oc-39a">
         <name>.text:Timer_start</name>
         <load_address>0x20011658</load_address>
         <run_address>0x20011658</run_address>
         <size>0x44</size>
         <input_file_ref idref="fl-10"/>
      </object_component>
      <object_component id="oc-355">
         <name>.text:UART_init</name>
         <load_address>0x2001169c</load_address>
         <run_address>0x2001169c</run_address>
         <size>0x44</size>
         <input_file_ref idref="fl-11"/>
      </object_component>
      <object_component id="oc-178">
         <name>.text:__TI_auto_init_nobinit_nopinit:__TI_auto_init_nobinit_nopinit</name>
         <load_address>0x200116e0</load_address>
         <run_address>0x200116e0</run_address>
         <size>0x44</size>
         <input_file_ref idref="fl-f5"/>
      </object_component>
      <object_component id="oc-207">
         <name>.text:initUART</name>
         <load_address>0x20011724</load_address>
         <run_address>0x20011724</run_address>
         <size>0x44</size>
         <input_file_ref idref="fl-2"/>
      </object_component>
      <object_component id="oc-a44">
         <name>.text:ClockP_construct</name>
         <load_address>0x20011768</load_address>
         <run_address>0x20011768</run_address>
         <size>0x40</size>
         <input_file_ref idref="fl-1c"/>
      </object_component>
      <object_component id="oc-2d4">
         <name>.text:PinModeSet</name>
         <load_address>0x200117a8</load_address>
         <run_address>0x200117a8</run_address>
         <size>0x40</size>
         <input_file_ref idref="fl-25"/>
      </object_component>
      <object_component id="oc-9ed">
         <name>.text:RingBuf_get</name>
         <load_address>0x200117e8</load_address>
         <run_address>0x200117e8</run_address>
         <size>0x40</size>
         <input_file_ref idref="fl-19"/>
      </object_component>
      <object_component id="oc-53c">
         <name>.text:TimerSupport_timerEnable</name>
         <load_address>0x20011828</load_address>
         <run_address>0x20011828</run_address>
         <size>0x40</size>
         <input_file_ref idref="fl-16"/>
      </object_component>
      <object_component id="oc-516">
         <name>.text:Timer_close</name>
         <load_address>0x20011868</load_address>
         <run_address>0x20011868</run_address>
         <size>0x40</size>
         <input_file_ref idref="fl-16"/>
      </object_component>
      <object_component id="oc-855">
         <name>.text:UARTCC32XX_read</name>
         <load_address>0x200118a8</load_address>
         <run_address>0x200118a8</run_address>
         <size>0x40</size>
         <input_file_ref idref="fl-17"/>
      </object_component>
      <object_component id="oc-361">
         <name>.text:UART_open</name>
         <load_address>0x200118e8</load_address>
         <run_address>0x200118e8</run_address>
         <size>0x40</size>
         <input_file_ref idref="fl-11"/>
      </object_component>
      <object_component id="oc-78b">
         <name>.text:_fcpy</name>
         <load_address>0x20011928</load_address>
         <run_address>0x20011928</run_address>
         <size>0x3e</size>
         <input_file_ref idref="fl-ec"/>
      </object_component>
      <object_component id="oc-61">
         <name>.text:nmiISR</name>
         <load_address>0x20011966</load_address>
         <run_address>0x20011966</run_address>
         <size>0x2</size>
         <input_file_ref idref="fl-1f"/>
      </object_component>
      <object_component id="oc-462">
         <name>.text:ClockP_destruct</name>
         <load_address>0x20011968</load_address>
         <run_address>0x20011968</run_address>
         <size>0x3c</size>
         <input_file_ref idref="fl-1c"/>
      </object_component>
      <object_component id="oc-73e">
         <name>.text:Power_setConstraint</name>
         <load_address>0x200119a4</load_address>
         <run_address>0x200119a4</run_address>
         <size>0x3c</size>
         <input_file_ref idref="fl-14"/>
      </object_component>
      <object_component id="oc-5dc">
         <name>.text:getCountsRTC</name>
         <load_address>0x200119e0</load_address>
         <run_address>0x200119e0</run_address>
         <size>0x3a</size>
         <input_file_ref idref="fl-1e"/>
      </object_component>
      <object_component id="oc-7d7">
         <name>.text</name>
         <load_address>0x20011a1a</load_address>
         <run_address>0x20011a1a</run_address>
         <size>0x2</size>
         <input_file_ref idref="fl-ed"/>
      </object_component>
      <object_component id="oc-80c">
         <name>.text:PRCMLPDSEnterKeepDebugIf</name>
         <load_address>0x20011a1c</load_address>
         <run_address>0x20011a1c</run_address>
         <size>0x38</size>
         <input_file_ref idref="fl-26"/>
      </object_component>
      <object_component id="oc-db">
         <name>.text:addToList</name>
         <load_address>0x20011a54</load_address>
         <run_address>0x20011a54</run_address>
         <size>0x38</size>
         <input_file_ref idref="fl-1c"/>
      </object_component>
      <object_component id="oc-59">
         <name>.text:initVectors</name>
         <load_address>0x20011a8c</load_address>
         <run_address>0x20011a8c</run_address>
         <size>0x38</size>
         <input_file_ref idref="fl-1f"/>
      </object_component>
      <object_component id="oc-7dd">
         <name>.text:notify</name>
         <load_address>0x20011ac4</load_address>
         <run_address>0x20011ac4</run_address>
         <size>0x38</size>
         <input_file_ref idref="fl-14"/>
      </object_component>
      <object_component id="oc-3d7">
         <name>.text</name>
         <load_address>0x20011afc</load_address>
         <run_address>0x20011afc</run_address>
         <size>0x38</size>
         <input_file_ref idref="fl-e2"/>
      </object_component>
      <object_component id="oc-3cd">
         <name>.text</name>
         <load_address>0x20011b34</load_address>
         <run_address>0x20011b34</run_address>
         <size>0x38</size>
         <input_file_ref idref="fl-e3"/>
      </object_component>
      <object_component id="oc-71f">
         <name>.text:TimerControlStall</name>
         <load_address>0x20011b6c</load_address>
         <run_address>0x20011b6c</run_address>
         <size>0x36</size>
         <input_file_ref idref="fl-27"/>
      </object_component>
      <object_component id="oc-6ed">
         <name>.text:Timer_stop</name>
         <load_address>0x20011ba2</load_address>
         <run_address>0x20011ba2</run_address>
         <size>0x36</size>
         <input_file_ref idref="fl-10"/>
      </object_component>
      <object_component id="oc-861">
         <name>.text:UARTCC32XX_readCancel</name>
         <load_address>0x20011bd8</load_address>
         <run_address>0x20011bd8</run_address>
         <size>0x36</size>
         <input_file_ref idref="fl-17"/>
      </object_component>
      <object_component id="oc-5ca">
         <name>.text:ClockP_getTicksUntilInterrupt</name>
         <load_address>0x20011c10</load_address>
         <run_address>0x20011c10</run_address>
         <size>0x34</size>
         <input_file_ref idref="fl-1c"/>
      </object_component>
      <object_component id="oc-7ce">
         <name>.text:ClockP_startup</name>
         <load_address>0x20011c44</load_address>
         <run_address>0x20011c44</run_address>
         <size>0x34</size>
         <input_file_ref idref="fl-1c"/>
      </object_component>
      <object_component id="oc-2ce">
         <name>.text:PinModeGet</name>
         <load_address>0x20011c78</load_address>
         <run_address>0x20011c78</run_address>
         <size>0x34</size>
         <input_file_ref idref="fl-25"/>
      </object_component>
      <object_component id="oc-991">
         <name>.text:PowerCC32XX_restoreParkState</name>
         <load_address>0x20011cac</load_address>
         <run_address>0x20011cac</run_address>
         <size>0x34</size>
         <input_file_ref idref="fl-14"/>
      </object_component>
      <object_component id="oc-705">
         <name>.text:TimerCC32XX_freeTimerResource</name>
         <load_address>0x20011ce0</load_address>
         <run_address>0x20011ce0</run_address>
         <size>0x34</size>
         <input_file_ref idref="fl-16"/>
      </object_component>
      <object_component id="oc-534">
         <name>.text:TimerCC32XX_hwiIntFunction</name>
         <load_address>0x20011d14</load_address>
         <run_address>0x20011d14</run_address>
         <size>0x34</size>
         <input_file_ref idref="fl-16"/>
      </object_component>
      <object_component id="oc-6e2">
         <name>.text:getPowerMgrId</name>
         <load_address>0x20011d48</load_address>
         <run_address>0x20011d48</run_address>
         <size>0x34</size>
         <input_file_ref idref="fl-16"/>
      </object_component>
      <object_component id="oc-450">
         <name>.text:ClockP_start</name>
         <load_address>0x20011d7c</load_address>
         <run_address>0x20011d7c</run_address>
         <size>0x30</size>
         <input_file_ref idref="fl-1c"/>
      </object_component>
      <object_component id="oc-96f">
         <name>.text:PowerCC32XX_restoreParkedPin</name>
         <load_address>0x20011dac</load_address>
         <run_address>0x20011dac</run_address>
         <size>0x30</size>
         <input_file_ref idref="fl-14"/>
      </object_component>
      <object_component id="oc-3ae">
         <name>.text:_outs</name>
         <load_address>0x20011ddc</load_address>
         <run_address>0x20011ddc</run_address>
         <size>0x30</size>
         <input_file_ref idref="fl-e0"/>
      </object_component>
      <object_component id="oc-76e">
         <name>.text</name>
         <load_address>0x20011e0c</load_address>
         <run_address>0x20011e0c</run_address>
         <size>0x2e</size>
         <input_file_ref idref="fl-f3"/>
      </object_component>
      <object_component id="oc-9b2">
         <name>.text:PowerCC32XX_getParkState</name>
         <load_address>0x20011e3c</load_address>
         <run_address>0x20011e3c</run_address>
         <size>0x2c</size>
         <input_file_ref idref="fl-14"/>
      </object_component>
      <object_component id="oc-339">
         <name>.text:HwiP_create</name>
         <load_address>0x20011e68</load_address>
         <run_address>0x20011e68</run_address>
         <size>0x2a</size>
         <input_file_ref idref="fl-1d"/>
      </object_component>
      <object_component id="oc-719">
         <name>.text:TimerLoadSet</name>
         <load_address>0x20011e92</load_address>
         <run_address>0x20011e92</run_address>
         <size>0x2a</size>
         <input_file_ref idref="fl-27"/>
      </object_component>
      <object_component id="oc-713">
         <name>.text:TimerPrescaleSet</name>
         <load_address>0x20011ebc</load_address>
         <run_address>0x20011ebc</run_address>
         <size>0x2a</size>
         <input_file_ref idref="fl-27"/>
      </object_component>
      <object_component id="oc-69e">
         <name>.text:I2CFIFODataPutNonBlocking</name>
         <load_address>0x20011ee6</load_address>
         <run_address>0x20011ee6</run_address>
         <size>0x28</size>
         <input_file_ref idref="fl-23"/>
      </object_component>
      <object_component id="oc-2c8">
         <name>.text:PRCMPeripheralClkDisable</name>
         <load_address>0x20011f10</load_address>
         <run_address>0x20011f10</run_address>
         <size>0x28</size>
         <input_file_ref idref="fl-26"/>
      </object_component>
      <object_component id="oc-306">
         <name>.text:Power_registerNotify</name>
         <load_address>0x20011f38</load_address>
         <run_address>0x20011f38</run_address>
         <size>0x28</size>
         <input_file_ref idref="fl-14"/>
      </object_component>
      <object_component id="oc-62e">
         <name>.text:free_list_insert</name>
         <load_address>0x20011f60</load_address>
         <run_address>0x20011f60</run_address>
         <size>0x28</size>
         <input_file_ref idref="fl-ea"/>
      </object_component>
      <object_component id="oc-885">
         <name>.text:I2CFIFODataGetNonBlocking</name>
         <load_address>0x20011f88</load_address>
         <run_address>0x20011f88</run_address>
         <size>0x26</size>
         <input_file_ref idref="fl-23"/>
      </object_component>
      <object_component id="oc-6d1">
         <name>.text:I2C_cancel</name>
         <load_address>0x20011fae</load_address>
         <run_address>0x20011fae</run_address>
         <size>0x26</size>
         <input_file_ref idref="fl-f"/>
      </object_component>
      <object_component id="oc-472">
         <name>.text:List_put</name>
         <load_address>0x20011fd4</load_address>
         <run_address>0x20011fd4</run_address>
         <size>0x26</size>
         <input_file_ref idref="fl-18"/>
      </object_component>
      <object_component id="oc-8dc">
         <name>.text:List_remove</name>
         <load_address>0x20011ffa</load_address>
         <run_address>0x20011ffa</run_address>
         <size>0x26</size>
         <input_file_ref idref="fl-18"/>
      </object_component>
      <object_component id="oc-654">
         <name>.text:HwiP_dispatch</name>
         <load_address>0x20012020</load_address>
         <run_address>0x20012020</run_address>
         <size>0x24</size>
         <input_file_ref idref="fl-1d"/>
      </object_component>
      <object_component id="oc-9ac">
         <name>.text:PowerCC32XX_reset</name>
         <load_address>0x20012044</load_address>
         <run_address>0x20012044</run_address>
         <size>0x24</size>
         <input_file_ref idref="fl-14"/>
      </object_component>
      <object_component id="oc-8d5">
         <name>.text:TimerSupport_timerDisable</name>
         <load_address>0x20012068</load_address>
         <run_address>0x20012068</run_address>
         <size>0x24</size>
         <input_file_ref idref="fl-16"/>
      </object_component>
      <object_component id="oc-c5">
         <name>.text:_c_int00_noargs:_c_int00_noargs</name>
         <load_address>0x2001208c</load_address>
         <run_address>0x2001208c</run_address>
         <size>0x24</size>
         <input_file_ref idref="fl-eb"/>
      </object_component>
      <object_component id="oc-88d">
         <name>.text:I2CMasterSlaveAddrSet</name>
         <load_address>0x200120b0</load_address>
         <run_address>0x200120b0</run_address>
         <size>0x22</size>
         <input_file_ref idref="fl-23"/>
      </object_component>
      <object_component id="oc-8e3">
         <name>.text:HwiP_destruct</name>
         <load_address>0x200120d2</load_address>
         <run_address>0x200120d2</run_address>
         <size>0x20</size>
         <input_file_ref idref="fl-1d"/>
      </object_component>
      <object_component id="oc-6f3">
         <name>.text:Power_unregisterNotify</name>
         <load_address>0x200120f4</load_address>
         <run_address>0x200120f4</run_address>
         <size>0x20</size>
         <input_file_ref idref="fl-14"/>
      </object_component>
      <object_component id="oc-998">
         <name>.text:RingBuf_peek</name>
         <load_address>0x20012114</load_address>
         <run_address>0x20012114</run_address>
         <size>0x20</size>
         <input_file_ref idref="fl-19"/>
      </object_component>
      <object_component id="oc-9a6">
         <name>.text:getPowerMgrId</name>
         <load_address>0x20012134</load_address>
         <run_address>0x20012134</run_address>
         <size>0x20</size>
         <input_file_ref idref="fl-17"/>
      </object_component>
      <object_component id="oc-67a">
         <name>.text:I2CMasterIntStatusEx</name>
         <load_address>0x20012154</load_address>
         <run_address>0x20012154</run_address>
         <size>0x1e</size>
         <input_file_ref idref="fl-23"/>
      </object_component>
      <object_component id="oc-4d4">
         <name>.text:SemaphoreP_constructBinary</name>
         <load_address>0x20012172</load_address>
         <run_address>0x20012172</run_address>
         <size>0x1e</size>
         <input_file_ref idref="fl-1b"/>
      </object_component>
      <object_component id="oc-70d">
         <name>.text:TimerDisable</name>
         <load_address>0x20012190</load_address>
         <run_address>0x20012190</run_address>
         <size>0x1e</size>
         <input_file_ref idref="fl-27"/>
      </object_component>
      <object_component id="oc-744">
         <name>.text:TimerEnable</name>
         <load_address>0x200121ae</load_address>
         <run_address>0x200121ae</run_address>
         <size>0x1e</size>
         <input_file_ref idref="fl-27"/>
      </object_component>
      <object_component id="oc-1fb">
         <name>.text:GPIO_setCallback</name>
         <load_address>0x200121cc</load_address>
         <run_address>0x200121cc</run_address>
         <size>0x1c</size>
         <input_file_ref idref="fl-e"/>
      </object_component>
      <object_component id="oc-94c">
         <name>.text:PinToPadGet</name>
         <load_address>0x200121e8</load_address>
         <run_address>0x200121e8</run_address>
         <size>0x1c</size>
         <input_file_ref idref="fl-25"/>
      </object_component>
      <object_component id="oc-5be">
         <name>.text:SwiP_disable</name>
         <load_address>0x20012204</load_address>
         <run_address>0x20012204</run_address>
         <size>0x1c</size>
         <input_file_ref idref="fl-20"/>
      </object_component>
      <object_component id="oc-628">
         <name>.text:free_list_remove</name>
         <load_address>0x20012220</load_address>
         <run_address>0x20012220</run_address>
         <size>0x1c</size>
         <input_file_ref idref="fl-ea"/>
      </object_component>
      <object_component id="oc-573">
         <name>.text:memccpy</name>
         <load_address>0x2001223c</load_address>
         <run_address>0x2001223c</run_address>
         <size>0x1c</size>
         <input_file_ref idref="fl-fe"/>
      </object_component>
      <object_component id="oc-9be">
         <name>.text:ClockP_create</name>
         <load_address>0x20012258</load_address>
         <run_address>0x20012258</run_address>
         <size>0x1a</size>
         <input_file_ref idref="fl-1c"/>
      </object_component>
      <object_component id="oc-2e8">
         <name>.text:SemaphoreP_createBinary</name>
         <load_address>0x20012272</load_address>
         <run_address>0x20012272</run_address>
         <size>0x1a</size>
         <input_file_ref idref="fl-1b"/>
      </object_component>
      <object_component id="oc-21">
         <name>.text:resetISR</name>
         <load_address>0x2001228c</load_address>
         <run_address>0x2001228c</run_address>
         <size>0x1a</size>
         <input_file_ref idref="fl-1f"/>
      </object_component>
      <object_component id="oc-8be">
         <name>.text:I2CMasterBusBusy</name>
         <load_address>0x200122a6</load_address>
         <run_address>0x200122a6</run_address>
         <size>0x18</size>
         <input_file_ref idref="fl-23"/>
      </object_component>
      <object_component id="oc-68c">
         <name>.text:I2CMasterIntDisableEx</name>
         <load_address>0x200122be</load_address>
         <run_address>0x200122be</run_address>
         <size>0x18</size>
         <input_file_ref idref="fl-23"/>
      </object_component>
      <object_component id="oc-89f">
         <name>.text:I2CMasterIntEnableEx</name>
         <load_address>0x200122d6</load_address>
         <run_address>0x200122d6</run_address>
         <size>0x18</size>
         <input_file_ref idref="fl-23"/>
      </object_component>
      <object_component id="oc-8b8">
         <name>.text:I2CRxFIFOFlush</name>
         <load_address>0x200122ee</load_address>
         <run_address>0x200122ee</run_address>
         <size>0x18</size>
         <input_file_ref idref="fl-23"/>
      </object_component>
      <object_component id="oc-8b2">
         <name>.text:I2CTxFIFOFlush</name>
         <load_address>0x20012306</load_address>
         <run_address>0x20012306</run_address>
         <size>0x18</size>
         <input_file_ref idref="fl-23"/>
      </object_component>
      <object_component id="oc-5d0">
         <name>.text:Power_getTransitionLatency</name>
         <load_address>0x20012320</load_address>
         <run_address>0x20012320</run_address>
         <size>0x18</size>
         <input_file_ref idref="fl-14"/>
      </object_component>
      <object_component id="oc-820">
         <name>.text:Power_idleFunc</name>
         <load_address>0x20012338</load_address>
         <run_address>0x20012338</run_address>
         <size>0x18</size>
         <input_file_ref idref="fl-14"/>
      </object_component>
      <object_component id="oc-a13">
         <name>.text:TimerIntDisable</name>
         <load_address>0x20012350</load_address>
         <run_address>0x20012350</run_address>
         <size>0x18</size>
         <input_file_ref idref="fl-27"/>
      </object_component>
      <object_component id="oc-738">
         <name>.text:TimerIntEnable</name>
         <load_address>0x20012368</load_address>
         <run_address>0x20012368</run_address>
         <size>0x18</size>
         <input_file_ref idref="fl-27"/>
      </object_component>
      <object_component id="oc-9f5">
         <name>.text:UARTBusy</name>
         <load_address>0x20012380</load_address>
         <run_address>0x20012380</run_address>
         <size>0x18</size>
         <input_file_ref idref="fl-28"/>
      </object_component>
      <object_component id="oc-a88">
         <name>.text:UARTIntEnable</name>
         <load_address>0x20012398</load_address>
         <run_address>0x20012398</run_address>
         <size>0x18</size>
         <input_file_ref idref="fl-28"/>
      </object_component>
      <object_component id="oc-35b">
         <name>.text:UART_Params_init</name>
         <load_address>0x200123b0</load_address>
         <run_address>0x200123b0</run_address>
         <size>0x18</size>
         <input_file_ref idref="fl-11"/>
      </object_component>
      <object_component id="oc-3b4">
         <name>.text:_outc</name>
         <load_address>0x200123c8</load_address>
         <run_address>0x200123c8</run_address>
         <size>0x18</size>
         <input_file_ref idref="fl-e0"/>
      </object_component>
      <object_component id="oc-249">
         <name>.text:gpioButtonFxn0</name>
         <load_address>0x200123e0</load_address>
         <run_address>0x200123e0</run_address>
         <size>0x18</size>
         <input_file_ref idref="fl-2"/>
      </object_component>
      <object_component id="oc-24f">
         <name>.text:gpioButtonFxn1</name>
         <load_address>0x200123f8</load_address>
         <run_address>0x200123f8</run_address>
         <size>0x18</size>
         <input_file_ref idref="fl-2"/>
      </object_component>
      <object_component id="oc-5ed">
         <name>.text</name>
         <load_address>0x20012410</load_address>
         <run_address>0x20012410</run_address>
         <size>0x18</size>
         <input_file_ref idref="fl-e4"/>
      </object_component>
      <object_component id="oc-3a0">
         <name>.text:timerCallback</name>
         <load_address>0x20012428</load_address>
         <run_address>0x20012428</run_address>
         <size>0x18</size>
         <input_file_ref idref="fl-2"/>
      </object_component>
      <object_component id="oc-899">
         <name>.text:I2CMasterBurstLengthSet</name>
         <load_address>0x20012440</load_address>
         <run_address>0x20012440</run_address>
         <size>0x16</size>
         <input_file_ref idref="fl-23"/>
      </object_component>
      <object_component id="oc-2b6">
         <name>.text:PRCMHIBRegRead</name>
         <load_address>0x20012456</load_address>
         <run_address>0x20012456</run_address>
         <size>0x16</size>
         <input_file_ref idref="fl-26"/>
      </object_component>
      <object_component id="oc-2b0">
         <name>.text:PRCMHIBRegWrite</name>
         <load_address>0x2001246c</load_address>
         <run_address>0x2001246c</run_address>
         <size>0x16</size>
         <input_file_ref idref="fl-26"/>
      </object_component>
      <object_component id="oc-438">
         <name>.text:SemaphoreP_create</name>
         <load_address>0x20012482</load_address>
         <run_address>0x20012482</run_address>
         <size>0x16</size>
         <input_file_ref idref="fl-1b"/>
      </object_component>
      <object_component id="oc-79f">
         <name>.text:strchr</name>
         <load_address>0x20012498</load_address>
         <run_address>0x20012498</run_address>
         <size>0x16</size>
         <input_file_ref idref="fl-ff"/>
      </object_component>
      <object_component id="oc-159">
         <name>.text:Board_init</name>
         <load_address>0x200124ae</load_address>
         <run_address>0x200124ae</run_address>
         <size>0x14</size>
         <input_file_ref idref="fl-3"/>
      </object_component>
      <object_component id="oc-a3">
         <name>.text:CPUcpsid</name>
         <load_address>0x200124c2</load_address>
         <run_address>0x200124c2</run_address>
         <size>0x14</size>
         <input_file_ref idref="fl-22"/>
      </object_component>
      <object_component id="oc-479">
         <name>.text:HwiP_inISR</name>
         <load_address>0x200124d8</load_address>
         <run_address>0x200124d8</run_address>
         <size>0x14</size>
         <input_file_ref idref="fl-1d"/>
      </object_component>
      <object_component id="oc-8c6">
         <name>.text:I2CSupport_masterFinish</name>
         <load_address>0x200124ec</load_address>
         <run_address>0x200124ec</run_address>
         <size>0x14</size>
         <input_file_ref idref="fl-13"/>
      </object_component>
      <object_component id="oc-37a">
         <name>.text:I2C_transfer</name>
         <load_address>0x20012500</load_address>
         <run_address>0x20012500</run_address>
         <size>0x14</size>
         <input_file_ref idref="fl-f"/>
      </object_component>
      <object_component id="oc-af">
         <name>.text:IntVTableBaseSet</name>
         <load_address>0x20012514</load_address>
         <run_address>0x20012514</run_address>
         <size>0x14</size>
         <input_file_ref idref="fl-24"/>
      </object_component>
      <object_component id="oc-47f">
         <name>.text:Power_disablePolicy</name>
         <load_address>0x20012528</load_address>
         <run_address>0x20012528</run_address>
         <size>0x14</size>
         <input_file_ref idref="fl-14"/>
      </object_component>
      <object_component id="oc-968">
         <name>.text:Power_getDependencyCount</name>
         <load_address>0x2001253c</load_address>
         <run_address>0x2001253c</run_address>
         <size>0x14</size>
         <input_file_ref idref="fl-14"/>
      </object_component>
      <object_component id="oc-22b">
         <name>.text:TickFct_SetTemp</name>
         <load_address>0x20012550</load_address>
         <run_address>0x20012550</run_address>
         <size>0x14</size>
         <input_file_ref idref="fl-2"/>
      </object_component>
      <object_component id="oc-a82">
         <name>.text:releasePowerConstraint</name>
         <load_address>0x20012564</load_address>
         <run_address>0x20012564</run_address>
         <size>0x14</size>
         <input_file_ref idref="fl-17"/>
[...]
      </symbol>
      <symbol id="sm-b36">
         <name>HwiP_disableInterrupt</name>
         <value>0x200126e5</value>
         <object_component_ref idref="oc-6bf"/>
      </symbol>
      <symbol id="sm-b66">
         <name>PowerCC32XX_initPolicy</name>
         <value>0x2000ef9b</value>
         <object_component_ref idref="oc-421"/>
      </symbol>
      <symbol id="sm-b67">
         <name>PowerCC32XX_sleepPolicy</name>
         <value>0x2000dcc9</value>
         <object_component_ref idref="oc-427"/>
      </symbol>
      <symbol id="sm-bb7">
         <name>resetISR</name>
         <value>0x2001228d</value>
         <object_component_ref idref="oc-21"/>
      </symbol>
      <symbol id="sm-bb8">
         <name>resetVectorAddr</name>
         <value>0x200122a0</value>
         <object_component_ref idref="oc-21"/>
      </symbol>
      <symbol id="sm-bb9">
         <name>initVectors</name>
         <value>0x20011a8d</value>
         <object_component_ref idref="oc-59"/>
      </symbol>
      <symbol id="sm-bba">
         <name>resetVectors</name>
         <value>0x20004000</value>
         <object_component_ref idref="oc-27"/>
      </symbol>
      <symbol id="sm-bea">
         <name>SwiP_disable</name>
         <value>0x20012205</value>
         <object_component_ref idref="oc-5be"/>
      </symbol>
      <symbol id="sm-beb">
         <name>SwiP_restore</name>
         <value>0x20011615</value>
         <object_component_ref idref="oc-5fe"/>
      </symbol>
      <symbol id="sm-bf6">
         <name>CPUcpsid</name>
         <value>0x200124c3</value>
         <object_component_ref idref="oc-a3"/>
      </symbol>
      <symbol id="sm-c63">
         <name>I2CRxFIFOFlush</name>
         <value>0x200122ef</value>
         <object_component_ref idref="oc-8b8"/>
      </symbol>
      <symbol id="sm-c64">
         <name>I2CTxFIFOFlush</name>
         <value>0x20012307</value>
         <object_component_ref idref="oc-8b2"/>
      </symbol>
      <symbol id="sm-c65">
         <name>I2CFIFODataPutNonBlocking</name>
         <value>0x20011ee7</value>
         <object_component_ref idref="oc-69e"/>
      </symbol>
      <symbol id="sm-c66">
         <name>I2CMasterBusBusy</name>
         <value>0x200122a7</value>
         <object_component_ref idref="oc-8be"/>
      </symbol>
      <symbol id="sm-c67">
         <name>I2CMasterIntDisableEx</name>
         <value>0x200122bf</value>
         <object_component_ref idref="oc-68c"/>
      </symbol>
      <symbol id="sm-c68">
         <name>I2CMasterBurstLengthSet</name>
         <value>0x20012441</value>
         <object_component_ref idref="oc-899"/>
      </symbol>
      <symbol id="sm-c69">
         <name>I2CMasterIntClearEx</name>
         <value>0x2001259f</value>
         <object_component_ref idref="oc-680"/>
      </symbol>
      <symbol id="sm-c6a">
         <name>I2CMasterSlaveAddrSet</name>
         <value>0x200120b1</value>
         <object_component_ref idref="oc-88d"/>
      </symbol>
      <symbol id="sm-c6b">
         <name>I2CMasterIntEnableEx</name>
         <value>0x200122d7</value>
         <object_component_ref idref="oc-89f"/>
      </symbol>
      <symbol id="sm-c6c">
         <name>I2CFIFOStatus</name>
         <value>0x20012669</value>
         <object_component_ref idref="oc-6a4"/>
      </symbol>
      <symbol id="sm-c6d">
         <name>I2CMasterIntStatusEx</name>
         <value>0x20012155</value>
         <object_component_ref idref="oc-67a"/>
      </symbol>
      <symbol id="sm-c6e">
         <name>I2CFIFODataGetNonBlocking</name>
         <value>0x20011f89</value>
         <object_component_ref idref="oc-885"/>
      </symbol>
      <symbol id="sm-cb3">
         <name>IntVTableBaseSet</name>
         <value>0x20012515</value>
         <object_component_ref idref="oc-af"/>
      </symbol>
      <symbol id="sm-cb4">
         <name>IntEnable</name>
         <value>0x2000f871</value>
         <object_component_ref idref="oc-b5"/>
      </symbol>
      <symbol id="sm-cb5">
         <name>IntMasterDisable</name>
         <value>0x20012795</value>
         <object_component_ref idref="oc-53"/>
      </symbol>
      <symbol id="sm-cb6">
         <name>IntPendSet</name>
         <value>0x2000ff21</value>
         <object_component_ref idref="oc-97e"/>
      </symbol>
      <symbol id="sm-cf0">
         <name>PinModeGet</name>
         <value>0x20011c79</value>
         <object_component_ref idref="oc-2ce"/>
      </symbol>
      <symbol id="sm-cf1">
         <name>PinConfigSet</name>
         <value>0x2000ffa9</value>
         <object_component_ref idref="oc-327"/>
      </symbol>
      <symbol id="sm-cf2">
         <name>PinModeSet</name>
         <value>0x200117a9</value>
         <object_component_ref idref="oc-2d4"/>
      </symbol>
      <symbol id="sm-cf3">
         <name>PinToPadGet</name>
         <value>0x200121e9</value>
         <object_component_ref idref="oc-94c"/>
      </symbol>
      <symbol id="sm-dbc">
         <name>PRCMLPDSRestoreInfoSet</name>
         <value>0x20011549</value>
         <object_component_ref idref="oc-960"/>
      </symbol>
      <symbol id="sm-dbd">
         <name>PRCMPeripheralReset</name>
         <value>0x20010d19</value>
         <object_component_ref idref="oc-2c2"/>
      </symbol>
      <symbol id="sm-dbe">
         <name>PRCMLPDSEnter</name>
         <value>0x20011359</value>
         <object_component_ref idref="oc-806"/>
      </symbol>
      <symbol id="sm-dbf">
         <name>PRCMPeripheralClkEnable</name>
         <value>0x200113a1</value>
         <object_component_ref idref="oc-2bc"/>
      </symbol>
      <symbol id="sm-dc0">
         <name>PRCMLPDSEnterKeepDebugIf</name>
         <value>0x20011a1d</value>
         <object_component_ref idref="oc-80c"/>
      </symbol>
      <symbol id="sm-dc1">
         <name>PRCMCC3200MCUInit</name>
         <value>0x2000ca91</value>
         <object_component_ref idref="oc-1db"/>
      </symbol>
      <symbol id="sm-dc2">
         <name>PRCMHIBRegWrite</name>
         <value>0x2001246d</value>
         <object_component_ref idref="oc-2b0"/>
      </symbol>
      <symbol id="sm-dc3">
         <name>PRCMSysResetCauseGet</name>
         <value>0x20010c01</value>
         <object_component_ref idref="oc-2a9"/>
      </symbol>
      <symbol id="sm-dc4">
         <name>PRCMPeripheralClkDisable</name>
         <value>0x20011f11</value>
         <object_component_ref idref="oc-2c8"/>
      </symbol>
      <symbol id="sm-dc5">
         <name>PRCMHIBRegRead</name>
         <value>0x20012457</value>
         <object_component_ref idref="oc-2b6"/>
      </symbol>
      <symbol id="sm-e0d">
         <name>TimerLoadSet</name>
         <value>0x20011e93</value>
         <object_component_ref idref="oc-719"/>
      </symbol>
      <symbol id="sm-e0e">
         <name>TimerDisable</name>
         <value>0x20012191</value>
         <object_component_ref idref="oc-70d"/>
      </symbol>
      <symbol id="sm-e0f">
         <name>TimerEnable</name>
         <value>0x200121af</value>
         <object_component_ref idref="oc-744"/>
      </symbol>
      <symbol id="sm-e10">
         <name>TimerIntDisable</name>
         <value>0x20012351</value>
         <object_component_ref idref="oc-a13"/>
      </symbol>
      <symbol id="sm-e11">
         <name>TimerPrescaleSet</name>
         <value>0x20011ebd</value>
         <object_component_ref idref="oc-713"/>
      </symbol>
      <symbol id="sm-e12">
         <name>TimerControlStall</name>
         <value>0x20011b6d</value>
         <object_component_ref idref="oc-71f"/>
      </symbol>
      <symbol id="sm-e13">
         <name>TimerIntEnable</name>
         <value>0x20012369</value>
         <object_component_ref idref="oc-738"/>
      </symbol>
      <symbol id="sm-e14">
         <name>TimerIntClear</name>
         <value>0x200125c3</value>
         <object_component_ref idref="oc-72f"/>
      </symbol>
      <symbol id="sm-e28">
         <name>UARTBusy</name>
         <value>0x20012381</value>
         <object_component_ref idref="oc-9f5"/>
      </symbol>
      <symbol id="sm-e29">
         <name>UARTIntEnable</name>
         <value>0x20012399</value>
         <object_component_ref idref="oc-a88"/>
      </symbol>
      <symbol id="sm-e2d">
         <name>UtilsDelay</name>
         <value>0x200127dd</value>
         <object_component_ref idref="oc-2af"/>
      </symbol>
      <symbol id="sm-e3d">
         <name>FlashDisable</name>
         <value>0x20011281</value>
         <object_component_ref idref="oc-976"/>
      </symbol>
      <symbol id="sm-e6c">
         <name>snprintf</name>
         <value>0x20011235</value>
         <object_component_ref idref="oc-219"/>
      </symbol>
      <symbol id="sm-e76">
         <name>__aeabi_fmul</name>
         <value>0x200104bf</value>
         <object_component_ref idref="oc-3d2"/>
      </symbol>
      <symbol id="sm-e80">
         <name>__aeabi_f2iz</name>
         <value>0x20011afd</value>
         <object_component_ref idref="oc-3d7"/>
      </symbol>
      <symbol id="sm-e8b">
         <name>__aeabi_i2f</name>
         <value>0x20011b35</value>
         <object_component_ref idref="oc-3cd"/>
      </symbol>
      <symbol id="sm-e94">
         <name>__aeabi_lmul</name>
         <value>0x20012411</value>
         <object_component_ref idref="oc-5ed"/>
      </symbol>
      <symbol id="sm-eaf">
         <name>memcpy</name>
         <value>0x2000fc41</value>
         <object_component_ref idref="oc-3b"/>
      </symbol>
      <symbol id="sm-eb0">
         <name>__aeabi_memcpy</name>
         <value>0x2000fc41</value>
         <object_component_ref idref="oc-3b"/>
      </symbol>
      <symbol id="sm-eb1">
         <name>__aeabi_memcpy8</name>
         <value>0x2000fc41</value>
         <object_component_ref idref="oc-3b"/>
      </symbol>
      <symbol id="sm-eb2">
         <name>__aeabi_memcpy4</name>
         <value>0x2000fc41</value>
         <object_component_ref idref="oc-3b"/>
      </symbol>
      <symbol id="sm-ebf">
         <name>__aeabi_uldivmod</name>
         <value>0x2000fcdd</value>
         <object_component_ref idref="oc-5e2"/>
      </symbol>
      <symbol id="sm-ed1">
         <name>__TI_zero_init</name>
         <value>0x2001275d</value>
         <object_component_ref idref="oc-4d"/>
      </symbol>
      <symbol id="sm-ee8">
         <name>__TI_decompress_none</name>
         <value>0x2001272b</value>
         <object_component_ref idref="oc-1a"/>
      </symbol>
      <symbol id="sm-f0b">
         <name>__TI_decompress_lzss</name>
         <value>0x200109a5</value>
         <object_component_ref idref="oc-14"/>
      </symbol>
      <symbol id="sm-f94">
         <name>_sys_memory</name>
         <value>0x20004040</value>
         <object_component_ref idref="oc-2a"/>
      </symbol>
      <symbol id="sm-f95">
         <name>free</name>
         <value>0x2000ef9d</value>
         <object_component_ref idref="oc-443"/>
      </symbol>
      <symbol id="sm-f96">
         <name>memalign</name>
         <value>0x2000ebb1</value>
         <object_component_ref idref="oc-64a"/>
      </symbol>
      <symbol id="sm-f97">
         <name>malloc</name>
         <value>0x200127b9</value>
         <object_component_ref idref="oc-49d"/>
      </symbol>
      <symbol id="sm-f98">
         <name>aligned_alloc</name>
         <value>0x2000ebb1</value>
         <object_component_ref idref="oc-64a"/>
      </symbol>
      <symbol id="sm-faa">
         <name>__stack</name>
         <value>0x20003000</value>
         <object_component_ref idref="oc-2d"/>
      </symbol>
      <symbol id="sm-fab">
         <name>_c_int00_noargs</name>
         <value>0x2001208d</value>
         <object_component_ref idref="oc-c5"/>
      </symbol>
      <symbol id="sm-1110">
         <name>__TI_printfi</name>
         <value>0x2000c041</value>
         <object_component_ref idref="oc-3a8"/>
      </symbol>
      <symbol id="sm-111a">
         <name>__aeabi_idiv0</name>
         <value>0x20011a1b</value>
         <object_component_ref idref="oc-7d7"/>
      </symbol>
      <symbol id="sm-111b">
         <name>__aeabi_ldiv0</name>
         <value>0x20011a1b</value>
         <object_component_ref idref="oc-7d7"/>
      </symbol>
      <symbol id="sm-1132">
         <name>__aeabi_dsub</name>
         <value>0x2000db11</value>
         <object_component_ref idref="oc-773"/>
      </symbol>
      <symbol id="sm-1133">
         <name>__aeabi_dadd</name>
         <value>0x2000db1b</value>
         <object_component_ref idref="oc-773"/>
      </symbol>
      <symbol id="sm-1155">
         <name>__aeabi_cdcmpeq</name>
         <value>0x20010031</value>
         <object_component_ref idref="oc-556"/>
      </symbol>
      <symbol id="sm-1156">
         <name>__aeabi_cdcmple</name>
         <value>0x20010031</value>
         <object_component_ref idref="oc-556"/>
      </symbol>
      <symbol id="sm-1157">
         <name>__aeabi_cdrcmple</name>
         <value>0x200100b7</value>
         <object_component_ref idref="oc-75e"/>
      </symbol>
      <symbol id="sm-116b">
         <name>__aeabi_ddiv</name>
         <value>0x2000e5f9</value>
         <object_component_ref idref="oc-759"/>
      </symbol>
      <symbol id="sm-1176">
         <name>__aeabi_dmul</name>
         <value>0x2000edad</value>
         <object_component_ref idref="oc-754"/>
      </symbol>
      <symbol id="sm-1180">
         <name>__aeabi_d2iz</name>
         <value>0x20011431</value>
         <object_component_ref idref="oc-763"/>
      </symbol>
      <symbol id="sm-118a">
         <name>__aeabi_i2d</name>
         <value>0x20011e0d</value>
         <object_component_ref idref="oc-76e"/>
      </symbol>
      <symbol id="sm-1199">
         <name>__aeabi_memset</name>
         <value>0x2001053b</value>
         <object_component_ref idref="oc-9d"/>
      </symbol>
      <symbol id="sm-119a">
         <name>memset</name>
         <value>0x20010541</value>
         <object_component_ref idref="oc-9d"/>
      </symbol>
      <symbol id="sm-119b">
         <name>__aeabi_memset8</name>
         <value>0x2001053b</value>
         <object_component_ref idref="oc-9d"/>
      </symbol>
      <symbol id="sm-119c">
         <name>__aeabi_memset4</name>
         <value>0x2001053b</value>
         <object_component_ref idref="oc-9d"/>
      </symbol>
      <symbol id="sm-119d">
         <name>__aeabi_memclr8</name>
         <value>0x20010539</value>
         <object_component_ref idref="oc-9d"/>
      </symbol>
      <symbol id="sm-119e">
         <name>__aeabi_memclr4</name>
         <value>0x20010539</value>
         <object_component_ref idref="oc-9d"/>
      </symbol>
      <symbol id="sm-119f">
         <name>__aeabi_memclr</name>
         <value>0x20010539</value>
         <object_component_ref idref="oc-9d"/>
      </symbol>
      <symbol id="sm-11c7">
         <name>__TI_auto_init_nobinit_nopinit</name>
         <value>0x200116e1</value>
         <object_component_ref idref="oc-178"/>
      </symbol>
      <symbol id="sm-11d1">
         <name>_system_pre_init</name>
         <value>0x200127f3</value>
         <object_component_ref idref="oc-119"/>
      </symbol>
      <symbol id="sm-11dd">
         <name>C$$EXIT</name>
         <value>0x200127f7</value>
         <object_component_ref idref="oc-16c"/>
      </symbol>
      <symbol id="sm-11de">
         <name>abort</name>
         <value>0x200127f7</value>
         <object_component_ref idref="oc-16c"/>
      </symbol>
      <symbol id="sm-11f3">
         <name>_nop</name>
         <value>0x200105b3</value>
         <object_component_ref idref="oc-3ee"/>
      </symbol>
      <symbol id="sm-11f4">
         <name>_lock</name>
         <value>0x20012e04</value>
         <object_component_ref idref="oc-261"/>
      </symbol>
      <symbol id="sm-11f5">
         <name>_unlock</name>
         <value>0x20012e08</value>
         <object_component_ref idref="oc-261"/>
      </symbol>
      <symbol id="sm-1204">
         <name>__TI_ltoa</name>
         <value>0x20010e1f</value>
         <object_component_ref idref="oc-768"/>
      </symbol>
      <symbol id="sm-121b">
         <name>atoi</name>
         <value>0x2001119d</value>
         <object_component_ref idref="oc-54a"/>
      </symbol>
      <symbol id="sm-1226">
         <name>_ctypes_</name>
         <value>0x2001338c</value>
         <object_component_ref idref="oc-74d"/>
      </symbol>
      <symbol id="sm-1236">
         <name>memccpy</name>
         <value>0x2001223d</value>
         <object_component_ref idref="oc-573"/>
      </symbol>
      <symbol id="sm-1246">
         <name>strchr</name>
         <value>0x20012499</value>
         <object_component_ref idref="oc-79f"/>
      </symbol>
      <symbol id="sm-1254">
         <name>strlen</name>
         <value>0x20012579</value>
         <object_component_ref idref="oc-544"/>
      </symbol>
      <symbol id="sm-126a">
         <name>__aeabi_errno_addr</name>
         <value>0x200127b1</value>
         <object_component_ref idref="oc-57f"/>
      </symbol>
      <symbol id="sm-126b">
         <name>errno</name>
         <value>0x20012e2c</value>
         <object_component_ref idref="oc-7af"/>
      </symbol>
      <symbol id="sm-1284">
         <name>wcslen</name>
         <value>0x200125e7</value>
         <object_component_ref idref="oc-579"/>
      </symbol>
      <symbol id="sm-12a4">
         <name>frexpl</name>
         <value>0x20010c61</value>
         <object_component_ref idref="oc-793"/>
      </symbol>
      <symbol id="sm-12a5">
         <name>frexp</name>
         <value>0x20010c61</value>
         <object_component_ref idref="oc-793"/>
      </symbol>
      <symbol id="sm-12c3">
         <name>scalbn</name>
         <value>0x2000f081</value>
         <object_component_ref idref="oc-799"/>
      </symbol>
      <symbol id="sm-12c4">
         <name>scalbnl</name>
         <value>0x2000f081</value>
         <object_component_ref idref="oc-799"/>
      </symbol>
      <symbol id="sm-12c5">
         <name>ldexpl</name>
         <value>0x2000f081</value>
         <object_component_ref idref="oc-799"/>
      </symbol>
      <symbol id="sm-12c6">
         <name>ldexp</name>
         <value>0x2000f081</value>
         <object_component_ref idref="oc-799"/>
      </symbol>
      <symbol id="sm-12d0">
         <name>copysign</name>
         <value>0x20012751</value>
         <object_component_ref idref="oc-916"/>
      </symbol>
      <symbol id="sm-12d1">
         <name>copysignl</name>
         <value>0x20012751</value>
         <object_component_ref idref="oc-916"/>
      </symbol>
      <symbol id="sm-12d2">
         <name>__TI_static_base__</name>
         <value>0x20013870</value>
      </symbol>
      <symbol id="sm-12d5">
         <name>ITM_flush</name>
         <value>0x0</value>
      </symbol>
      <symbol id="sm-12d6">
         <name>ITM_restore</name>
         <value>0x0</value>
      </symbol>
      <symbol id="sm-12d7">
         <name>__mpu_init</name>
         <value>0x0</value>
      </symbol>
      <symbol id="sm-12d8">
         <name>_system_post_cinit</name>
         <value>0x0</value>
      </symbol>
      <symbol id="sm-12d9">
         <name>NoRTOS_start</name>
         <value>0x200126f3</value>
      </symbol>
   </symbol_table>
   <title>Link successful</title>
</link_info>
